<html>
<body>
<pre>
<h1>µVision Build Log</h1>
<h2>Tool Versions:</h2>
IDE-Version: •ÏVision V5.40.0.0
Copyright (C) 2024 ARM Ltd and ARM Germany GmbH. All rights reserved.
License Information: noh sihyun, none, LIC=8MZI6-DWVT1-MSGYP-M6FWQ-YDSA0-KLKNB
 
Tool Versions:
Toolchain:       MDK-ARM Professional  Version: 5.40.0.3
Toolchain Path:  C:\Users\User\AppData\Local\Keil_v5\ARM\ARM_Compiler_5_06\Bin
C Compiler:      Armcc.exe V5.06 update 7 (build 960)
Assembler:       Armasm.exe V5.06 update 7 (build 960)
Linker/Locator:  ArmLink.exe V5.06 update 7 (build 960)
Library Manager: ArmAr.exe V5.06 update 7 (build 960)
Hex Converter:   FromElf.exe V5.06 update 7 (build 960)
CPU DLL:         SARMCM3.DLL V5.40.0.3
Dialog DLL:      DCM.DLL V1.17.5.0
Target DLL:      Segger\JL2CM3.dll V2.99.44.0
Dialog DLL:      TCM.DLL V1.56.4.0
 
<h2>Project:</h2>
C:\Users\User\Desktop\agmo\wetransfer_vcu-control-units_2025-12-18_0405\Keya_Vcu_F407VE\Keya_Vcu_F407VE\Keya_Vcu_F407VE\project.uvprojx
Project File Date:  03/01/2026

<h2>Output:</h2>
*** Using Compiler 'V5.06 update 7 (build 960)', folder: 'C:\Users\User\AppData\Local\Keil_v5\ARM\ARM_Compiler_5_06\Bin'
Build target 'Target 1'
compiling CAN.c...
hardware\IO_10_Out.h(10): warning:  #1-D: last line of file ends without a newline
  #endif
hardware\CAN.h(54): warning:  #1295-D: Deprecated declaration Init_CAN1 - give arg types
  void Init_CAN1();
hardware\CAN.c(153): warning:  #61-D: integer operation result is out of range
  	uint32_t id_1 = (0x18ff0200 << 3) | CAN_ID_EXT | CAN_RTR_Data;
hardware\CAN.c(153): warning:  #68-D: integer conversion resulted in a change of sign
  	uint32_t id_1 = (0x18ff0200 << 3) | CAN_ID_EXT | CAN_RTR_Data;
hardware\CAN.c(169): warning:  #61-D: integer operation result is out of range
  	uint32_t id_2 = (0x18ff0200 << 3) | CAN_ID_EXT | CAN_RTR_Data;
hardware\CAN.c(169): warning:  #68-D: integer conversion resulted in a change of sign
  	uint32_t id_2 = (0x18ff0200 << 3) | CAN_ID_EXT | CAN_RTR_Data;
hardware\CAN.c(184): warning:  #61-D: integer operation result is out of range
  	uint32_t id_3 = (0x18ff0021 << 3) | CAN_ID_EXT | CAN_RTR_Data;
hardware\CAN.c(184): warning:  #68-D: integer conversion resulted in a change of sign
  	uint32_t id_3 = (0x18ff0021 << 3) | CAN_ID_EXT | CAN_RTR_Data;
hardware\CAN.c(200): warning:  #61-D: integer operation result is out of range
  	uint32_t id_4 = (0x18ff0031 << 3) | CAN_ID_EXT | CAN_RTR_Data;
hardware\CAN.c(200): warning:  #68-D: integer conversion resulted in a change of sign
  	uint32_t id_4 = (0x18ff0031 << 3) | CAN_ID_EXT | CAN_RTR_Data;
hardware\CAN.c(356): warning:  #186-D: pointless comparison of unsigned integer with zero
    } else if (speed >= 0 && speed <= 127) {
hardware\CAN.c(564): warning:  #940-D: missing return statement at end of non-void function "bsp_motor1_thread" 
  }
hardware\CAN.c(637): warning:  #940-D: missing return statement at end of non-void function "SendCanDataPage" 
  }
hardware\CAN.c(1108): warning:  #940-D: missing return statement at end of non-void function "bsp_Sbus_thread" 
  }
hardware\CAN.c(878): warning:  #550-D: variable "speed_0"  was set but never used
  static int speed_0 = 0;
hardware\CAN.c(879): warning:  #550-D: variable "speed_1"  was set but never used
  static int speed_1 = 0;
hardware\CAN.c: 16 warnings, 0 errors
linking...
Program Size: Code=22008 RO-data=796 RW-data=300 ZI-data=11180  
FromELF: creating hex file...
After Build - User command #1: fromelf --bin --output ./Objects/project.bin ./Objects/project.axf
".\Objects\project.axf" - 0 Error(s), 16 Warning(s).

<h2>Software Packages used:</h2>

Package Vendor: Keil
                https://www.keil.com/pack/Keil.STM32F4xx_DFP.3.1.1.pack
                Keil::STM32F4xx_DFP@3.1.1
                STMicroelectronics STM32F4 Series Device Support

<h2>Collection of Component include folders:</h2>

<h2>Collection of Component Files used:</h2>
Build Time Elapsed:  00:00:05
</pre>
</body>
</html>
