<html>
<body>
<pre>
<h1>µVision Build Log</h1>
<h2>Tool Versions:</h2>
IDE-Version: •ÏVision V5.40.0.0
Copyright (C) 2024 ARM Ltd and ARM Germany GmbH. All rights reserved.
License Information: noh sihyun, none, LIC=8MZI6-DWVT1-MSGYP-M6FWQ-YDSA0-KLKNB
 
Tool Versions:
Toolchain:       MDK-ARM Professional  Version: 5.40.0.3
Toolchain Path:  C:\Users\User\AppData\Local\Keil_v5\ARM\ARM_Compiler_5_06\Bin
C Compiler:      Armcc.exe V5.06 update 7 (build 960)
Assembler:       Armasm.exe V5.06 update 7 (build 960)
Linker/Locator:  ArmLink.exe V5.06 update 7 (build 960)
Library Manager: ArmAr.exe V5.06 update 7 (build 960)
Hex Converter:   FromElf.exe V5.06 update 7 (build 960)
CPU DLL:         SARMCM3.DLL V5.40.0.3
Dialog DLL:      DCM.DLL V1.17.5.0
Target DLL:      Segger\JL2CM3.dll V2.99.44.0
Dialog DLL:      TCM.DLL V1.56.4.0
 
<h2>Project:</h2>
C:\Users\User\Desktop\agmo\wetransfer_vcu-control-units_2025-12-18_0405\Keya_Vcu_F407VE\Keya_Vcu_F407VE\Keya_Vcu_F407VE\project.uvprojx
Project File Date:  03/01/2026

<h2>Output:</h2>
*** Using Compiler 'V5.06 update 7 (build 960)', folder: 'C:\Users\User\AppData\Local\Keil_v5\ARM\ARM_Compiler_5_06\Bin'
Build target 'Target 1'
compiling vcu_gateway.c...
user\vcu_gateway.c(366): warning:  #177-D: variable "cmd"  was declared but never referenced
    uint8_t cmd[8] = { 0 };
user\vcu_gateway.c(201): warning:  #177-D: function "make_can_payload_from_sbus"  was declared but never referenced
  static void make_can_payload_from_sbus(int16_t sbus_data, uint8_t data[8]) {
user\vcu_gateway.c(244): warning:  #177-D: function "decode_upper_cmd"  was declared but never referenced
  static bool decode_upper_cmd(const can_frame_t* rx, upper_intent_t* out) {
user\vcu_gateway.c(274): warning:  #177-D: function "decode_upper_rpm_cmd"  was declared but never referenced
  static bool decode_upper_rpm_cmd(const can_frame_t* rx, upper_intent_rpm_t* out) {
user\vcu_gateway.c: 4 warnings, 0 errors
linking...
Program Size: Code=21800 RO-data=796 RW-data=300 ZI-data=11196  
FromELF: creating hex file...
After Build - User command #1: fromelf --bin --output ./Objects/project.bin ./Objects/project.axf
".\Objects\project.axf" - 0 Error(s), 4 Warning(s).

<h2>Software Packages used:</h2>

Package Vendor: Keil
                https://www.keil.com/pack/Keil.STM32F4xx_DFP.3.1.1.pack
                Keil::STM32F4xx_DFP@3.1.1
                STMicroelectronics STM32F4 Series Device Support

<h2>Collection of Component include folders:</h2>

<h2>Collection of Component Files used:</h2>
Build Time Elapsed:  00:00:04
</pre>
</body>
</html>
