Component: ARM Compiler 5.06 update 7 (build 960) Tool: armlink [4d3601]

==============================================================================

Section Cross References

    startup_stm32f40_41xxx.o(RESET) refers to startup_stm32f40_41xxx.o(STACK) for __initial_sp
    startup_stm32f40_41xxx.o(RESET) refers to startup_stm32f40_41xxx.o(.text) for Reset_Handler
    startup_stm32f40_41xxx.o(RESET) refers to stm32f4xx_it.o(i.NMI_Handler) for NMI_Handler
    startup_stm32f40_41xxx.o(RESET) refers to context_rvds.o(.text) for HardFault_Handler
    startup_stm32f40_41xxx.o(RESET) refers to stm32f4xx_it.o(i.MemManage_Handler) for MemManage_Handler
    startup_stm32f40_41xxx.o(RESET) refers to stm32f4xx_it.o(i.BusFault_Handler) for BusFault_Handler
    startup_stm32f40_41xxx.o(RESET) refers to stm32f4xx_it.o(i.UsageFault_Handler) for UsageFault_Handler
    startup_stm32f40_41xxx.o(RESET) refers to stm32f4xx_it.o(i.SVC_Handler) for SVC_Handler
    startup_stm32f40_41xxx.o(RESET) refers to stm32f4xx_it.o(i.DebugMon_Handler) for DebugMon_Handler
    startup_stm32f40_41xxx.o(RESET) refers to board.o(i.SysTick_Handler) for SysTick_Handler
    startup_stm32f40_41xxx.o(RESET) refers to stm32f4xx_it.o(i.CAN1_RX0_IRQHandler) for CAN1_RX0_IRQHandler
    startup_stm32f40_41xxx.o(RESET) refers to pwm.o(i.TIM1_TRG_COM_TIM11_IRQHandler) for TIM1_TRG_COM_TIM11_IRQHandler
    startup_stm32f40_41xxx.o(RESET) refers to 232_1_modbus.o(i.USART1_IRQHandler) for USART1_IRQHandler
    startup_stm32f40_41xxx.o(RESET) refers to 232_2.o(i.USART2_IRQHandler) for USART2_IRQHandler
    startup_stm32f40_41xxx.o(RESET) refers to 485_3.o(i.USART3_IRQHandler) for USART3_IRQHandler
    startup_stm32f40_41xxx.o(RESET) refers to 485_4.o(i.UART4_IRQHandler) for UART4_IRQHandler
    startup_stm32f40_41xxx.o(RESET) refers to ec800_usart.o(i.UART5_IRQHandler) for UART5_IRQHandler
    startup_stm32f40_41xxx.o(RESET) refers to stm32f4xx_it.o(i.CAN2_RX0_IRQHandler) for CAN2_RX0_IRQHandler
    startup_stm32f40_41xxx.o(RESET) refers to stm32f4xx_it.o(i.USART6_IRQHandler) for USART6_IRQHandler
    startup_stm32f40_41xxx.o(.text) refers to system_stm32f4xx.o(i.SystemInit) for SystemInit
    startup_stm32f40_41xxx.o(.text) refers to entry.o(.ARM.Collect$$$$00000000) for __main
    system_stm32f4xx.o(i.SystemCoreClockUpdate) refers to system_stm32f4xx.o(.data) for .data
    system_stm32f4xx.o(i.SystemInit) refers to system_stm32f4xx.o(i.SetSysClock) for SetSysClock
    stm32f4xx_adc.o(i.ADC_DeInit) refers to stm32f4xx_rcc.o(i.RCC_APB2PeriphResetCmd) for RCC_APB2PeriphResetCmd
    stm32f4xx_can.o(i.CAN_DeInit) refers to stm32f4xx_rcc.o(i.RCC_APB1PeriphResetCmd) for RCC_APB1PeriphResetCmd
    stm32f4xx_can.o(i.CAN_GetITStatus) refers to stm32f4xx_can.o(i.CheckITStatus) for CheckITStatus
    stm32f4xx_cryp.o(i.CRYP_DeInit) refers to stm32f4xx_rcc.o(i.RCC_AHB2PeriphResetCmd) for RCC_AHB2PeriphResetCmd
    stm32f4xx_cryp_aes.o(i.CRYP_AES_CBC) refers to stm32f4xx_cryp.o(i.CRYP_KeyStructInit) for CRYP_KeyStructInit
    stm32f4xx_cryp_aes.o(i.CRYP_AES_CBC) refers to stm32f4xx_cryp.o(i.CRYP_KeyInit) for CRYP_KeyInit
    stm32f4xx_cryp_aes.o(i.CRYP_AES_CBC) refers to stm32f4xx_cryp.o(i.CRYP_Init) for CRYP_Init
    stm32f4xx_cryp_aes.o(i.CRYP_AES_CBC) refers to stm32f4xx_cryp.o(i.CRYP_IVInit) for CRYP_IVInit
    stm32f4xx_cryp_aes.o(i.CRYP_AES_CBC) refers to stm32f4xx_cryp.o(i.CRYP_FIFOFlush) for CRYP_FIFOFlush
    stm32f4xx_cryp_aes.o(i.CRYP_AES_CBC) refers to stm32f4xx_cryp.o(i.CRYP_Cmd) for CRYP_Cmd
    stm32f4xx_cryp_aes.o(i.CRYP_AES_CBC) refers to stm32f4xx_cryp.o(i.CRYP_GetCmdStatus) for CRYP_GetCmdStatus
    stm32f4xx_cryp_aes.o(i.CRYP_AES_CBC) refers to stm32f4xx_cryp.o(i.CRYP_GetFlagStatus) for CRYP_GetFlagStatus
    stm32f4xx_cryp_aes.o(i.CRYP_AES_CBC) refers to stm32f4xx_cryp.o(i.CRYP_DataIn) for CRYP_DataIn
    stm32f4xx_cryp_aes.o(i.CRYP_AES_CBC) refers to stm32f4xx_cryp.o(i.CRYP_DataOut) for CRYP_DataOut
    stm32f4xx_cryp_aes.o(i.CRYP_AES_CCM) refers to stm32f4xx_cryp.o(i.CRYP_KeyStructInit) for CRYP_KeyStructInit
    stm32f4xx_cryp_aes.o(i.CRYP_AES_CCM) refers to stm32f4xx_cryp.o(i.CRYP_FIFOFlush) for CRYP_FIFOFlush
    stm32f4xx_cryp_aes.o(i.CRYP_AES_CCM) refers to stm32f4xx_cryp.o(i.CRYP_KeyInit) for CRYP_KeyInit
    stm32f4xx_cryp_aes.o(i.CRYP_AES_CCM) refers to stm32f4xx_cryp.o(i.CRYP_IVInit) for CRYP_IVInit
    stm32f4xx_cryp_aes.o(i.CRYP_AES_CCM) refers to stm32f4xx_cryp.o(i.CRYP_Init) for CRYP_Init
    stm32f4xx_cryp_aes.o(i.CRYP_AES_CCM) refers to stm32f4xx_cryp.o(i.CRYP_PhaseConfig) for CRYP_PhaseConfig
    stm32f4xx_cryp_aes.o(i.CRYP_AES_CCM) refers to stm32f4xx_cryp.o(i.CRYP_DataIn) for CRYP_DataIn
    stm32f4xx_cryp_aes.o(i.CRYP_AES_CCM) refers to stm32f4xx_cryp.o(i.CRYP_Cmd) for CRYP_Cmd
    stm32f4xx_cryp_aes.o(i.CRYP_AES_CCM) refers to stm32f4xx_cryp.o(i.CRYP_GetCmdStatus) for CRYP_GetCmdStatus
    stm32f4xx_cryp_aes.o(i.CRYP_AES_CCM) refers to stm32f4xx_cryp.o(i.CRYP_GetFlagStatus) for CRYP_GetFlagStatus
[...]
    _main_init                               0x08000191   Thumb Code     0  entry9a.o(.ARM.Collect$$$$0000000B)
    __rt_lib_shutdown_fini                   0x08000199   Thumb Code     0  entry12b.o(.ARM.Collect$$$$0000000E)
    __rt_final_cpp                           0x0800019d   Thumb Code     0  entry10a.o(.ARM.Collect$$$$0000000F)
    __rt_final_exit                          0x0800019d   Thumb Code     0  entry11a.o(.ARM.Collect$$$$00000011)
    Reset_Handler                            0x080001a1   Thumb Code     8  startup_stm32f40_41xxx.o(.text)
    ADC_IRQHandler                           0x080001bb   Thumb Code     0  startup_stm32f40_41xxx.o(.text)
    CAN1_RX1_IRQHandler                      0x080001bb   Thumb Code     0  startup_stm32f40_41xxx.o(.text)
    CAN1_SCE_IRQHandler                      0x080001bb   Thumb Code     0  startup_stm32f40_41xxx.o(.text)
    CAN1_TX_IRQHandler                       0x080001bb   Thumb Code     0  startup_stm32f40_41xxx.o(.text)
    CAN2_RX1_IRQHandler                      0x080001bb   Thumb Code     0  startup_stm32f40_41xxx.o(.text)
    CAN2_SCE_IRQHandler                      0x080001bb   Thumb Code     0  startup_stm32f40_41xxx.o(.text)
    CAN2_TX_IRQHandler                       0x080001bb   Thumb Code     0  startup_stm32f40_41xxx.o(.text)
    CRYP_IRQHandler                          0x080001bb   Thumb Code     0  startup_stm32f40_41xxx.o(.text)
    DCMI_IRQHandler                          0x080001bb   Thumb Code     0  startup_stm32f40_41xxx.o(.text)
    DMA1_Stream0_IRQHandler                  0x080001bb   Thumb Code     0  startup_stm32f40_41xxx.o(.text)
    DMA1_Stream1_IRQHandler                  0x080001bb   Thumb Code     0  startup_stm32f40_41xxx.o(.text)
    DMA1_Stream2_IRQHandler                  0x080001bb   Thumb Code     0  startup_stm32f40_41xxx.o(.text)
    DMA1_Stream3_IRQHandler                  0x080001bb   Thumb Code     0  startup_stm32f40_41xxx.o(.text)
    DMA1_Stream4_IRQHandler                  0x080001bb   Thumb Code     0  startup_stm32f40_41xxx.o(.text)
    DMA1_Stream5_IRQHandler                  0x080001bb   Thumb Code     0  startup_stm32f40_41xxx.o(.text)
    DMA1_Stream6_IRQHandler                  0x080001bb   Thumb Code     0  startup_stm32f40_41xxx.o(.text)
    DMA1_Stream7_IRQHandler                  0x080001bb   Thumb Code     0  startup_stm32f40_41xxx.o(.text)
    DMA2_Stream0_IRQHandler                  0x080001bb   Thumb Code     0  startup_stm32f40_41xxx.o(.text)
    DMA2_Stream1_IRQHandler                  0x080001bb   Thumb Code     0  startup_stm32f40_41xxx.o(.text)
    DMA2_Stream2_IRQHandler                  0x080001bb   Thumb Code     0  startup_stm32f40_41xxx.o(.text)
    DMA2_Stream3_IRQHandler                  0x080001bb   Thumb Code     0  startup_stm32f40_41xxx.o(.text)
    DMA2_Stream4_IRQHandler                  0x080001bb   Thumb Code     0  startup_stm32f40_41xxx.o(.text)
    DMA2_Stream5_IRQHandler                  0x080001bb   Thumb Code     0  startup_stm32f40_41xxx.o(.text)
    DMA2_Stream6_IRQHandler                  0x080001bb   Thumb Code     0  startup_stm32f40_41xxx.o(.text)
    DMA2_Stream7_IRQHandler                  0x080001bb   Thumb Code     0  startup_stm32f40_41xxx.o(.text)
    ETH_IRQHandler                           0x080001bb   Thumb Code     0  startup_stm32f40_41xxx.o(.text)
    ETH_WKUP_IRQHandler                      0x080001bb   Thumb Code     0  startup_stm32f40_41xxx.o(.text)
    EXTI0_IRQHandler                         0x080001bb   Thumb Code     0  startup_stm32f40_41xxx.o(.text)
    EXTI15_10_IRQHandler                     0x080001bb   Thumb Code     0  startup_stm32f40_41xxx.o(.text)
    EXTI1_IRQHandler                         0x080001bb   Thumb Code     0  startup_stm32f40_41xxx.o(.text)
    EXTI2_IRQHandler                         0x080001bb   Thumb Code     0  startup_stm32f40_41xxx.o(.text)
    EXTI3_IRQHandler                         0x080001bb   Thumb Code     0  startup_stm32f40_41xxx.o(.text)
    EXTI4_IRQHandler                         0x080001bb   Thumb Code     0  startup_stm32f40_41xxx.o(.text)
    EXTI9_5_IRQHandler                       0x080001bb   Thumb Code     0  startup_stm32f40_41xxx.o(.text)
    FLASH_IRQHandler                         0x080001bb   Thumb Code     0  startup_stm32f40_41xxx.o(.text)
    FPU_IRQHandler                           0x080001bb   Thumb Code     0  startup_stm32f40_41xxx.o(.text)
    FSMC_IRQHandler                          0x080001bb   Thumb Code     0  startup_stm32f40_41xxx.o(.text)
    HASH_RNG_IRQHandler                      0x080001bb   Thumb Code     0  startup_stm32f40_41xxx.o(.text)
    I2C1_ER_IRQHandler                       0x080001bb   Thumb Code     0  startup_stm32f40_41xxx.o(.text)
    I2C1_EV_IRQHandler                       0x080001bb   Thumb Code     0  startup_stm32f40_41xxx.o(.text)
    I2C2_ER_IRQHandler                       0x080001bb   Thumb Code     0  startup_stm32f40_41xxx.o(.text)
    I2C2_EV_IRQHandler                       0x080001bb   Thumb Code     0  startup_stm32f40_41xxx.o(.text)
    I2C3_ER_IRQHandler                       0x080001bb   Thumb Code     0  startup_stm32f40_41xxx.o(.text)
    I2C3_EV_IRQHandler                       0x080001bb   Thumb Code     0  startup_stm32f40_41xxx.o(.text)
    OTG_FS_IRQHandler                        0x080001bb   Thumb Code     0  startup_stm32f40_41xxx.o(.text)
    OTG_FS_WKUP_IRQHandler                   0x080001bb   Thumb Code     0  startup_stm32f40_41xxx.o(.text)
    OTG_HS_EP1_IN_IRQHandler                 0x080001bb   Thumb Code     0  startup_stm32f40_41xxx.o(.text)
    OTG_HS_EP1_OUT_IRQHandler                0x080001bb   Thumb Code     0  startup_stm32f40_41xxx.o(.text)
    OTG_HS_IRQHandler                        0x080001bb   Thumb Code     0  startup_stm32f40_41xxx.o(.text)
    OTG_HS_WKUP_IRQHandler                   0x080001bb   Thumb Code     0  startup_stm32f40_41xxx.o(.text)
    PVD_IRQHandler                           0x080001bb   Thumb Code     0  startup_stm32f40_41xxx.o(.text)
    RCC_IRQHandler                           0x080001bb   Thumb Code     0  startup_stm32f40_41xxx.o(.text)
    RTC_Alarm_IRQHandler                     0x080001bb   Thumb Code     0  startup_stm32f40_41xxx.o(.text)
    RTC_WKUP_IRQHandler                      0x080001bb   Thumb Code     0  startup_stm32f40_41xxx.o(.text)
    SDIO_IRQHandler                          0x080001bb   Thumb Code     0  startup_stm32f40_41xxx.o(.text)
    SPI1_IRQHandler                          0x080001bb   Thumb Code     0  startup_stm32f40_41xxx.o(.text)
    SPI2_IRQHandler                          0x080001bb   Thumb Code     0  startup_stm32f40_41xxx.o(.text)
    SPI3_IRQHandler                          0x080001bb   Thumb Code     0  startup_stm32f40_41xxx.o(.text)
    TAMP_STAMP_IRQHandler                    0x080001bb   Thumb Code     0  startup_stm32f40_41xxx.o(.text)
    TIM1_BRK_TIM9_IRQHandler                 0x080001bb   Thumb Code     0  startup_stm32f40_41xxx.o(.text)
    TIM1_CC_IRQHandler                       0x080001bb   Thumb Code     0  startup_stm32f40_41xxx.o(.text)
    TIM1_UP_TIM10_IRQHandler                 0x080001bb   Thumb Code     0  startup_stm32f40_41xxx.o(.text)
    TIM2_IRQHandler                          0x080001bb   Thumb Code     0  startup_stm32f40_41xxx.o(.text)
    TIM3_IRQHandler                          0x080001bb   Thumb Code     0  startup_stm32f40_41xxx.o(.text)
    TIM4_IRQHandler                          0x080001bb   Thumb Code     0  startup_stm32f40_41xxx.o(.text)
    TIM5_IRQHandler                          0x080001bb   Thumb Code     0  startup_stm32f40_41xxx.o(.text)
    TIM6_DAC_IRQHandler                      0x080001bb   Thumb Code     0  startup_stm32f40_41xxx.o(.text)
    TIM7_IRQHandler                          0x080001bb   Thumb Code     0  startup_stm32f40_41xxx.o(.text)
    TIM8_BRK_TIM12_IRQHandler                0x080001bb   Thumb Code     0  startup_stm32f40_41xxx.o(.text)
    TIM8_CC_IRQHandler                       0x080001bb   Thumb Code     0  startup_stm32f40_41xxx.o(.text)
    TIM8_TRG_COM_TIM14_IRQHandler            0x080001bb   Thumb Code     0  startup_stm32f40_41xxx.o(.text)
    TIM8_UP_TIM13_IRQHandler                 0x080001bb   Thumb Code     0  startup_stm32f40_41xxx.o(.text)
    WWDG_IRQHandler                          0x080001bb   Thumb Code     0  startup_stm32f40_41xxx.o(.text)
    rt_hw_interrupt_disable                  0x080001c5   Thumb Code     8  context_rvds.o(.text)
    rt_hw_interrupt_enable                   0x080001cd   Thumb Code     6  context_rvds.o(.text)
    rt_hw_context_switch                     0x080001d3   Thumb Code    32  context_rvds.o(.text)
    rt_hw_context_switch_interrupt           0x080001d3   Thumb Code     0  context_rvds.o(.text)
    PendSV_Handler                           0x080001f3   Thumb Code   108  context_rvds.o(.text)
    rt_hw_context_switch_to                  0x0800025f   Thumb Code    70  context_rvds.o(.text)
    rt_hw_interrupt_thread_switch            0x080002a5   Thumb Code     2  context_rvds.o(.text)
    HardFault_Handler                        0x080002a7   Thumb Code    20  context_rvds.o(.text)
    __aeabi_memcpy                           0x080002d5   Thumb Code    36  memcpya.o(.text)
    __aeabi_memcpy4                          0x080002d5   Thumb Code     0  memcpya.o(.text)
    __aeabi_memcpy8                          0x080002d5   Thumb Code     0  memcpya.o(.text)
    __aeabi_memset                           0x080002f9   Thumb Code    14  memseta.o(.text)
    __aeabi_memset4                          0x080002f9   Thumb Code     0  memseta.o(.text)
    __aeabi_memset8                          0x080002f9   Thumb Code     0  memseta.o(.text)
    __aeabi_memclr                           0x08000307   Thumb Code     4  memseta.o(.text)
    __aeabi_memclr4                          0x08000307   Thumb Code     0  memseta.o(.text)
    __aeabi_memclr8                          0x08000307   Thumb Code     0  memseta.o(.text)
    _memset$wrapper                          0x0800030b   Thumb Code    18  memseta.o(.text)
    __aeabi_dadd                             0x0800031d   Thumb Code   322  dadd.o(.text)
    __aeabi_dsub                             0x0800045f   Thumb Code     6  dadd.o(.text)
    __aeabi_drsub                            0x08000465   Thumb Code     6  dadd.o(.text)
    __aeabi_dmul                             0x0800046b   Thumb Code   228  dmul.o(.text)
    __aeabi_ddiv                             0x0800054f   Thumb Code   222  ddiv.o(.text)
    __aeabi_i2d                              0x0800062d   Thumb Code    34  dflti.o(.text)
    __aeabi_f2d                              0x0800064f   Thumb Code    38  f2d.o(.text)
    __aeabi_d2f                              0x08000675   Thumb Code    56  d2f.o(.text)
    __aeabi_uidiv                            0x080006ad   Thumb Code     0  uidiv.o(.text)
    __aeabi_uidivmod                         0x080006ad   Thumb Code    44  uidiv.o(.text)
    __aeabi_uldivmod                         0x080006d9   Thumb Code    98  uldiv.o(.text)
    __aeabi_llsl                             0x0800073b   Thumb Code    30  llshl.o(.text)
    _ll_shift_l                              0x0800073b   Thumb Code     0  llshl.o(.text)
    __aeabi_llsr                             0x08000759   Thumb Code    32  llushr.o(.text)
    _ll_ushift_r                             0x08000759   Thumb Code     0  llushr.o(.text)
    __aeabi_lasr                             0x08000779   Thumb Code    36  llsshr.o(.text)
    _ll_sshift_r                             0x08000779   Thumb Code     0  llsshr.o(.text)
    __I$use$fp                               0x0800079d   Thumb Code     0  iusefp.o(.text)
    _float_round                             0x0800079d   Thumb Code    18  fepilogue.o(.text)
    _float_epilogue                          0x080007af   Thumb Code    92  fepilogue.o(.text)
    _double_round                            0x0800080b   Thumb Code    30  depilogue.o(.text)
    _double_epilogue                         0x08000829   Thumb Code   156  depilogue.o(.text)
    _dsqrt                                   0x080008c5   Thumb Code   162  dsqrt.o(.text)
    __aeabi_d2ulz                            0x08000967   Thumb Code    48  dfixul.o(.text)
    __aeabi_cdrcmple                         0x08000999   Thumb Code    48  cdrcmple.o(.text)
    __fp_status                              0x080009c9   Thumb Code     4  fpstat.o(.text)
    __ieee_status                            0x080009c9   Thumb Code     0  fpstat.o(.text)
    __scatterload                            0x080009cd   Thumb Code    28  init.o(.text)
    __scatterload_rt2                        0x080009cd   Thumb Code     0  init.o(.text)
    __I$use$semihosting$fputc                0x080009f1   Thumb Code     0  iusesemip.o(.text)
    __decompress                             0x080009f1   Thumb Code     0  __dczerorl2.o(.text)
    __decompress1                            0x080009f1   Thumb Code    86  __dczerorl2.o(.text)
    __semihosting_library_function           0x080009f1   Thumb Code     0  semi.o(.text)
    main                                     0x08000a47   Thumb Code    14  components.o(i.$Sub$$main)
    ADC_Cmd                                  0x08000a55   Thumb Code    24  stm32f4xx_adc.o(i.ADC_Cmd)
    ADC_CommonInit                           0x08000a6d   Thumb Code    30  stm32f4xx_adc.o(i.ADC_CommonInit)
    ADC_DMACmd                               0x08000a95   Thumb Code    24  stm32f4xx_adc.o(i.ADC_DMACmd)
    ADC_DMARequestAfterLastTransferCmd       0x08000aad   Thumb Code    24  stm32f4xx_adc.o(i.ADC_DMARequestAfterLastTransferCmd)
    ADC_Init                                 0x08000ac5   Thumb Code    66  stm32f4xx_adc.o(i.ADC_Init)
    ADC_RegularChannelConfig                 0x08000b11   Thumb Code   116  stm32f4xx_adc.o(i.ADC_RegularChannelConfig)
    ADC_SoftwareStartConv                    0x08000b85   Thumb Code    10  stm32f4xx_adc.o(i.ADC_SoftwareStartConv)
    A_CAN1_RX0_IRQHandler                    0x08000b91   Thumb Code    52  can_agmo.o(i.A_CAN1_RX0_IRQHandler)
    A_SBUS_USART6_IRQHandler                 0x08000bcd   Thumb Code    96  sbus_agmo.o(i.A_SBUS_USART6_IRQHandler)
    BSP_USART6_Config                        0x08000c39   Thumb Code   158  sbus_uart.o(i.BSP_USART6_Config)
    BusFault_Handler                         0x08000ce5   Thumb Code     2  stm32f4xx_it.o(i.BusFault_Handler)
    CAN1_RX0_IRQHandler                      0x08000ce9   Thumb Code     6  stm32f4xx_it.o(i.CAN1_RX0_IRQHandler)
    CAN2_RX0_IRQHandler                      0x08000cf5   Thumb Code    70  stm32f4xx_it.o(i.CAN2_RX0_IRQHandler)
    CAN_ClearITPendingBit                    0x08000d61   Thumb Code   132  stm32f4xx_can.o(i.CAN_ClearITPendingBit)
    CAN_DeInit                               0x08000de9   Thumb Code    52  stm32f4xx_can.o(i.CAN_DeInit)
    CAN_FilterInit                           0x08000e21   Thumb Code   202  stm32f4xx_can.o(i.CAN_FilterInit)
    CAN_GetITStatus                          0x08000ef5   Thumb Code   200  stm32f4xx_can.o(i.CAN_GetITStatus)
    CAN_ITConfig                             0x08000fc1   Thumb Code    20  stm32f4xx_can.o(i.CAN_ITConfig)
    CAN_Init                                 0x08000fd5   Thumb Code   260  stm32f4xx_can.o(i.CAN_Init)
    CAN_Receive                              0x080010d9   Thumb Code   130  stm32f4xx_can.o(i.CAN_Receive)
    CAN_StructInit                           0x0800115b   Thumb Code    32  stm32f4xx_can.o(i.CAN_StructInit)
    CAN_Transmit                             0x0800117b   Thumb Code   182  stm32f4xx_can.o(i.CAN_Transmit)
    CAN_TransmitStatus                       0x08001231   Thumb Code   116  stm32f4xx_can.o(i.CAN_TransmitStatus)
    DAC_Cmd                                  0x080012c5   Thumb Code    26  stm32f4xx_dac.o(i.DAC_Cmd)
    DAC_DMACmd                               0x08001375   Thumb Code    26  stm32f4xx_dac.o(i.DAC_DMACmd)
    DAC_Init                                 0x080013fd   Thumb Code    36  stm32f4xx_dac.o(i.DAC_Init)
    DAC_Mode_Init                            0x08001425   Thumb Code    42  dac.o(i.DAC_Mode_Init)
    DMA_Cmd                                  0x08001493   Thumb Code    24  stm32f4xx_dma.o(i.DMA_Cmd)
    DMA_Init                                 0x080014ad   Thumb Code    80  stm32f4xx_dma.o(i.DMA_Init)
    DebugMon_Handler                         0x08001501   Thumb Code     2  stm32f4xx_it.o(i.DebugMon_Handler)
    Delay_Init                               0x08001505   Thumb Code    70  delay.o(i.Delay_Init)
    Delay_Us                                 0x08001555   Thumb Code    62  delay.o(i.Delay_Us)
    EC800_USART_SendByte                     0x08001599   Thumb Code    26  ec800_usart.o(i.EC800_USART_SendByte)
    GPIO_Init                                0x080015b9   Thumb Code   124  stm32f4xx_gpio.o(i.GPIO_Init)
    GPIO_PinAFConfig                         0x08001635   Thumb Code    32  stm32f4xx_gpio.o(i.GPIO_PinAFConfig)
    GPIO_ReadInputDataBit                    0x08001655   Thumb Code    14  stm32f4xx_gpio.o(i.GPIO_ReadInputDataBit)
    GPIO_SetBits                             0x08001663   Thumb Code     4  stm32f4xx_gpio.o(i.GPIO_SetBits)
    GPIO_WriteBit                            0x08001667   Thumb Code    12  stm32f4xx_gpio.o(i.GPIO_WriteBit)
    InitStartUpEC800                         0x08001675   Thumb Code    46  ec800_usart.o(i.InitStartUpEC800)
    InitTH                                   0x080016a9   Thumb Code    44  th.o(i.InitTH)
    Init_AD                                  0x08001705   Thumb Code   282  ad.o(i.Init_AD)
    Init_CAN1                                0x08001831   Thumb Code    18  can.o(i.Init_CAN1)
    Init_CAN1_Filter_AGMO                    0x08001845   Thumb Code   266  can.o(i.Init_CAN1_Filter_AGMO)
    Init_CAN1_GPIO_AGMO                      0x08001955   Thumb Code   154  can.o(i.Init_CAN1_GPIO_AGMO)
    Init_CAN1_RecvIT                         0x080019f9   Thumb Code    40  can.o(i.Init_CAN1_RecvIT)
    Init_EC800_USART                         0x08001a21   Thumb Code   162  ec800_usart.o(i.Init_EC800_USART)
    Init_EC800_USART_NVIC                    0x08001ad1   Thumb Code    38  ec800_usart.o(i.Init_EC800_USART_NVIC)
    Init_IO_IN                               0x08001af9   Thumb Code    74  io_10_in.o(i.Init_IO_IN)
    Init_IO_Out                              0x08001b51   Thumb Code    70  io_10_out.o(i.Init_IO_Out)
    Init_LED                                 0x08001ba5   Thumb Code    60  led.o(i.Init_LED)
    Init_MPU6050                             0x08001be5   Thumb Code   116  mpu6050.o(i.Init_MPU6050)
    Init_Modbus_Timer_NVIC                   0x08001d35   Thumb Code    38  pwm.o(i.Init_Modbus_Timer_NVIC)
    Init_MyIIC                               0x08001d5d   Thumb Code    92  myiic.o(i.Init_MyIIC)
    Init_PWM                                 0x08001dc1   Thumb Code    86  pwm.o(i.Init_PWM)
    Init_RS232_1                             0x08001e1d   Thumb Code   144  232_1_modbus.o(i.Init_RS232_1)
    Init_RS232_1_NVIC                        0x08001eb5   Thumb Code    38  232_1_modbus.o(i.Init_RS232_1_NVIC)
    Init_RS232_2                             0x08001edd   Thumb Code   138  232_2.o(i.Init_RS232_2)
    Init_RS232_2_NVIC                        0x08001f71   Thumb Code    38  232_2.o(i.Init_RS232_2_NVIC)
    MPU6050_ReadByteData                     0x08001f99   Thumb Code    98  mpu6050.o(i.MPU6050_ReadByteData)
    MPU6050_ReadData                         0x0800205d   Thumb Code   420  mpu6050.o(i.MPU6050_ReadData)
    MPU6050_WriteByteData                    0x08002209   Thumb Code    90  mpu6050.o(i.MPU6050_WriteByteData)
    MemManage_Handler                        0x08002305   Thumb Code     2  stm32f4xx_it.o(i.MemManage_Handler)
    MyIIC_End                                0x08002307   Thumb Code    24  myiic.o(i.MyIIC_End)
    MyIIC_RecvByteData                       0x0800231f   Thumb Code    52  myiic.o(i.MyIIC_RecvByteData)
    MyIIC_Recv_ACK                           0x08002353   Thumb Code    30  myiic.o(i.MyIIC_Recv_ACK)
    MyIIC_Recv_SDA                           0x08002371   Thumb Code    24  myiic.o(i.MyIIC_Recv_SDA)
    MyIIC_SendByteData                       0x0800238d   Thumb Code    40  myiic.o(i.MyIIC_SendByteData)
    MyIIC_Send_ACK                           0x080023b5   Thumb Code    22  myiic.o(i.MyIIC_Send_ACK)
    MyIIC_Start                              0x080023cb   Thumb Code    30  myiic.o(i.MyIIC_Start)
    MyIIC_Write_SCL                          0x080023e9   Thumb Code    24  myiic.o(i.MyIIC_Write_SCL)
    MyIIC_Write_SDA                          0x08002405   Thumb Code    24  myiic.o(i.MyIIC_Write_SDA)
    NMI_Handler                              0x08002421   Thumb Code     2  stm32f4xx_it.o(i.NMI_Handler)
    NVIC_Init                                0x08002425   Thumb Code    98  misc.o(i.NVIC_Init)
    NVIC_PriorityGroupConfig                 0x0800248d   Thumb Code    10  misc.o(i.NVIC_PriorityGroupConfig)
    OpenCloseIO_Out                          0x080024c9   Thumb Code   116  io_10_out.o(i.OpenCloseIO_Out)
    RCC_AHB1PeriphClockCmd                   0x08002555   Thumb Code    22  stm32f4xx_rcc.o(i.RCC_AHB1PeriphClockCmd)
    RCC_APB1PeriphClockCmd                   0x08002571   Thumb Code    22  stm32f4xx_rcc.o(i.RCC_APB1PeriphClockCmd)
    RCC_APB1PeriphResetCmd                   0x0800258d   Thumb Code    22  stm32f4xx_rcc.o(i.RCC_APB1PeriphResetCmd)
    RCC_APB2PeriphClockCmd                   0x080025a9   Thumb Code    22  stm32f4xx_rcc.o(i.RCC_APB2PeriphClockCmd)
    RCC_GetClocksFreq                        0x080025c5   Thumb Code   148  stm32f4xx_rcc.o(i.RCC_GetClocksFreq)
    RS232_2_SendByte                         0x08002665   Thumb Code    26  232_2.o(i.RS232_2_SendByte)
    SPI_Cmd                                  0x08002685   Thumb Code    24  stm32f4xx_spi.o(i.SPI_Cmd)
    SPI_Configuration                        0x0800269d   Thumb Code    80  spi.o(i.SPI_Configuration)
    SPI_Init                                 0x08002785   Thumb Code    56  stm32f4xx_spi.o(i.SPI_Init)
    SVC_Handler                              0x080027bd   Thumb Code     2  stm32f4xx_it.o(i.SVC_Handler)
    SysTick_Handler                          0x08002879   Thumb Code    18  board.o(i.SysTick_Handler)
    SystemInit                               0x0800288d   Thumb Code    74  system_stm32f4xx.o(i.SystemInit)
    TH_WriteByteData                         0x080028e9   Thumb Code    84  th.o(i.TH_WriteByteData)
    TIM1_TRG_COM_TIM11_IRQHandler            0x080029b5   Thumb Code    56  pwm.o(i.TIM1_TRG_COM_TIM11_IRQHandler)
    TIM_ClearFlag                            0x080029f9   Thumb Code     6  stm32f4xx_tim.o(i.TIM_ClearFlag)
    TIM_ClearITPendingBit                    0x080029ff   Thumb Code     6  stm32f4xx_tim.o(i.TIM_ClearITPendingBit)
    TIM_Cmd                                  0x08002a05   Thumb Code    24  stm32f4xx_tim.o(i.TIM_Cmd)
    TIM_GetITStatus                          0x08002a1d   Thumb Code    24  stm32f4xx_tim.o(i.TIM_GetITStatus)
    TIM_ITConfig                             0x08002a35   Thumb Code    20  stm32f4xx_tim.o(i.TIM_ITConfig)
    TIM_InternalClockConfig                  0x08002a49   Thumb Code    10  stm32f4xx_tim.o(i.TIM_InternalClockConfig)
    TIM_SelectOutputTrigger                  0x08002a53   Thumb Code    16  stm32f4xx_tim.o(i.TIM_SelectOutputTrigger)
    TIM_TimeBaseInit                         0x08002a65   Thumb Code    96  stm32f4xx_tim.o(i.TIM_TimeBaseInit)
    UART4_IRQHandler                         0x08002ae1   Thumb Code    50  485_4.o(i.UART4_IRQHandler)
    UART5_IRQHandler                         0x08002b21   Thumb Code    54  ec800_usart.o(i.UART5_IRQHandler)
    USART1_IRQHandler                        0x08002b61   Thumb Code    84  232_1_modbus.o(i.USART1_IRQHandler)
    USART2_IRQHandler                        0x08002bc5   Thumb Code    56  232_2.o(i.USART2_IRQHandler)
    USART3_IRQHandler                        0x08002c09   Thumb Code    50  485_3.o(i.USART3_IRQHandler)
    USART6_IRQHandler                        0x08002c49   Thumb Code     4  stm32f4xx_it.o(i.USART6_IRQHandler)
    USART_ClearITPendingBit                  0x08002c4d   Thumb Code    16  stm32f4xx_usart.o(i.USART_ClearITPendingBit)
    USART_Cmd                                0x08002c5d   Thumb Code    24  stm32f4xx_usart.o(i.USART_Cmd)
    USART_GetFlagStatus                      0x08002c75   Thumb Code    14  stm32f4xx_usart.o(i.USART_GetFlagStatus)
    USART_GetITStatus                        0x08002c83   Thumb Code    64  stm32f4xx_usart.o(i.USART_GetITStatus)
    USART_ITConfig                           0x08002cc3   Thumb Code    54  stm32f4xx_usart.o(i.USART_ITConfig)
    USART_Init                               0x08002cf9   Thumb Code   180  stm32f4xx_usart.o(i.USART_Init)
    USART_ReceiveData                        0x08002db5   Thumb Code     8  stm32f4xx_usart.o(i.USART_ReceiveData)
    USART_SendData                           0x08002dbd   Thumb Code     8  stm32f4xx_usart.o(i.USART_SendData)
    UsageFault_Handler                       0x08002dc5   Thumb Code     2  stm32f4xx_it.o(i.UsageFault_Handler)
    __0printf                                0x08002dc9   Thumb Code    22  printfa.o(i.__0printf)
    __1printf                                0x08002dc9   Thumb Code     0  printfa.o(i.__0printf)
    __2printf                                0x08002dc9   Thumb Code     0  printfa.o(i.__0printf)
    __c89printf                              0x08002dc9   Thumb Code     0  printfa.o(i.__0printf)
    printf                                   0x08002dc9   Thumb Code     0  printfa.o(i.__0printf)
    __0vsnprintf                             0x08002de9   Thumb Code    46  printfa.o(i.__0vsnprintf)
    __1vsnprintf                             0x08002de9   Thumb Code     0  printfa.o(i.__0vsnprintf)
    __2vsnprintf                             0x08002de9   Thumb Code     0  printfa.o(i.__0vsnprintf)
    __c89vsnprintf                           0x08002de9   Thumb Code     0  printfa.o(i.__0vsnprintf)
    vsnprintf                                0x08002de9   Thumb Code     0  printfa.o(i.__0vsnprintf)
    __ARM_fpclassify                         0x08002e1d   Thumb Code    48  fpclassify.o(i.__ARM_fpclassify)
    __ARM_fpclassifyf                        0x08002e4d   Thumb Code    38  fpclassifyf.o(i.__ARM_fpclassifyf)
    __hardfp_atan                            0x08002e79   Thumb Code   622  atan.o(i.__hardfp_atan)
    __hardfp_powf                            0x08003151   Thumb Code  1606  powf.o(i.__hardfp_powf)
    __mathlib_powf                           0x08003151   Thumb Code     0  powf.o(i.__hardfp_powf)
    __hardfp_sqrt                            0x080037b5   Thumb Code   122  sqrt.o(i.__hardfp_sqrt)
    __kernel_poly                            0x0800382f   Thumb Code   248  poly.o(i.__kernel_poly)
    __mathlib_dbl_infnan                     0x08003927   Thumb Code    20  dunder.o(i.__mathlib_dbl_infnan)
    __mathlib_dbl_underflow                  0x08003941   Thumb Code    24  dunder.o(i.__mathlib_dbl_underflow)
    __mathlib_flt_divzero                    0x08003961   Thumb Code    14  funder.o(i.__mathlib_flt_divzero)
    __mathlib_flt_infnan2                    0x08003975   Thumb Code     6  funder.o(i.__mathlib_flt_infnan2)
    __mathlib_flt_invalid                    0x0800397d   Thumb Code    10  funder.o(i.__mathlib_flt_invalid)
    __mathlib_flt_overflow                   0x0800398d   Thumb Code    10  funder.o(i.__mathlib_flt_overflow)
    __mathlib_flt_underflow                  0x0800399d   Thumb Code    10  funder.o(i.__mathlib_flt_underflow)
    __rt_ffs                                 0x080039ad   Thumb Code    66  kservice.o(i.__rt_ffs)
    __scatterload_copy                       0x080039f5   Thumb Code    14  handlers.o(i.__scatterload_copy)
    __scatterload_null                       0x08003a03   Thumb Code     2  handlers.o(i.__scatterload_null)
    __scatterload_zeroinit                   0x08003a05   Thumb Code    14  handlers.o(i.__scatterload_zeroinit)
    __set_errno                              0x08003a15   Thumb Code     6  errno.o(i.__set_errno)
    can_mq_init                              0x080045d5   Thumb Code    88  can_agmo.o(i.can_mq_init)
    can_rx_mq_get                            0x08004645   Thumb Code    18  can_agmo.o(i.can_rx_mq_get)
    can_send_ext                             0x0800476d   Thumb Code   126  can_agmo.o(i.can_send_ext)
    fabs                                     0x08004c21   Thumb Code    24  fabs.o(i.fabs)
    fputc                                    0x08004c39   Thumb Code    18  fputc.o(i.fputc)
    gateway_can_rx_push_isr_from_rxmsg       0x08005221   Thumb Code    70  can_agmo.o(i.gateway_can_rx_push_isr_from_rxmsg)
    get_decode_25b_data                      0x08005271   Thumb Code    26  sbus_agmo.o(i.get_decode_25b_data)
    get_decode_ch_data                       0x08005291   Thumb Code    16  sbus_agmo.o(i.get_decode_ch_data)
    $Super$$main                             0x080052c9   Thumb Code    26  main.o(i.main)
    main_thread_entry                        0x08005305   Thumb Code    14  components.o(i.main_thread_entry)
    mix_rc_to_tracks                         0x08005399   Thumb Code   856  rc_mixer.o(i.mix_rc_to_tracks)
    platform_init                            0x08005c31   Thumb Code     4  spi.o(i.platform_init)
    rt_application_init                      0x08005d45   Thumb Code    32  components.o(i.rt_application_init)
    rt_components_board_init                 0x08005d71   Thumb Code    20  components.o(i.rt_components_board_init)
    rt_components_init                       0x08005d8d   Thumb Code    20  components.o(i.rt_components_init)
    rt_console_set_device                    0x08005da9   Thumb Code    36  kservice.o(i.rt_console_set_device)
    rt_device_close                          0x08005dd1   Thumb Code    48  device.o(i.rt_device_close)
    rt_device_find                           0x08005e01   Thumb Code    80  device.o(i.rt_device_find)
    rt_device_open                           0x08005e51   Thumb Code   112  device.o(i.rt_device_open)
    rt_device_write                          0x08005ef9   Thumb Code    44  device.o(i.rt_device_write)
    rt_enter_critical                        0x08005f25   Thumb Code    22  scheduler.o(i.rt_enter_critical)
    rt_exit_critical                         0x08005f41   Thumb Code    44  scheduler.o(i.rt_exit_critical)
    rt_free                                  0x08005f71   Thumb Code   112  mem.o(i.rt_free)
    rt_heap_begin_get                        0x08006035   Thumb Code     4  board.o(i.rt_heap_begin_get)
    rt_heap_end_get                          0x0800603d   Thumb Code     4  board.o(i.rt_heap_end_get)
    rt_hw_board_init                         0x08006045   Thumb Code   140  board.o(i.rt_hw_board_init)
    rt_hw_console_output                     0x080060e1   Thumb Code    72  board.o(i.rt_hw_console_output)
    rt_hw_hard_fault_exception               0x0800612d   Thumb Code   100  cpuport.o(i.rt_hw_hard_fault_exception)
    rt_hw_stack_init                         0x08006231   Thumb Code    58  cpuport.o(i.rt_hw_stack_init)
    rt_interrupt_enter                       0x08006271   Thumb Code    22  irq.o(i.rt_interrupt_enter)
    rt_interrupt_get_nest                    0x0800628d   Thumb Code     6  irq.o(i.rt_interrupt_get_nest)
    rt_interrupt_leave                       0x08006299   Thumb Code    22  irq.o(i.rt_interrupt_leave)
    rt_kprintf                               0x08006321   Thumb Code    66  kservice.o(i.rt_kprintf)
    rt_malloc                                0x080063e5   Thumb Code   252  mem.o(i.rt_malloc)
    rt_memcpy                                0x080064e9   Thumb Code    78  kservice.o(i.rt_memcpy)
    rt_memset                                0x08006537   Thumb Code    70  kservice.o(i.rt_memset)
    rt_mq_init                               0x0800657d   Thumb Code   100  ipc.o(i.rt_mq_init)
    rt_mq_recv                               0x080065e1   Thumb Code   240  ipc.o(i.rt_mq_recv)
    rt_mq_send                               0x080066d1   Thumb Code   134  ipc.o(i.rt_mq_send)
    rt_mq_urgent                             0x08006757   Thumb Code   128  ipc.o(i.rt_mq_urgent)
    rt_mutex_create                          0x080067d7   Thumb Code    42  ipc.o(i.rt_mutex_create)
    rt_mutex_release                         0x08006801   Thumb Code   146  ipc.o(i.rt_mutex_release)
    rt_mutex_take                            0x08006893   Thumb Code   184  ipc.o(i.rt_mutex_take)
    rt_object_allocate                       0x0800694b   Thumb Code    74  object.o(i.rt_object_allocate)
    rt_object_delete                         0x08006995   Thumb Code    34  object.o(i.rt_object_delete)
    rt_object_detach                         0x080069b7   Thumb Code    28  object.o(i.rt_object_detach)
    rt_object_get_information                0x080069d5   Thumb Code    30  object.o(i.rt_object_get_information)
    rt_object_init                           0x080069f9   Thumb Code    60  object.o(i.rt_object_init)
    rt_object_is_systemobject                0x08006a35   Thumb Code    14  object.o(i.rt_object_is_systemobject)
    rt_schedule                              0x08006a45   Thumb Code   102  scheduler.o(i.rt_schedule)
    rt_schedule_insert_thread                0x08006ab9   Thumb Code    68  scheduler.o(i.rt_schedule_insert_thread)
    rt_schedule_remove_thread                0x08006b05   Thumb Code    74  scheduler.o(i.rt_schedule_remove_thread)
    rt_sem_init                              0x08006b59   Thumb Code    38  ipc.o(i.rt_sem_init)
    rt_sem_release                           0x08006b7f   Thumb Code    64  ipc.o(i.rt_sem_release)
    rt_sem_take                              0x08006bbf   Thumb Code   110  ipc.o(i.rt_sem_take)
    rt_set_errno                             0x08006c2d   Thumb Code    30  kservice.o(i.rt_set_errno)
    rt_strncmp                               0x08006c51   Thumb Code    32  kservice.o(i.rt_strncmp)
    rt_strncpy                               0x08006c71   Thumb Code    38  kservice.o(i.rt_strncpy)
    rt_system_heap_init                      0x08006c99   Thumb Code   100  mem.o(i.rt_system_heap_init)
    rt_system_scheduler_init                 0x08006d49   Thumb Code    44  scheduler.o(i.rt_system_scheduler_init)
    rt_system_scheduler_start                0x08006d7d   Thumb Code    32  scheduler.o(i.rt_system_scheduler_start)
    rt_system_timer_init                     0x08006da5   Thumb Code    20  timer.o(i.rt_system_timer_init)
    rt_system_timer_thread_init              0x08006dbd   Thumb Code     2  timer.o(i.rt_system_timer_thread_init)
    rt_thread_control                        0x08006dbf   Thumb Code   106  thread.o(i.rt_thread_control)
    rt_thread_create                         0x08006e29   Thumb Code    76  thread.o(i.rt_thread_create)
    rt_thread_delay                          0x08006e75   Thumb Code     4  thread.o(i.rt_thread_delay)
    rt_thread_delete                         0x08006e79   Thumb Code    58  thread.o(i.rt_thread_delete)
    rt_thread_exit                           0x08006eb9   Thumb Code    78  thread.o(i.rt_thread_exit)
    rt_thread_idle_excute                    0x08006f19   Thumb Code   118  idle.o(i.rt_thread_idle_excute)
    rt_thread_idle_init                      0x08006f95   Thumb Code    46  idle.o(i.rt_thread_idle_init)
    rt_thread_init                           0x08006fd5   Thumb Code    56  thread.o(i.rt_thread_init)
    rt_thread_resume                         0x0800700d   Thumb Code    60  thread.o(i.rt_thread_resume)
    rt_thread_self                           0x08007049   Thumb Code     6  thread.o(i.rt_thread_self)
    rt_thread_sleep                          0x08007055   Thumb Code    60  thread.o(i.rt_thread_sleep)
    rt_thread_startup                        0x08007095   Thumb Code    38  thread.o(i.rt_thread_startup)
    rt_thread_suspend                        0x080070bb   Thumb Code    66  thread.o(i.rt_thread_suspend)
    rt_thread_timeout                        0x080070fd   Thumb Code    32  thread.o(i.rt_thread_timeout)
    rt_thread_yield                          0x0800711d   Thumb Code    88  thread.o(i.rt_thread_yield)
    rt_tick_get                              0x0800717d   Thumb Code     6  clock.o(i.rt_tick_get)
    rt_tick_increase                         0x08007189   Thumb Code    38  clock.o(i.rt_tick_increase)
    rt_timer_check                           0x080071b5   Thumb Code   102  timer.o(i.rt_timer_check)
    rt_timer_control                         0x08007221   Thumb Code    52  timer.o(i.rt_timer_control)
    rt_timer_detach                          0x08007255   Thumb Code    32  timer.o(i.rt_timer_detach)
    rt_timer_init                            0x08007275   Thumb Code    42  timer.o(i.rt_timer_init)
    rt_timer_start                           0x080072a1   Thumb Code   208  timer.o(i.rt_timer_start)
    rt_timer_stop                            0x08007375   Thumb Code    46  timer.o(i.rt_timer_stop)
    rtthread_startup                         0x080073b3   Thumb Code    38  components.o(i.rtthread_startup)
    sbus_mq_init                             0x080075d5   Thumb Code    36  sbus_agmo.o(i.sbus_mq_init)
    vcu_gateway_init                         0x08007a71   Thumb Code   222  vcu_gateway.o(i.vcu_gateway_init)
    g_rcm_vehicle                            0x08007d64   Data          28  rc_mixer.o(.constdata)
    g_rcm_tune                               0x08007d80   Data          32  rc_mixer.o(.constdata)
    Sine12bit                                0x08007da0   Data          64  dac.o(.constdata)
    __lowest_bit_bitmap                      0x08007de0   Data         256  kservice.o(.constdata)
    __rt_init_rti_start                      0x080080e0   Data           4  components.o(.rti_fn.0)
    __rt_init_rti_board_start                0x080080e4   Data           4  components.o(.rti_fn.0.end)
    __rt_init_rti_board_end                  0x080080e8   Data           4  components.o(.rti_fn.1.end)
    __rt_init_rti_end                        0x080080ec   Data           4  components.o(.rti_fn.6.end)
    Region$$Table$$Base                      0x080080f0   Number         0  anon$$obj.o(Region$$Table)
    Region$$Table$$Limit                     0x08008110   Number         0  anon$$obj.o(Region$$Table)
    SystemCoreClock                          0x20000000   Data           4  system_stm32f4xx.o(.data)
    AHBPrescTable                            0x20000004   Data          16  system_stm32f4xx.o(.data)
    CAN_Flag                                 0x20000024   Data           1  can.o(.data)
    flag                                     0x20000025   Data           1  485_4.o(.data)
    RS485_3_flag                             0x20000026   Data           1  485_3.o(.data)
    RS232_2_flag                             0x20000027   Data           1  232_2.o(.data)
    aRxBuffer                                0x20000028   Data           1  232_1_modbus.o(.data)
    USART_RX_STA                             0x2000002a   Data           2  232_1_modbus.o(.data)
    EC800_USART_flag                         0x2000002c   Data           1  ec800_usart.o(.data)
    EC800_USART_RecData                      0x2000002d   Data           1  ec800_usart.o(.data)
    g_can_tx_mq                              0x20000038   Data           4  can_agmo.o(.data)
    g_can_rx_mq                              0x20000040   Data           4  can_agmo.o(.data)
    RecData                                  0x2000004a   Data           2  main.o(.data)
    per_us                                   0x20000054   Data           1  delay.o(.data)
    per_ms                                   0x20000058   Data           4  delay.o(.data)
    modbus_time                              0x2000005c   Data           4  pwm.o(.data)
    rt_interrupt_nest                        0x20000064   Data           1  irq.o(.data)
    rt_current_priority                      0x200000f8   Data           1  scheduler.o(.data)
    rt_current_thread                        0x200000fc   Data           4  scheduler.o(.data)
    rt_thread_ready_priority_group           0x20000100   Data           4  scheduler.o(.data)
    rt_thread_defunct                        0x20000104   Data           8  scheduler.o(.data)
    rt_interrupt_from_thread                 0x2000011c   Data           4  cpuport.o(.data)
    rt_interrupt_to_thread                   0x20000120   Data           4  cpuport.o(.data)
    rt_thread_switch_interrupt_flag          0x20000124   Data           4  cpuport.o(.data)
    __stdout                                 0x20000128   Data           4  stdout.o(.data)
    AD_Value                                 0x20000130   Data          10  ad.o(.bss)
    RxMessage                                0x2000013c   Data          20  can.o(.bss)
    USART_RX_BUF                             0x20000150   Data         200  232_1_modbus.o(.bss)
    g_latest                                 0x200025c0   Data         252  vcu_gateway.o(.bss)
    rc_mix_state                             0x200026bc   Data          80  vcu_gateway.o(.bss)
    sbus_data_raw_a                          0x2000271c   Data          84  vcu_gateway.o(.bss)
    DualSine12bit                            0x20002788   Data         128  dac.o(.bss)
    rt_thread_priority_table                 0x20002a20   Data         256  scheduler.o(.bss)
    __initial_sp                             0x20002f20   Data           0  startup_stm32f40_41xxx.o(STACK)



==============================================================================

Memory Map of the image

  Image Entry point : 0x08000189

  Load Region LR_IROM1 (Base: 0x08000000, Size: 0x00008240, Max: 0x00080000, ABSOLUTE, COMPRESSED[0x00008164])

    Execution Region ER_IROM1 (Exec base: 0x08000000, Load base: 0x08000000, Size: 0x00008110, Max: 0x00080000, ABSOLUTE)

    Exec Addr    Load Addr    Size         Type   Attr      Idx    E Section Name        Object

    0x08000000   0x08000000   0x00000188   Data   RO            3    RESET               startup_stm32f40_41xxx.o
    0x08000188   0x08000188   0x00000000   Code   RO         9294  * .ARM.Collect$$$$00000000  mc_w.l(entry.o)
    0x08000188   0x08000188   0x00000004   Code   RO         9633    .ARM.Collect$$$$00000001  mc_w.l(entry2.o)
    0x0800018c   0x0800018c   0x00000004   Code   RO         9636    .ARM.Collect$$$$00000004  mc_w.l(entry5.o)
    0x08000190   0x08000190   0x00000000   Code   RO         9638    .ARM.Collect$$$$00000008  mc_w.l(entry7b.o)
    0x08000190   0x08000190   0x00000000   Code   RO         9640    .ARM.Collect$$$$0000000A  mc_w.l(entry8b.o)
    0x08000190   0x08000190   0x00000008   Code   RO         9641    .ARM.Collect$$$$0000000B  mc_w.l(entry9a.o)
    0x08000198   0x08000198   0x00000004   Code   RO         9648    .ARM.Collect$$$$0000000E  mc_w.l(entry12b.o)
    0x0800019c   0x0800019c   0x00000000   Code   RO         9643    .ARM.Collect$$$$0000000F  mc_w.l(entry10a.o)
    0x0800019c   0x0800019c   0x00000000   Code   RO         9645    .ARM.Collect$$$$00000011  mc_w.l(entry11a.o)
    0x0800019c   0x0800019c   0x00000004   Code   RO         9634    .ARM.Collect$$$$00002712  mc_w.l(entry2.o)
    0x080001a0   0x080001a0   0x00000024   Code   RO            4    .text               startup_stm32f40_41xxx.o
    0x080001c4   0x080001c4   0x00000110   Code   RO         9214    .text               context_rvds.o
    0x080002d4   0x080002d4   0x00000024   Code   RO         9300    .text               mc_w.l(memcpya.o)
    0x080002f8   0x080002f8   0x00000024   Code   RO         9302    .text               mc_w.l(memseta.o)
    0x0800031c   0x0800031c   0x0000014e   Code   RO         9575    .text               mf_w.l(dadd.o)
    0x0800046a   0x0800046a   0x000000e4   Code   RO         9577    .text               mf_w.l(dmul.o)
    0x0800054e   0x0800054e   0x000000de   Code   RO         9579    .text               mf_w.l(ddiv.o)
    0x0800062c   0x0800062c   0x00000022   Code   RO         9583    .text               mf_w.l(dflti.o)
    0x0800064e   0x0800064e   0x00000026   Code   RO         9589    .text               mf_w.l(f2d.o)
    0x08000674   0x08000674   0x00000038   Code   RO         9591    .text               mf_w.l(d2f.o)
    0x080006ac   0x080006ac   0x0000002c   Code   RO         9651    .text               mc_w.l(uidiv.o)
    0x080006d8   0x080006d8   0x00000062   Code   RO         9653    .text               mc_w.l(uldiv.o)
    0x0800073a   0x0800073a   0x0000001e   Code   RO         9655    .text               mc_w.l(llshl.o)
    0x08000758   0x08000758   0x00000020   Code   RO         9657    .text               mc_w.l(llushr.o)
    0x08000778   0x08000778   0x00000024   Code   RO         9659    .text               mc_w.l(llsshr.o)
    0x0800079c   0x0800079c   0x00000000   Code   RO         9668    .text               mc_w.l(iusefp.o)
    0x0800079c   0x0800079c   0x0000006e   Code   RO         9669    .text               mf_w.l(fepilogue.o)
    0x0800080a   0x0800080a   0x000000ba   Code   RO         9671    .text               mf_w.l(depilogue.o)
    0x080008c4   0x080008c4   0x000000a2   Code   RO         9673    .text               mf_w.l(dsqrt.o)
    0x08000966   0x08000966   0x00000030   Code   RO         9675    .text               mf_w.l(dfixul.o)
    0x08000996   0x08000996   0x00000002   PAD
    0x08000998   0x08000998   0x00000030   Code   RO         9679    .text               mf_w.l(cdrcmple.o)
    0x080009c8   0x080009c8   0x00000004   Code   RO         9681    .text               mf_w.l(fpstat.o)
    0x080009cc   0x080009cc   0x00000024   Code   RO         9683    .text               mc_w.l(init.o)
    0x080009f0   0x080009f0   0x00000000   Code   RO         9685    .text               mc_w.l(semi.o)
    0x080009f0   0x080009f0   0x00000000   Code   RO         9686    .text               mc_w.l(iusesemip.o)
    0x080009f0   0x080009f0   0x00000056   Code   RO         9695    .text               mc_w.l(__dczerorl2.o)
    0x08000a46   0x08000a46   0x0000000e   Code   RO         8158    i.$Sub$$main        components.o
    0x08000a54   0x08000a54   0x00000018   Code   RO          223    i.ADC_Cmd           stm32f4xx_adc.o
    0x08000a6c   0x08000a6c   0x00000028   Code   RO          224    i.ADC_CommonInit    stm32f4xx_adc.o
    0x08000a94   0x08000a94   0x00000018   Code   RO          227    i.ADC_DMACmd        stm32f4xx_adc.o
    0x08000aac   0x08000aac   0x00000018   Code   RO          228    i.ADC_DMARequestAfterLastTransferCmd  stm32f4xx_adc.o
    0x08000ac4   0x08000ac4   0x0000004c   Code   RO          243    i.ADC_Init          stm32f4xx_adc.o
    0x08000b10   0x08000b10   0x00000074   Code   RO          248    i.ADC_RegularChannelConfig  stm32f4xx_adc.o
    0x08000b84   0x08000b84   0x0000000a   Code   RO          250    i.ADC_SoftwareStartConv  stm32f4xx_adc.o
    0x08000b8e   0x08000b8e   0x00000002   PAD
    0x08000b90   0x08000b90   0x0000003c   Code   RO         6564    i.A_CAN1_RX0_IRQHandler  can_agmo.o
    0x08000bcc   0x08000bcc   0x0000006c   Code   RO         6624    i.A_SBUS_USART6_IRQHandler  sbus_agmo.o
    0x08000c38   0x08000c38   0x000000ac   Code   RO         6294    i.BSP_USART6_Config  sbus_uart.o
    0x08000ce4   0x08000ce4   0x00000002   Code   RO         6715    i.BusFault_Handler  stm32f4xx_it.o
    0x08000ce6   0x08000ce6   0x00000002   PAD
    0x08000ce8   0x08000ce8   0x0000000c   Code   RO         6716    i.CAN1_RX0_IRQHandler  stm32f4xx_it.o
    0x08000cf4   0x08000cf4   0x0000006c   Code   RO         6717    i.CAN2_RX0_IRQHandler  stm32f4xx_it.o
    0x08000d60   0x08000d60   0x00000088   Code   RO          467    i.CAN_ClearITPendingBit  stm32f4xx_can.o
    0x08000de8   0x08000de8   0x00000038   Code   RO          469    i.CAN_DeInit        stm32f4xx_can.o
    0x08000e20   0x08000e20   0x000000d4   Code   RO          471    i.CAN_FilterInit    stm32f4xx_can.o
    0x08000ef4   0x08000ef4   0x000000cc   Code   RO          473    i.CAN_GetITStatus   stm32f4xx_can.o
    0x08000fc0   0x08000fc0   0x00000014   Code   RO          477    i.CAN_ITConfig      stm32f4xx_can.o
    0x08000fd4   0x08000fd4   0x00000104   Code   RO          478    i.CAN_Init          stm32f4xx_can.o
    0x080010d8   0x080010d8   0x00000082   Code   RO          481    i.CAN_Receive       stm32f4xx_can.o
    0x0800115a   0x0800115a   0x00000020   Code   RO          484    i.CAN_StructInit    stm32f4xx_can.o
    0x0800117a   0x0800117a   0x000000b6   Code   RO          486    i.CAN_Transmit      stm32f4xx_can.o
    0x08001230   0x08001230   0x00000088   Code   RO          487    i.CAN_TransmitStatus  stm32f4xx_can.o
    0x080012b8   0x080012b8   0x0000000c   Code   RO          489    i.CheckITStatus     stm32f4xx_can.o
    0x080012c4   0x080012c4   0x00000020   Code   RO          913    i.DAC_Cmd           stm32f4xx_dac.o
    0x080012e4   0x080012e4   0x00000090   Code   RO         7151    i.DAC_Config        dac.o
    0x08001374   0x08001374   0x00000020   Code   RO          914    i.DAC_DMACmd        stm32f4xx_dac.o
    0x08001394   0x08001394   0x00000068   Code   RO         7152    i.DAC_DMA_Config    dac.o
    0x080013fc   0x080013fc   0x00000028   Code   RO          921    i.DAC_Init          stm32f4xx_dac.o
    0x08001424   0x08001424   0x00000034   Code   RO         7153    i.DAC_Mode_Init     dac.o
    0x08001458   0x08001458   0x0000003a   Code   RO         7154    i.DAC_TIM_Config    dac.o
    0x08001492   0x08001492   0x00000018   Code   RO         1186    i.DMA_Cmd           stm32f4xx_dma.o
    0x080014aa   0x080014aa   0x00000002   PAD
    0x080014ac   0x080014ac   0x00000054   Code   RO         1198    i.DMA_Init          stm32f4xx_dma.o
    0x08001500   0x08001500   0x00000002   Code   RO         6718    i.DebugMon_Handler  stm32f4xx_it.o
    0x08001502   0x08001502   0x00000002   PAD
    0x08001504   0x08001504   0x00000050   Code   RO         7193    i.Delay_Init        delay.o
    0x08001554   0x08001554   0x00000044   Code   RO         7195    i.Delay_Us          delay.o
    0x08001598   0x08001598   0x00000020   Code   RO         6385    i.EC800_USART_SendByte  ec800_usart.o
    0x080015b8   0x080015b8   0x0000007c   Code   RO         1932    i.GPIO_Init         stm32f4xx_gpio.o
    0x08001634   0x08001634   0x00000020   Code   RO         1933    i.GPIO_PinAFConfig  stm32f4xx_gpio.o
    0x08001654   0x08001654   0x0000000e   Code   RO         1936    i.GPIO_ReadInputDataBit  stm32f4xx_gpio.o
    0x08001662   0x08001662   0x00000004   Code   RO         1940    i.GPIO_SetBits      stm32f4xx_gpio.o
    0x08001666   0x08001666   0x0000000c   Code   RO         1944    i.GPIO_WriteBit     stm32f4xx_gpio.o
    0x08001672   0x08001672   0x00000002   PAD
    0x08001674   0x08001674   0x00000034   Code   RO         6389    i.InitStartUpEC800  ec800_usart.o
    0x080016a8   0x080016a8   0x0000005c   Code   RO         6091    i.InitTH            th.o
    0x08001704   0x08001704   0x0000012c   Code   RO         4982    i.Init_AD           ad.o
    0x08001830   0x08001830   0x00000012   Code   RO         5239    i.Init_CAN1         can.o
    0x08001842   0x08001842   0x00000002   PAD
    0x08001844   0x08001844   0x00000110   Code   RO         5241    i.Init_CAN1_Filter_AGMO  can.o
    0x08001954   0x08001954   0x000000a4   Code   RO         5243    i.Init_CAN1_GPIO_AGMO  can.o
    0x080019f8   0x080019f8   0x00000028   Code   RO         5244    i.Init_CAN1_RecvIT  can.o
    0x08001a20   0x08001a20   0x000000b0   Code   RO         6390    i.Init_EC800_USART  ec800_usart.o
    0x08001ad0   0x08001ad0   0x00000026   Code   RO         6391    i.Init_EC800_USART_NVIC  ec800_usart.o
    0x08001af6   0x08001af6   0x00000002   PAD
    0x08001af8   0x08001af8   0x00000058   Code   RO         6480    i.Init_IO_IN        io_10_in.o
    0x08001b50   0x08001b50   0x00000054   Code   RO         6064    i.Init_IO_Out       io_10_out.o
    0x08001ba4   0x08001ba4   0x00000040   Code   RO         5196    i.Init_LED          led.o
    0x08001be4   0x08001be4   0x00000150   Code   RO         5426    i.Init_MPU6050      mpu6050.o
    0x08001d34   0x08001d34   0x00000026   Code   RO         7255    i.Init_Modbus_Timer_NVIC  pwm.o
    0x08001d5a   0x08001d5a   0x00000002   PAD
    0x08001d5c   0x08001d5c   0x00000064   Code   RO         5508    i.Init_MyIIC        myiic.o
    0x08001dc0   0x08001dc0   0x0000005c   Code   RO         7256    i.Init_PWM          pwm.o
    0x08001e1c   0x08001e1c   0x00000098   Code   RO         5939    i.Init_RS232_1      232_1_modbus.o
    0x08001eb4   0x08001eb4   0x00000026   Code   RO         5940    i.Init_RS232_1_NVIC  232_1_modbus.o
    0x08001eda   0x08001eda   0x00000002   PAD
    0x08001edc   0x08001edc   0x00000094   Code   RO         5880    i.Init_RS232_2      232_2.o
    0x08001f70   0x08001f70   0x00000026   Code   RO         5881    i.Init_RS232_2_NVIC  232_2.o
    0x08001f96   0x08001f96   0x00000002   PAD
    0x08001f98   0x08001f98   0x000000c4   Code   RO         5428    i.MPU6050_ReadByteData  mpu6050.o
    0x0800205c   0x0800205c   0x000001ac   Code   RO         5429    i.MPU6050_ReadData  mpu6050.o
    0x08002208   0x08002208   0x000000fc   Code   RO         5430    i.MPU6050_WriteByteData  mpu6050.o
    0x08002304   0x08002304   0x00000002   Code   RO         6719    i.MemManage_Handler  stm32f4xx_it.o
    0x08002306   0x08002306   0x00000018   Code   RO         5509    i.MyIIC_End         myiic.o
    0x0800231e   0x0800231e   0x00000034   Code   RO         5510    i.MyIIC_RecvByteData  myiic.o
    0x08002352   0x08002352   0x0000001e   Code   RO         5511    i.MyIIC_Recv_ACK    myiic.o
    0x08002370   0x08002370   0x0000001c   Code   RO         5512    i.MyIIC_Recv_SDA    myiic.o
    0x0800238c   0x0800238c   0x00000028   Code   RO         5513    i.MyIIC_SendByteData  myiic.o
    0x080023b4   0x080023b4   0x00000016   Code   RO         5514    i.MyIIC_Send_ACK    myiic.o
    0x080023ca   0x080023ca   0x0000001e   Code   RO         5515    i.MyIIC_Start       myiic.o
    0x080023e8   0x080023e8   0x0000001c   Code   RO         5516    i.MyIIC_Write_SCL   myiic.o
    0x08002404   0x08002404   0x0000001c   Code   RO         5517    i.MyIIC_Write_SDA   myiic.o
    0x08002420   0x08002420   0x00000002   Code   RO         6720    i.NMI_Handler       stm32f4xx_it.o
    0x08002422   0x08002422   0x00000002   PAD
    0x08002424   0x08002424   0x00000068   Code   RO          150    i.NVIC_Init         misc.o
    0x0800248c   0x0800248c   0x00000014   Code   RO          151    i.NVIC_PriorityGroupConfig  misc.o
    0x080024a0   0x080024a0   0x00000026   Code   RO         6300    i.NVIC_USART6_Configuration  sbus_uart.o
    0x080024c6   0x080024c6   0x00000002   PAD
    0x080024c8   0x080024c8   0x0000008c   Code   RO         6065    i.OpenCloseIO_Out   io_10_out.o
    0x08002554   0x08002554   0x0000001c   Code   RO         2811    i.RCC_AHB1PeriphClockCmd  stm32f4xx_rcc.o
    0x08002570   0x08002570   0x0000001c   Code   RO         2820    i.RCC_APB1PeriphClockCmd  stm32f4xx_rcc.o
    0x0800258c   0x0800258c   0x0000001c   Code   RO         2822    i.RCC_APB1PeriphResetCmd  stm32f4xx_rcc.o
    0x080025a8   0x080025a8   0x0000001c   Code   RO         2823    i.RCC_APB2PeriphClockCmd  stm32f4xx_rcc.o
    0x080025c4   0x080025c4   0x000000a0   Code   RO         2832    i.RCC_GetClocksFreq  stm32f4xx_rcc.o
    0x08002664   0x08002664   0x00000020   Code   RO         5883    i.RS232_2_SendByte  232_2.o
    0x08002684   0x08002684   0x00000018   Code   RO         3940    i.SPI_Cmd           stm32f4xx_spi.o
    0x0800269c   0x0800269c   0x00000054   Code   RO         7736    i.SPI_Configuration  spi.o
    0x080026f0   0x080026f0   0x00000094   Code   RO         7739    i.SPI_GPIO_Configuration  spi.o
    0x08002784   0x08002784   0x00000038   Code   RO         3953    i.SPI_Init          stm32f4xx_spi.o
    0x080027bc   0x080027bc   0x00000002   Code   RO         6721    i.SVC_Handler       stm32f4xx_it.o
    0x080027be   0x080027be   0x00000002   PAD
    0x080027c0   0x080027c0   0x000000b8   Code   RO           12    i.SetSysClock       system_stm32f4xx.o
    0x08002878   0x08002878   0x00000012   Code   RO         6787    i.SysTick_Handler   board.o
    0x0800288a   0x0800288a   0x00000002   PAD
    0x0800288c   0x0800288c   0x0000005c   Code   RO           14    i.SystemInit        system_stm32f4xx.o
    0x080028e8   0x080028e8   0x000000cc   Code   RO         6096    i.TH_WriteByteData  th.o
    0x080029b4   0x080029b4   0x00000044   Code   RO         7257    i.TIM1_TRG_COM_TIM11_IRQHandler  pwm.o
    0x080029f8   0x080029f8   0x00000006   Code   RO         4170    i.TIM_ClearFlag     stm32f4xx_tim.o
    0x080029fe   0x080029fe   0x00000006   Code   RO         4171    i.TIM_ClearITPendingBit  stm32f4xx_tim.o
    0x08002a04   0x08002a04   0x00000018   Code   RO         4176    i.TIM_Cmd           stm32f4xx_tim.o
    0x08002a1c   0x08002a1c   0x00000018   Code   RO         4197    i.TIM_GetITStatus   stm32f4xx_tim.o
    0x08002a34   0x08002a34   0x00000014   Code   RO         4201    i.TIM_ITConfig      stm32f4xx_tim.o
    0x08002a48   0x08002a48   0x0000000a   Code   RO         4203    i.TIM_InternalClockConfig  stm32f4xx_tim.o
    0x08002a52   0x08002a52   0x00000010   Code   RO         4234    i.TIM_SelectOutputTrigger  stm32f4xx_tim.o
    0x08002a62   0x08002a62   0x00000002   PAD
    0x08002a64   0x08002a64   0x0000007c   Code   RO         4248    i.TIM_TimeBaseInit  stm32f4xx_tim.o
    0x08002ae0   0x08002ae0   0x00000040   Code   RO         5746    i.UART4_IRQHandler  485_4.o
    0x08002b20   0x08002b20   0x00000040   Code   RO         6393    i.UART5_IRQHandler  ec800_usart.o
    0x08002b60   0x08002b60   0x00000064   Code   RO         5945    i.USART1_IRQHandler  232_1_modbus.o
    0x08002bc4   0x08002bc4   0x00000044   Code   RO         5886    i.USART2_IRQHandler  232_2.o
    0x08002c08   0x08002c08   0x00000040   Code   RO         5817    i.USART3_IRQHandler  485_3.o
    0x08002c48   0x08002c48   0x00000004   Code   RO         6722    i.USART6_IRQHandler  stm32f4xx_it.o
    0x08002c4c   0x08002c4c   0x00000010   Code   RO         4726    i.USART_ClearITPendingBit  stm32f4xx_usart.o
    0x08002c5c   0x08002c5c   0x00000018   Code   RO         4729    i.USART_Cmd         stm32f4xx_usart.o
    0x08002c74   0x08002c74   0x0000000e   Code   RO         4732    i.USART_GetFlagStatus  stm32f4xx_usart.o
    0x08002c82   0x08002c82   0x00000040   Code   RO         4733    i.USART_GetITStatus  stm32f4xx_usart.o
    0x08002cc2   0x08002cc2   0x00000036   Code   RO         4735    i.USART_ITConfig    stm32f4xx_usart.o
    0x08002cf8   0x08002cf8   0x000000bc   Code   RO         4736    i.USART_Init        stm32f4xx_usart.o
    0x08002db4   0x08002db4   0x00000008   Code   RO         4743    i.USART_ReceiveData  stm32f4xx_usart.o
    0x08002dbc   0x08002dbc   0x00000008   Code   RO         4746    i.USART_SendData    stm32f4xx_usart.o
    0x08002dc4   0x08002dc4   0x00000002   Code   RO         6723    i.UsageFault_Handler  stm32f4xx_it.o
    0x08002dc6   0x08002dc6   0x00000002   PAD
    0x08002dc8   0x08002dc8   0x00000020   Code   RO         9547    i.__0printf         mc_w.l(printfa.o)
    0x08002de8   0x08002de8   0x00000034   Code   RO         9552    i.__0vsnprintf      mc_w.l(printfa.o)
    0x08002e1c   0x08002e1c   0x00000030   Code   RO         9613    i.__ARM_fpclassify  m_wm.l(fpclassify.o)
    0x08002e4c   0x08002e4c   0x00000026   Code   RO         9615    i.__ARM_fpclassifyf  m_wm.l(fpclassifyf.o)
    0x08002e72   0x08002e72   0x00000006   PAD
    0x08002e78   0x08002e78   0x000002d8   Code   RO         9254    i.__hardfp_atan     m_wm.l(atan.o)
    0x08003150   0x08003150   0x00000664   Code   RO         9268    i.__hardfp_powf     m_wm.l(powf.o)
    0x080037b4   0x080037b4   0x0000007a   Code   RO         9282    i.__hardfp_sqrt     m_wm.l(sqrt.o)
    0x0800382e   0x0800382e   0x000000f8   Code   RO         9631    i.__kernel_poly     m_wm.l(poly.o)
    0x08003926   0x08003926   0x00000014   Code   RO         9594    i.__mathlib_dbl_infnan  m_wm.l(dunder.o)
    0x0800393a   0x0800393a   0x00000006   PAD
    0x08003940   0x08003940   0x00000020   Code   RO         9599    i.__mathlib_dbl_underflow  m_wm.l(dunder.o)
    0x08003960   0x08003960   0x00000014   Code   RO         9617    i.__mathlib_flt_divzero  m_wm.l(funder.o)
    0x08003974   0x08003974   0x00000006   Code   RO         9619    i.__mathlib_flt_infnan2  m_wm.l(funder.o)
    0x0800397a   0x0800397a   0x00000002   PAD
    0x0800397c   0x0800397c   0x00000010   Code   RO         9620    i.__mathlib_flt_invalid  m_wm.l(funder.o)
    0x0800398c   0x0800398c   0x00000010   Code   RO         9621    i.__mathlib_flt_overflow  m_wm.l(funder.o)
    0x0800399c   0x0800399c   0x00000010   Code   RO         9623    i.__mathlib_flt_underflow  m_wm.l(funder.o)
    0x080039ac   0x080039ac   0x00000048   Code   RO         8609    i.__rt_ffs          kservice.o
    0x080039f4   0x080039f4   0x0000000e   Code   RO         9689    i.__scatterload_copy  mc_w.l(handlers.o)
    0x08003a02   0x08003a02   0x00000002   Code   RO         9690    i.__scatterload_null  mc_w.l(handlers.o)
    0x08003a04   0x08003a04   0x0000000e   Code   RO         9691    i.__scatterload_zeroinit  mc_w.l(handlers.o)
    0x08003a12   0x08003a12   0x00000002   PAD
    0x08003a14   0x08003a14   0x0000000c   Code   RO         9663    i.__set_errno       mc_w.l(errno.o)
    0x08003a20   0x08003a20   0x00000184   Code   RO         9554    i._fp_digits        mc_w.l(printfa.o)
    0x08003ba4   0x08003ba4   0x00000014   Code   RO         8322    i._has_defunct_thread  idle.o
    0x08003bb8   0x08003bb8   0x000006b4   Code   RO         9555    i._printf_core      mc_w.l(printfa.o)
    0x0800426c   0x0800426c   0x00000024   Code   RO         9556    i._printf_post_padding  mc_w.l(printfa.o)
    0x08004290   0x08004290   0x0000002e   Code   RO         9557    i._printf_pre_padding  mc_w.l(printfa.o)
    0x080042be   0x080042be   0x00000002   PAD
    0x080042c0   0x080042c0   0x00000078   Code   RO         8997    i._rt_thread_init   thread.o
    0x08004338   0x08004338   0x00000026   Code   RO         9112    i._rt_timer_init    timer.o
    0x0800435e   0x0800435e   0x00000022   Code   RO         9113    i._rt_timer_remove  timer.o
    0x08004380   0x08004380   0x00000016   Code   RO         9558    i._snputc           mc_w.l(printfa.o)
    0x08004396   0x08004396   0x00000002   PAD
    0x08004398   0x08004398   0x00000024   Code   RO         7100    i.apply_deadband_f32  rc_mixer.o
    0x080043bc   0x080043bc   0x00000104   Code   RO         7101    i.apply_turn_shaping  rc_mixer.o
    0x080044c0   0x080044c0   0x00000110   Code   RO         7102    i.apply_turn_shaping_dex  rc_mixer.o
    0x080045d0   0x080045d0   0x00000004   Code   RO         6846    i.can_hw_send_ext   vcu_gateway.o
    0x080045d4   0x080045d4   0x00000070   Code   RO         6565    i.can_mq_init       can_agmo.o
    0x08004644   0x08004644   0x00000018   Code   RO         6566    i.can_rx_mq_get     can_agmo.o
    0x0800465c   0x0800465c   0x00000110   Code   RO         6847    i.can_rx_thread_entry  vcu_gateway.o
    0x0800476c   0x0800476c   0x0000009c   Code   RO         6567    i.can_send_ext      can_agmo.o
    0x08004808   0x08004808   0x000001a0   Code   RO         6848    i.can_tx_thread_entry  vcu_gateway.o
    0x080049a8   0x080049a8   0x00000020   Code   RO         7103    i.clamp_f32         rc_mixer.o
    0x080049c8   0x080049c8   0x00000010   Code   RO         6849    i.clamp_i32         vcu_gateway.o
    0x080049d8   0x080049d8   0x00000020   Code   RO         6850    i.clamp_to_i16      vcu_gateway.o
    0x080049f8   0x080049f8   0x0000000a   Code   RO         6851    i.clamp_u16_to_u8   vcu_gateway.o
    0x08004a02   0x08004a02   0x00000034   Code   RO         6852    i.decide_fsm_mode   vcu_gateway.o
    0x08004a36   0x08004a36   0x0000004e   Code   RO         6853    i.decode_motor_status  vcu_gateway.o
    0x08004a84   0x08004a84   0x0000004c   Code   RO         6854    i.decode_upper_auto_cmd  vcu_gateway.o
    0x08004ad0   0x08004ad0   0x00000064   Code   RO         6855    i.decode_upper_cmd  vcu_gateway.o
    0x08004b34   0x08004b34   0x00000090   Code   RO         6856    i.decode_upper_drive_cmd  vcu_gateway.o
    0x08004bc4   0x08004bc4   0x0000005c   Code   RO         6857    i.decode_weed_actuator_status  vcu_gateway.o
    0x08004c20   0x08004c20   0x00000018   Code   RO         9609    i.fabs              m_wm.l(fabs.o)
    0x08004c38   0x08004c38   0x00000012   Code   RO         9649    i.fputc             mc_w.l(fputc.o)
    0x08004c4a   0x08004c4a   0x00000002   PAD
    0x08004c4c   0x08004c4c   0x000005d4   Code   RO         6858    i.fsm_thread_entry  vcu_gateway.o
    0x08005220   0x08005220   0x00000050   Code   RO         6569    i.gateway_can_rx_push_isr_from_rxmsg  can_agmo.o
    0x08005270   0x08005270   0x00000020   Code   RO         6625    i.get_decode_25b_data  sbus_agmo.o
    0x08005290   0x08005290   0x00000010   Code   RO         6626    i.get_decode_ch_data  sbus_agmo.o
    0x080052a0   0x080052a0   0x00000020   Code   RO         6859    i.is_fresh_tick     vcu_gateway.o
    0x080052c0   0x080052c0   0x00000008   Code   RO         6860    i.is_upper_auto_handover_ready  vcu_gateway.o
    0x080052c8   0x080052c8   0x0000003c   Code   RO         6676    i.main              main.o
    0x08005304   0x08005304   0x0000000e   Code   RO         8159    i.main_thread_entry  components.o
    0x08005312   0x08005312   0x0000003a   Code   RO         6861    i.make_timeout_detail_code  vcu_gateway.o
    0x0800534c   0x0800534c   0x0000004c   Code   RO         6862    i.map_ch5_to_weed_target_mm  vcu_gateway.o
    0x08005398   0x08005398   0x00000364   Code   RO         7104    i.mix_rc_to_tracks  rc_mixer.o
    0x080056fc   0x080056fc   0x0000016c   Code   RO         6863    i.mix_upper_auto_cmd_to_tracks  vcu_gateway.o
    0x08005868   0x08005868   0x0000004a   Code   RO         6864    i.pack_fsm_status_mask  vcu_gateway.o
    0x080058b2   0x080058b2   0x00000008   Code   RO         6865    i.pack_int16_hi_lo  vcu_gateway.o
    0x080058ba   0x080058ba   0x00000034   Code   RO         6866    i.pack_motor_cmd    vcu_gateway.o
    0x080058ee   0x080058ee   0x00000032   Code   RO         6867    i.pack_upper_status  vcu_gateway.o
    0x08005920   0x08005920   0x00000030   Code   RO         6868    i.pack_upper_status_rpm  vcu_gateway.o
    0x08005950   0x08005950   0x00000154   Code   RO         6869    i.pack_upper_vehicle_monitor  vcu_gateway.o
    0x08005aa4   0x08005aa4   0x000000e4   Code   RO         6870    i.pack_upper_vehicle_status  vcu_gateway.o
    0x08005b88   0x08005b88   0x00000068   Code   RO         6871    i.pack_upper_weed_status  vcu_gateway.o
    0x08005bf0   0x08005bf0   0x00000030   Code   RO         6872    i.pack_weed_actuator_pos_cmd  vcu_gateway.o
    0x08005c20   0x08005c20   0x00000010   Code   RO         6873    i.pack_weed_actuator_pre_cmd  vcu_gateway.o
    0x08005c30   0x08005c30   0x00000004   Code   RO         7744    i.platform_init     spi.o
    0x08005c34   0x08005c34   0x00000054   Code   RO         8798    i.plug_holes        mem.o
    0x08005c88   0x08005c88   0x00000042   Code   RO         7105    i.rcm_apply_gamma   rc_mixer.o
    0x08005cca   0x08005cca   0x00000002   PAD
    0x08005ccc   0x08005ccc   0x00000014   Code   RO         6874    i.rcm_max_driver_i32  vcu_gateway.o
    0x08005ce0   0x08005ce0   0x00000014   Code   RO         6875    i.rcm_max_rc_i32    vcu_gateway.o
    0x08005cf4   0x08005cf4   0x00000050   Code   RO         6876    i.read_mpu_gyro_z_deg_s  vcu_gateway.o
    0x08005d44   0x08005d44   0x0000002c   Code   RO         8160    i.rt_application_init  components.o
    0x08005d70   0x08005d70   0x0000001c   Code   RO         8161    i.rt_components_board_init  components.o
    0x08005d8c   0x08005d8c   0x0000001c   Code   RO         8162    i.rt_components_init  components.o
    0x08005da8   0x08005da8   0x00000028   Code   RO         8613    i.rt_console_set_device  kservice.o
    0x08005dd0   0x08005dd0   0x00000030   Code   RO         8232    i.rt_device_close   device.o
    0x08005e00   0x08005e00   0x00000050   Code   RO         8236    i.rt_device_find    device.o
    0x08005e50   0x08005e50   0x000000a8   Code   RO         8239    i.rt_device_open    device.o
    0x08005ef8   0x08005ef8   0x0000002c   Code   RO         8245    i.rt_device_write   device.o
    0x08005f24   0x08005f24   0x0000001c   Code   RO         8930    i.rt_enter_critical  scheduler.o
    0x08005f40   0x08005f40   0x00000030   Code   RO         8931    i.rt_exit_critical  scheduler.o
    0x08005f70   0x08005f70   0x000000c4   Code   RO         8800    i.rt_free           mem.o
    0x08006034   0x08006034   0x00000008   Code   RO         6788    i.rt_heap_begin_get  board.o
    0x0800603c   0x0800603c   0x00000008   Code   RO         6789    i.rt_heap_end_get   board.o
    0x08006044   0x08006044   0x0000009c   Code   RO         6790    i.rt_hw_board_init  board.o
    0x080060e0   0x080060e0   0x0000004c   Code   RO         6791    i.rt_hw_console_output  board.o
    0x0800612c   0x0800612c   0x00000104   Code   RO         9220    i.rt_hw_hard_fault_exception  cpuport.o
    0x08006230   0x08006230   0x00000040   Code   RO         9221    i.rt_hw_stack_init  cpuport.o
    0x08006270   0x08006270   0x0000001c   Code   RO         8582    i.rt_interrupt_enter  irq.o
    0x0800628c   0x0800628c   0x0000000c   Code   RO         8583    i.rt_interrupt_get_nest  irq.o
    0x08006298   0x08006298   0x0000001c   Code   RO         8584    i.rt_interrupt_leave  irq.o
    0x080062b4   0x080062b4   0x0000000e   Code   RO         8362    i.rt_ipc_list_resume  ipc.o
    0x080062c2   0x080062c2   0x0000005c   Code   RO         8364    i.rt_ipc_list_suspend  ipc.o
    0x0800631e   0x0800631e   0x00000002   PAD
    0x08006320   0x08006320   0x0000004c   Code   RO         8617    i.rt_kprintf        kservice.o
    0x0800636c   0x0800636c   0x0000000e   Code   RO         8860    i.rt_list_insert_after  object.o
    0x0800637a   0x0800637a   0x0000000e   Code   RO         8998    i.rt_list_insert_after  thread.o
    0x08006388   0x08006388   0x0000000e   Code   RO         9114    i.rt_list_insert_after  timer.o
    0x08006396   0x08006396   0x0000000e   Code   RO         8365    i.rt_list_insert_before  ipc.o
    0x080063a4   0x080063a4   0x0000000e   Code   RO         8366    i.rt_list_isempty   ipc.o
    0x080063b2   0x080063b2   0x0000000e   Code   RO         9115    i.rt_list_isempty   timer.o
    0x080063c0   0x080063c0   0x00000012   Code   RO         8861    i.rt_list_remove    object.o
    0x080063d2   0x080063d2   0x00000012   Code   RO         8999    i.rt_list_remove    thread.o
    0x080063e4   0x080063e4   0x00000104   Code   RO         8801    i.rt_malloc         mem.o
    0x080064e8   0x080064e8   0x0000004e   Code   RO         8621    i.rt_memcpy         kservice.o
    0x08006536   0x08006536   0x00000046   Code   RO         8623    i.rt_memset         kservice.o
    0x0800657c   0x0800657c   0x00000064   Code   RO         8379    i.rt_mq_init        ipc.o
    0x080065e0   0x080065e0   0x000000f0   Code   RO         8380    i.rt_mq_recv        ipc.o
    0x080066d0   0x080066d0   0x00000086   Code   RO         8381    i.rt_mq_send        ipc.o
    0x08006756   0x08006756   0x00000080   Code   RO         8382    i.rt_mq_urgent      ipc.o
    0x080067d6   0x080067d6   0x0000002a   Code   RO         8384    i.rt_mutex_create   ipc.o
    0x08006800   0x08006800   0x00000092   Code   RO         8388    i.rt_mutex_release  ipc.o
    0x08006892   0x08006892   0x000000b8   Code   RO         8389    i.rt_mutex_take     ipc.o
    0x0800694a   0x0800694a   0x0000004a   Code   RO         8862    i.rt_object_allocate  object.o
    0x08006994   0x08006994   0x00000022   Code   RO         8863    i.rt_object_delete  object.o
    0x080069b6   0x080069b6   0x0000001c   Code   RO         8864    i.rt_object_detach  object.o
    0x080069d2   0x080069d2   0x00000002   PAD
    0x080069d4   0x080069d4   0x00000024   Code   RO         8866    i.rt_object_get_information  object.o
    0x080069f8   0x080069f8   0x0000003c   Code   RO         8867    i.rt_object_init    object.o
    0x08006a34   0x08006a34   0x0000000e   Code   RO         8868    i.rt_object_is_systemobject  object.o
    0x08006a42   0x08006a42   0x00000002   PAD
    0x08006a44   0x08006a44   0x00000074   Code   RO         8932    i.rt_schedule       scheduler.o
    0x08006ab8   0x08006ab8   0x0000004c   Code   RO         8933    i.rt_schedule_insert_thread  scheduler.o
    0x08006b04   0x08006b04   0x00000054   Code   RO         8934    i.rt_schedule_remove_thread  scheduler.o
    0x08006b58   0x08006b58   0x00000026   Code   RO         8394    i.rt_sem_init       ipc.o
    0x08006b7e   0x08006b7e   0x00000040   Code   RO         8395    i.rt_sem_release    ipc.o
    0x08006bbe   0x08006bbe   0x0000006e   Code   RO         8396    i.rt_sem_take       ipc.o
    0x08006c2c   0x08006c2c   0x00000024   Code   RO         8624    i.rt_set_errno      kservice.o
    0x08006c50   0x08006c50   0x00000020   Code   RO         8632    i.rt_strncmp        kservice.o
    0x08006c70   0x08006c70   0x00000026   Code   RO         8633    i.rt_strncpy        kservice.o
    0x08006c96   0x08006c96   0x00000002   PAD
    0x08006c98   0x08006c98   0x000000b0   Code   RO         8804    i.rt_system_heap_init  mem.o
    0x08006d48   0x08006d48   0x00000034   Code   RO         8935    i.rt_system_scheduler_init  scheduler.o
    0x08006d7c   0x08006d7c   0x00000028   Code   RO         8936    i.rt_system_scheduler_start  scheduler.o
    0x08006da4   0x08006da4   0x00000018   Code   RO         9116    i.rt_system_timer_init  timer.o
    0x08006dbc   0x08006dbc   0x00000002   Code   RO         9117    i.rt_system_timer_thread_init  timer.o
    0x08006dbe   0x08006dbe   0x0000006a   Code   RO         9000    i.rt_thread_control  thread.o
    0x08006e28   0x08006e28   0x0000004c   Code   RO         9001    i.rt_thread_create  thread.o
    0x08006e74   0x08006e74   0x00000004   Code   RO         9002    i.rt_thread_delay   thread.o
    0x08006e78   0x08006e78   0x00000040   Code   RO         9003    i.rt_thread_delete  thread.o
    0x08006eb8   0x08006eb8   0x00000058   Code   RO         9005    i.rt_thread_exit    thread.o
    0x08006f10   0x08006f10   0x00000006   Code   RO         8323    i.rt_thread_idle_entry  idle.o
    0x08006f16   0x08006f16   0x00000002   PAD
    0x08006f18   0x08006f18   0x0000007c   Code   RO         8324    i.rt_thread_idle_excute  idle.o
    0x08006f94   0x08006f94   0x00000040   Code   RO         8326    i.rt_thread_idle_init  idle.o
    0x08006fd4   0x08006fd4   0x00000038   Code   RO         9007    i.rt_thread_init    thread.o
    0x0800700c   0x0800700c   0x0000003c   Code   RO         9008    i.rt_thread_resume  thread.o
    0x08007048   0x08007048   0x0000000c   Code   RO         9009    i.rt_thread_self    thread.o
    0x08007054   0x08007054   0x00000040   Code   RO         9010    i.rt_thread_sleep   thread.o
    0x08007094   0x08007094   0x00000026   Code   RO         9011    i.rt_thread_startup  thread.o
    0x080070ba   0x080070ba   0x00000042   Code   RO         9012    i.rt_thread_suspend  thread.o
    0x080070fc   0x080070fc   0x00000020   Code   RO         9013    i.rt_thread_timeout  thread.o
    0x0800711c   0x0800711c   0x00000060   Code   RO         9014    i.rt_thread_yield   thread.o
    0x0800717c   0x0800717c   0x0000000c   Code   RO         8120    i.rt_tick_get       clock.o
    0x08007188   0x08007188   0x0000002c   Code   RO         8121    i.rt_tick_increase  clock.o
    0x080071b4   0x080071b4   0x0000006c   Code   RO         9118    i.rt_timer_check    timer.o
    0x08007220   0x08007220   0x00000034   Code   RO         9119    i.rt_timer_control  timer.o
    0x08007254   0x08007254   0x00000020   Code   RO         9122    i.rt_timer_detach   timer.o
    0x08007274   0x08007274   0x0000002a   Code   RO         9123    i.rt_timer_init     timer.o
    0x0800729e   0x0800729e   0x00000002   PAD
    0x080072a0   0x080072a0   0x000000d4   Code   RO         9126    i.rt_timer_start    timer.o
    0x08007374   0x08007374   0x0000002e   Code   RO         9127    i.rt_timer_stop     timer.o
    0x080073a2   0x080073a2   0x00000004   Code   RO         8163    i.rti_board_end     components.o
    0x080073a6   0x080073a6   0x00000004   Code   RO         8164    i.rti_board_start   components.o
    0x080073aa   0x080073aa   0x00000004   Code   RO         8165    i.rti_end           components.o
    0x080073ae   0x080073ae   0x00000004   Code   RO         8166    i.rti_start         components.o
    0x080073b2   0x080073b2   0x00000026   Code   RO         8167    i.rtthread_startup  components.o
    0x080073d8   0x080073d8   0x00000018   Code   RO         6877    i.sbus_convert_to_control  vcu_gateway.o
    0x080073f0   0x080073f0   0x00000028   Code   RO         6878    i.sbus_decode_25b_to_channels  vcu_gateway.o
    0x08007418   0x08007418   0x00000144   Code   RO         6627    i.sbus_decode_frame  sbus_agmo.o
    0x0800755c   0x0800755c   0x00000004   Code   RO         6879    i.sbus_get_frame_25b  vcu_gateway.o
    0x08007560   0x08007560   0x0000000c   Code   RO         6880    i.sbus_ma_reset     vcu_gateway.o
    0x0800756c   0x0800756c   0x00000068   Code   RO         6881    i.sbus_ma_update    vcu_gateway.o
    0x080075d4   0x080075d4   0x00000030   Code   RO         6628    i.sbus_mq_init      sbus_agmo.o
    0x08007604   0x08007604   0x00000250   Code   RO         6882    i.sbus_thread_entry  vcu_gateway.o
    0x08007854   0x08007854   0x0000004e   Code   RO         6883    i.sbus_to_cmd       vcu_gateway.o
    0x080078a2   0x080078a2   0x00000078   Code   RO         7106    i.scale_to_limit    rc_mixer.o
    0x0800791a   0x0800791a   0x00000016   Code   RO         6884    i.tick_to_ms        vcu_gateway.o
    0x08007930   0x08007930   0x00000140   Code   RO         6885    i.update_motion_monitor  vcu_gateway.o
    0x08007a70   0x08007a70   0x0000015c   Code   RO         6888    i.vcu_gateway_init  vcu_gateway.o
    0x08007bcc   0x08007bcc   0x0000000c   Code   RO         6889    i.weed_fsm_step     vcu_gateway.o
    0x08007bd8   0x08007bd8   0x0000015c   Code   RO         6890    i.weed_fsm_step_time_based  vcu_gateway.o
    0x08007d34   0x08007d34   0x0000002e   Code   RO         6891    i.weed_period_elapsed  vcu_gateway.o
    0x08007d62   0x08007d62   0x00000002   PAD
    0x08007d64   0x08007d64   0x0000001c   Data   RO         7107    .constdata          rc_mixer.o
    0x08007d80   0x08007d80   0x00000020   Data   RO         7108    .constdata          rc_mixer.o
    0x08007da0   0x08007da0   0x00000040   Data   RO         7156    .constdata          dac.o
    0x08007de0   0x08007de0   0x00000122   Data   RO         8640    .constdata          kservice.o
    0x08007f02   0x08007f02   0x00000006   PAD
    0x08007f08   0x08007f08   0x00000098   Data   RO         9257    .constdata          m_wm.l(atan.o)
    0x08007fa0   0x08007fa0   0x00000140   Data   RO         9271    .constdata          m_wm.l(powf.o)
    0x080080e0   0x080080e0   0x00000004   Data   RO         8168    .rti_fn.0           components.o
    0x080080e4   0x080080e4   0x00000004   Data   RO         8169    .rti_fn.0.end       components.o
    0x080080e8   0x080080e8   0x00000004   Data   RO         8170    .rti_fn.1.end       components.o
    0x080080ec   0x080080ec   0x00000004   Data   RO         8171    .rti_fn.6.end       components.o
    0x080080f0   0x080080f0   0x00000020   Data   RO         9687    Region$$Table       anon$$obj.o


    Execution Region RW_IRAM2 (Exec base: 0x10000000, Load base: 0x08008164, Size: 0x00000000, Max: 0x00010000, ABSOLUTE)

    **** No section assigned to this execution region ****


    Execution Region RW_IRAM1 (Exec base: 0x20000000, Load base: 0x08008110, Size: 0x00002f20, Max: 0x00020000, ABSOLUTE, COMPRESSED[0x00000054])

    Exec Addr    Load Addr    Size         Type   Attr      Idx    E Section Name        Object

    0x20000000   COMPRESSED   0x00000014   Data   RW           15    .data               system_stm32f4xx.o
    0x20000014   COMPRESSED   0x00000010   Data   RW         2864    .data               stm32f4xx_rcc.o
    0x20000024   COMPRESSED   0x00000001   Data   RW         5268    .data               can.o
    0x20000025   COMPRESSED   0x00000001   Data   RW         5747    .data               485_4.o
    0x20000026   COMPRESSED   0x00000001   Data   RW         5818    .data               485_3.o
    0x20000027   COMPRESSED   0x00000001   Data   RW         5887    .data               232_2.o
    0x20000028   COMPRESSED   0x00000004   Data   RW         5947    .data               232_1_modbus.o
    0x2000002c   COMPRESSED   0x00000008   Data   RW         6395    .data               ec800_usart.o
    0x20000034   COMPRESSED   0x00000014   Data   RW         6571    .data               can_agmo.o
    0x20000048   COMPRESSED   0x00000002   Data   RW         6630    .data               sbus_agmo.o
    0x2000004a   COMPRESSED   0x00000002   Data   RW         6678    .data               main.o
    0x2000004c   COMPRESSED   0x00000008   Data   RW         6893    .data               vcu_gateway.o
    0x20000054   COMPRESSED   0x00000008   Data   RW         7200    .data               delay.o
    0x2000005c   COMPRESSED   0x00000004   Data   RW         7258    .data               pwm.o
    0x20000060   COMPRESSED   0x00000004   Data   RW         8123    .data               clock.o
    0x20000064   COMPRESSED   0x00000001   Data   RW         8585    .data               irq.o
    0x20000065   COMPRESSED   0x00000003   PAD
    0x20000068   COMPRESSED   0x00000008   Data   RW         8641    .data               kservice.o
    0x20000070   COMPRESSED   0x00000018   Data   RW         8806    .data               mem.o
    0x20000088   COMPRESSED   0x00000070   Data   RW         8870    .data               object.o
    0x200000f8   COMPRESSED   0x00000014   Data   RW         8938    .data               scheduler.o
    0x2000010c   COMPRESSED   0x0000000c   Data   RW         9128    .data               timer.o
    0x20000118   COMPRESSED   0x00000004   Data   RW         9222    .data               cpuport.o
    0x2000011c   COMPRESSED   0x00000004   Data   RW         9223    .data               cpuport.o
    0x20000120   COMPRESSED   0x00000004   Data   RW         9224    .data               cpuport.o
    0x20000124   COMPRESSED   0x00000004   Data   RW         9225    .data               cpuport.o
    0x20000128   COMPRESSED   0x00000004   Data   RW         9299    .data               mc_w.l(stdout.o)
    0x2000012c   COMPRESSED   0x00000004   Data   RW         9664    .data               mc_w.l(errno.o)
    0x20000130        -       0x0000000a   Zero   RW         4985    .bss                ad.o
    0x2000013a   COMPRESSED   0x00000002   PAD
    0x2000013c        -       0x00000014   Zero   RW         5261    .bss                can.o
    0x20000150        -       0x000000c8   Zero   RW         5946    .bss                232_1_modbus.o
    0x20000218        -       0x00000290   Zero   RW         6570    .bss                can_agmo.o
    0x200004a8        -       0x00000115   Zero   RW         6629    .bss                sbus_agmo.o
    0x200005bd   COMPRESSED   0x00000003   PAD
    0x200005c0        -       0x00002000   Zero   RW         6793    .bss                board.o
    0x200025c0        -       0x000001c8   Zero   RW         6892    .bss                vcu_gateway.o
    0x20002788        -       0x00000080   Zero   RW         7155    .bss                dac.o
    0x20002808        -       0x00000178   Zero   RW         8327    .bss                idle.o
    0x20002980        -       0x00000080   Zero   RW         8639    .bss                kservice.o
    0x20002a00        -       0x00000020   Zero   RW         8805    .bss                mem.o
    0x20002a20        -       0x00000100   Zero   RW         8937    .bss                scheduler.o
    0x20002b20        -       0x00000400   Zero   RW            1    STACK               startup_stm32f40_41xxx.o


==============================================================================

Image component sizes


      Code (inc. data)   RO Data    RW Data    ZI Data      Debug   Object Name

       290         24          0          4        200       2852   232_1_modbus.o
       286         28          0          1          0       2805   232_2.o
        64         14          0          1          0        899   485_3.o
        64         14          0          1          0        882   485_4.o
       300         18          0          0         10      11917   ad.o
       266         28          0          0       8192      30297   board.o
       494         16          0          1         20       6366   can.o
       432         78          0         20        656       5524   can_agmo.o
        56         12          0          4          0       1453   clock.o
       182         28         16          0          0       6852   components.o
       272         26          0          0          0        896   context_rvds.o
       324        166          0         16          0       3962   cpuport.o
       358         30         64          0        128       3114   dac.o
       148         16          0          8          0       1856   delay.o
       340         56          0          0          0       3846   device.o
       362         36          0          8          0       3595   ec800_usart.o
       214         28          0          0        376       5610   idle.o
        88         14          0          0          0        609   io_10_in.o
       224         50          0          0          0       1312   io_10_out.o
      1320          0          0          0          0      15100   ipc.o
        68         18          0          1          0       2466   irq.o
       442         26        290          8        128       9795   kservice.o
        64          4          0          0          0        587   led.o
        60         34          0          2          0       5364   main.o
       716        172          0         24         32       4548   mem.o
       124         16          0          0          0     253255   misc.o
      1212        488          0          0          0       3361   mpu6050.o
       382         20          0          0          0       6060   myiic.o
       278          6          0        112          0       8692   object.o
       198         18          0          4          0       2138   pwm.o
      1654         52         60          0          0      11322   rc_mixer.o
       528         30          0          2        277       7005   sbus_agmo.o
       210         14          0          0          0       1312   sbus_uart.o
       444         58          0         20        256       8710   scheduler.o
       236          8          0          0          0       1784   spi.o
        36          8        392          0       1024        932   startup_stm32f40_41xxx.o
       314         20          0          0          0      21843   stm32f4xx_adc.o
      1380         42          0          0          0      17881   stm32f4xx_can.o
       104         16          0          0          0       7478   stm32f4xx_dac.o
       108          4          0          0          0      15193   stm32f4xx_dma.o
       186          0          0          0          0      10946   stm32f4xx_gpio.o
       136         44          0          0          0       4819   stm32f4xx_it.o
       272         36          0         16          0      21136   stm32f4xx_rcc.o
        80          0          0          0          0      10165   stm32f4xx_spi.o
       230         28          0          0          0      25766   stm32f4xx_tim.o
       376          8          0          0          0      12951   stm32f4xx_usart.o
       276         34          0         20          0      80417   system_stm32f4xx.o
       296        168          0          0          0       1368   th.o
       914         44          0          0          0      14430   thread.o
       618         14          0         12          0      11676   timer.o
      6360        340          0          8        456      44788   vcu_gateway.o

    ----------------------------------------------------------------------
     24434       2452        860        296      11760     737935   Object Totals
         0          0         32          0          0          0   (incl. Generated)
        48          0          6          3          5          0   (incl. Padding)

    ----------------------------------------------------------------------

      Code (inc. data)   RO Data    RW Data    ZI Data      Debug   Library Member Name

       728        106        152          0          0        228   atan.o
        52          8          0          0          0        248   dunder.o
        24          0          0          0          0        124   fabs.o
        48          0          0          0          0        124   fpclassify.o
        38          0          0          0          0        116   fpclassifyf.o
        74         24          0          0          0        580   funder.o
       248          0          0          0          0        152   poly.o
      1636        110        320          0          0        372   powf.o
       122          0          0          0          0        148   sqrt.o
        86          0          0          0          0          0   __dczerorl2.o
         0          0          0          0          0          0   entry.o
         0          0          0          0          0          0   entry10a.o
         0          0          0          0          0          0   entry11a.o
         4          0          0          0          0          0   entry12b.o
         8          4          0          0          0          0   entry2.o
         4          0          0          0          0          0   entry5.o
         0          0          0          0          0          0   entry7b.o
         0          0          0          0          0          0   entry8b.o
         8          4          0          0          0          0   entry9a.o
        12          6          0          4          0         68   errno.o
        18          0          0          0          0         80   fputc.o
        30          0          0          0          0          0   handlers.o
        36          8          0          0          0         68   init.o
         0          0          0          0          0          0   iusefp.o
         0          0          0          0          0          0   iusesemip.o
        30          0          0          0          0         68   llshl.o
        36          0          0          0          0         68   llsshr.o
        32          0          0          0          0         68   llushr.o
        36          0          0          0          0         68   memcpya.o
        36          0          0          0          0        108   memseta.o
      2292         96          0          0          0        612   printfa.o
         0          0          0          0          0          0   semi.o
         0          0          0          4          0          0   stdout.o
        44          0          0          0          0         80   uidiv.o
        98          0          0          0          0         92   uldiv.o
        48          0          0          0          0         68   cdrcmple.o
        56          0          0          0          0         88   d2f.o
       334          0          0          0          0        148   dadd.o
       222          0          0          0          0        100   ddiv.o
       186          0          0          0          0        176   depilogue.o
        48          0          0          0          0         68   dfixul.o
        34          0          0          0          0         76   dflti.o
       228          0          0          0          0         96   dmul.o
       162          0          0          0          0        100   dsqrt.o
        38          0          0          0          0         68   f2d.o
       110          0          0          0          0        168   fepilogue.o
         4          0          0          0          0         68   fpstat.o

    ----------------------------------------------------------------------
      7274        366        472          8          0       4696   Library Totals
        24          0          0          0          0          0   (incl. Padding)

    ----------------------------------------------------------------------

      Code (inc. data)   RO Data    RW Data    ZI Data      Debug   Library Name

      2970        248        472          0          0       2092   m_wm.l
      2810        118          0          8          0       1380   mc_w.l
      1470          0          0          0          0       1224   mf_w.l

    ----------------------------------------------------------------------
      7274        366        472          8          0       4696   Library Totals

    ----------------------------------------------------------------------

==============================================================================


      Code (inc. data)   RO Data    RW Data    ZI Data      Debug   

     31708       2818       1332        304      11760     712863   Grand Totals
     31708       2818       1332         84      11760     712863   ELF Image Totals (compressed)
     31708       2818       1332         84          0          0   ROM Totals

==============================================================================

    Total RO  Size (Code + RO Data)                33040 (  32.27kB)
    Total RW  Size (RW Data + ZI Data)             12064 (  11.78kB)
    Total ROM Size (Code + RO Data + RW Data)      33124 (  32.35kB)

==============================================================================

