Component: ARM Compiler 5.06 update 7 (build 960) Tool: armlink [4d3601]

==============================================================================

Section Cross References

    startup_stm32f40_41xxx.o(RESET) refers to startup_stm32f40_41xxx.o(STACK) for __initial_sp
    startup_stm32f40_41xxx.o(RESET) refers to startup_stm32f40_41xxx.o(.text) for Reset_Handler
    startup_stm32f40_41xxx.o(RESET) refers to stm32f4xx_it.o(i.NMI_Handler) for NMI_Handler
    startup_stm32f40_41xxx.o(RESET) refers to context_rvds.o(.text) for HardFault_Handler
    startup_stm32f40_41xxx.o(RESET) refers to stm32f4xx_it.o(i.MemManage_Handler) for MemManage_Handler
    startup_stm32f40_41xxx.o(RESET) refers to stm32f4xx_it.o(i.BusFault_Handler) for BusFault_Handler
    startup_stm32f40_41xxx.o(RESET) refers to stm32f4xx_it.o(i.UsageFault_Handler) for UsageFault_Handler
    startup_stm32f40_41xxx.o(RESET) refers to stm32f4xx_it.o(i.SVC_Handler) for SVC_Handler
    startup_stm32f40_41xxx.o(RESET) refers to stm32f4xx_it.o(i.DebugMon_Handler) for DebugMon_Handler
    startup_stm32f40_41xxx.o(RESET) refers to board.o(i.SysTick_Handler) for SysTick_Handler
    startup_stm32f40_41xxx.o(RESET) refers to stm32f4xx_it.o(i.CAN1_RX0_IRQHandler) for CAN1_RX0_IRQHandler
    startup_stm32f40_41xxx.o(RESET) refers to pwm.o(i.TIM1_TRG_COM_TIM11_IRQHandler) for TIM1_TRG_COM_TIM11_IRQHandler
    startup_stm32f40_41xxx.o(RESET) refers to 232_1_modbus.o(i.USART1_IRQHandler) for USART1_IRQHandler
    startup_stm32f40_41xxx.o(RESET) refers to 232_2.o(i.USART2_IRQHandler) for USART2_IRQHandler
    startup_stm32f40_41xxx.o(RESET) refers to 485_3.o(i.USART3_IRQHandler) for USART3_IRQHandler
    startup_stm32f40_41xxx.o(RESET) refers to 485_4.o(i.UART4_IRQHandler) for UART4_IRQHandler
    startup_stm32f40_41xxx.o(RESET) refers to ec800_usart.o(i.UART5_IRQHandler) for UART5_IRQHandler
    startup_stm32f40_41xxx.o(RESET) refers to stm32f4xx_it.o(i.CAN2_RX0_IRQHandler) for CAN2_RX0_IRQHandler
    startup_stm32f40_41xxx.o(RESET) refers to stm32f4xx_it.o(i.USART6_IRQHandler) for USART6_IRQHandler
    startup_stm32f40_41xxx.o(.text) refers to system_stm32f4xx.o(i.SystemInit) for SystemInit
    startup_stm32f40_41xxx.o(.text) refers to entry.o(.ARM.Collect$$$$00000000) for __main
    system_stm32f4xx.o(i.SystemCoreClockUpdate) refers to system_stm32f4xx.o(.data) for .data
    system_stm32f4xx.o(i.SystemInit) refers to system_stm32f4xx.o(i.SetSysClock) for SetSysClock
    stm32f4xx_adc.o(i.ADC_DeInit) refers to stm32f4xx_rcc.o(i.RCC_APB2PeriphResetCmd) for RCC_APB2PeriphResetCmd
    stm32f4xx_can.o(i.CAN_DeInit) refers to stm32f4xx_rcc.o(i.RCC_APB1PeriphResetCmd) for RCC_APB1PeriphResetCmd
    stm32f4xx_can.o(i.CAN_GetITStatus) refers to stm32f4xx_can.o(i.CheckITStatus) for CheckITStatus
    stm32f4xx_cryp.o(i.CRYP_DeInit) refers to stm32f4xx_rcc.o(i.RCC_AHB2PeriphResetCmd) for RCC_AHB2PeriphResetCmd
    stm32f4xx_cryp_aes.o(i.CRYP_AES_CBC) refers to stm32f4xx_cryp.o(i.CRYP_KeyStructInit) for CRYP_KeyStructInit
    stm32f4xx_cryp_aes.o(i.CRYP_AES_CBC) refers to stm32f4xx_cryp.o(i.CRYP_KeyInit) for CRYP_KeyInit
    stm32f4xx_cryp_aes.o(i.CRYP_AES_CBC) refers to stm32f4xx_cryp.o(i.CRYP_Init) for CRYP_Init
    stm32f4xx_cryp_aes.o(i.CRYP_AES_CBC) refers to stm32f4xx_cryp.o(i.CRYP_IVInit) for CRYP_IVInit
    stm32f4xx_cryp_aes.o(i.CRYP_AES_CBC) refers to stm32f4xx_cryp.o(i.CRYP_FIFOFlush) for CRYP_FIFOFlush
    stm32f4xx_cryp_aes.o(i.CRYP_AES_CBC) refers to stm32f4xx_cryp.o(i.CRYP_Cmd) for CRYP_Cmd
    stm32f4xx_cryp_aes.o(i.CRYP_AES_CBC) refers to stm32f4xx_cryp.o(i.CRYP_GetCmdStatus) for CRYP_GetCmdStatus
    stm32f4xx_cryp_aes.o(i.CRYP_AES_CBC) refers to stm32f4xx_cryp.o(i.CRYP_GetFlagStatus) for CRYP_GetFlagStatus
    stm32f4xx_cryp_aes.o(i.CRYP_AES_CBC) refers to stm32f4xx_cryp.o(i.CRYP_DataIn) for CRYP_DataIn
    stm32f4xx_cryp_aes.o(i.CRYP_AES_CBC) refers to stm32f4xx_cryp.o(i.CRYP_DataOut) for CRYP_DataOut
    stm32f4xx_cryp_aes.o(i.CRYP_AES_CCM) refers to stm32f4xx_cryp.o(i.CRYP_KeyStructInit) for CRYP_KeyStructInit
    stm32f4xx_cryp_aes.o(i.CRYP_AES_CCM) refers to stm32f4xx_cryp.o(i.CRYP_FIFOFlush) for CRYP_FIFOFlush
    stm32f4xx_cryp_aes.o(i.CRYP_AES_CCM) refers to stm32f4xx_cryp.o(i.CRYP_KeyInit) for CRYP_KeyInit
    stm32f4xx_cryp_aes.o(i.CRYP_AES_CCM) refers to stm32f4xx_cryp.o(i.CRYP_IVInit) for CRYP_IVInit
    stm32f4xx_cryp_aes.o(i.CRYP_AES_CCM) refers to stm32f4xx_cryp.o(i.CRYP_Init) for CRYP_Init
    stm32f4xx_cryp_aes.o(i.CRYP_AES_CCM) refers to stm32f4xx_cryp.o(i.CRYP_PhaseConfig) for CRYP_PhaseConfig
    stm32f4xx_cryp_aes.o(i.CRYP_AES_CCM) refers to stm32f4xx_cryp.o(i.CRYP_DataIn) for CRYP_DataIn
    stm32f4xx_cryp_aes.o(i.CRYP_AES_CCM) refers to stm32f4xx_cryp.o(i.CRYP_Cmd) for CRYP_Cmd
    stm32f4xx_cryp_aes.o(i.CRYP_AES_CCM) refers to stm32f4xx_cryp.o(i.CRYP_GetCmdStatus) for CRYP_GetCmdStatus
    stm32f4xx_cryp_aes.o(i.CRYP_AES_CCM) refers to stm32f4xx_cryp.o(i.CRYP_GetFlagStatus) for CRYP_GetFlagStatus
[...]
    .data                                    0x20000026   Section        1  485_3.o(.data)
    .data                                    0x20000027   Section        1  232_2.o(.data)
    .data                                    0x20000028   Section        4  232_1_modbus.o(.data)
    .data                                    0x2000002c   Section        8  ec800_usart.o(.data)
    EC800_USART_thread                       0x20000030   Data           4  ec800_usart.o(.data)
    .data                                    0x20000034   Section       20  can_agmo.o(.data)
    Mail_Box                                 0x20000034   Data           1  can_agmo.o(.data)
    g_can_tx_mq_inited                       0x2000003c   Data           4  can_agmo.o(.data)
    g_can_rx_mq_inited                       0x20000044   Data           4  can_agmo.o(.data)
    .data                                    0x20000048   Section        2  sbus_agmo.o(.data)
    s_sbus_idx                               0x20000048   Data           1  sbus_agmo.o(.data)
    s_collect                                0x20000049   Data           1  sbus_agmo.o(.data)
    .data                                    0x2000004a   Section        2  main.o(.data)
    .data                                    0x2000004c   Section        8  vcu_gateway.o(.data)
    g_lock                                   0x2000004c   Data           4  vcu_gateway.o(.data)
    g_can_rx_mq                              0x20000050   Data           4  vcu_gateway.o(.data)
    .data                                    0x20000054   Section        8  delay.o(.data)
    .data                                    0x2000005c   Section        4  pwm.o(.data)
    .data                                    0x20000060   Section        4  clock.o(.data)
    rt_tick                                  0x20000060   Data           4  clock.o(.data)
    .data                                    0x20000064   Section        1  irq.o(.data)
    .data                                    0x20000068   Section        8  kservice.o(.data)
    _console_device                          0x20000068   Data           4  kservice.o(.data)
    __rt_errno                               0x2000006c   Data           4  kservice.o(.data)
    .data                                    0x20000070   Section       24  mem.o(.data)
    heap_ptr                                 0x20000070   Data           4  mem.o(.data)
    heap_end                                 0x20000074   Data           4  mem.o(.data)
    lfree                                    0x20000078   Data           4  mem.o(.data)
    mem_size_aligned                         0x2000007c   Data           4  mem.o(.data)
    used_mem                                 0x20000080   Data           4  mem.o(.data)
    max_mem                                  0x20000084   Data           4  mem.o(.data)
    .data                                    0x20000088   Section      112  object.o(.data)
    rt_object_container                      0x20000088   Data         112  object.o(.data)
    .data                                    0x200000f8   Section       20  scheduler.o(.data)
    rt_scheduler_lock_nest                   0x200000fa   Data           2  scheduler.o(.data)
    .data                                    0x2000010c   Section       12  timer.o(.data)
    random_nr                                0x2000010c   Data           4  timer.o(.data)
    rt_timer_list                            0x20000110   Data           8  timer.o(.data)
    .data                                    0x20000118   Section        4  cpuport.o(.data)
    rt_exception_hook                        0x20000118   Data           4  cpuport.o(.data)
    .data                                    0x2000011c   Section        4  cpuport.o(.data)
    .data                                    0x20000120   Section        4  cpuport.o(.data)
    .data                                    0x20000124   Section        4  cpuport.o(.data)
    .data                                    0x20000128   Section        4  stdout.o(.data)
    .bss                                     0x2000012c   Section       10  ad.o(.bss)
    .bss                                     0x20000138   Section       20  can.o(.bss)
    .bss                                     0x2000014c   Section      200  232_1_modbus.o(.bss)
    .bss                                     0x20000214   Section      400  can_agmo.o(.bss)
    can_tx_mq                                0x20000214   Data          52  can_agmo.o(.bss)
    can_rx_mq                                0x20000248   Data          52  can_agmo.o(.bss)
    can_mq_pool                              0x2000027c   Data         256  can_agmo.o(.bss)
    RxMessage                                0x2000037c   Data          20  can_agmo.o(.bss)
    TxMessage                                0x20000390   Data          20  can_agmo.o(.bss)
    .bss                                     0x200003a4   Section      277  sbus_agmo.o(.bss)
    sbus_rx_mq                               0x200003a4   Data          52  sbus_agmo.o(.bss)
    sbus_rx_mq_pool                          0x200003d8   Data         200  sbus_agmo.o(.bss)
    s_sbus_buf                               0x200004a0   Data          25  sbus_agmo.o(.bss)
    .bss                                     0x200004bc   Section     8192  board.o(.bss)
    rt_heap                                  0x200004bc   Data        8192  board.o(.bss)
    .bss                                     0x200024bc   Section      124  vcu_gateway.o(.bss)
    .bss                                     0x20002538   Section      128  dac.o(.bss)
    .bss                                     0x200025b8   Section      376  idle.o(.bss)
    idle                                     0x200025b8   Data         120  idle.o(.bss)
    rt_thread_stack                          0x20002630   Data         256  idle.o(.bss)
    .bss                                     0x20002730   Section      128  kservice.o(.bss)
    rt_log_buf                               0x20002730   Data         128  kservice.o(.bss)
    .bss                                     0x200027b0   Section       32  mem.o(.bss)
    heap_sem                                 0x200027b0   Data          32  mem.o(.bss)
    .bss                                     0x200027d0   Section      256  scheduler.o(.bss)
    STACK                                    0x200028d0   Section     1024  startup_stm32f40_41xxx.o(STACK)

    Global Symbols

    Symbol Name                              Value     Ov Type        Size  Object(Section)

    BuildAttributes$$THM_ISAv4$E$P$D$K$B$S$7EM$VFPi3$EXTD16$VFPS$VFMA$PE$A:L22UL41UL21$X:L11$S22US41US21$IEEE1$IW$USESV6$~STKCKD$USESV7$~SHL$OTIME$ROPI$IEEEX$EBA8$MICROLIB$REQ8$PRES8$EABIv2 0x00000000   Number         0  anon$$obj.o ABSOLUTE
    __ARM_use_no_argv                        0x00000000   Number         0  main.o ABSOLUTE
    _printf_a                                0x00000000   Number         0  stubs.o ABSOLUTE
    _printf_c                                0x00000000   Number         0  stubs.o ABSOLUTE
    _printf_charcount                        0x00000000   Number         0  stubs.o ABSOLUTE
    _printf_d                                0x00000000   Number         0  stubs.o ABSOLUTE
    _printf_e                                0x00000000   Number         0  stubs.o ABSOLUTE
    _printf_f                                0x00000000   Number         0  stubs.o ABSOLUTE
    _printf_flags                            0x00000000   Number         0  stubs.o ABSOLUTE
    _printf_fp_dec                           0x00000000   Number         0  stubs.o ABSOLUTE
    _printf_fp_hex                           0x00000000   Number         0  stubs.o ABSOLUTE
    _printf_g                                0x00000000   Number         0  stubs.o ABSOLUTE
    _printf_i                                0x00000000   Number         0  stubs.o ABSOLUTE
    _printf_int_dec                          0x00000000   Number         0  stubs.o ABSOLUTE
    _printf_l                                0x00000000   Number         0  stubs.o ABSOLUTE
    _printf_lc                               0x00000000   Number         0  stubs.o ABSOLUTE
    _printf_ll                               0x00000000   Number         0  stubs.o ABSOLUTE
    _printf_lld                              0x00000000   Number         0  stubs.o ABSOLUTE
    _printf_lli                              0x00000000   Number         0  stubs.o ABSOLUTE
    _printf_llo                              0x00000000   Number         0  stubs.o ABSOLUTE
    _printf_llu                              0x00000000   Number         0  stubs.o ABSOLUTE
    _printf_llx                              0x00000000   Number         0  stubs.o ABSOLUTE
    _printf_longlong_dec                     0x00000000   Number         0  stubs.o ABSOLUTE
    _printf_longlong_hex                     0x00000000   Number         0  stubs.o ABSOLUTE
    _printf_longlong_oct                     0x00000000   Number         0  stubs.o ABSOLUTE
    _printf_ls                               0x00000000   Number         0  stubs.o ABSOLUTE
    _printf_mbtowc                           0x00000000   Number         0  stubs.o ABSOLUTE
    _printf_n                                0x00000000   Number         0  stubs.o ABSOLUTE
    _printf_o                                0x00000000   Number         0  stubs.o ABSOLUTE
    _printf_p                                0x00000000   Number         0  stubs.o ABSOLUTE
    _printf_percent                          0x00000000   Number         0  stubs.o ABSOLUTE
    _printf_pre_padding                      0x00000000   Number         0  stubs.o ABSOLUTE
    _printf_return_value                     0x00000000   Number         0  stubs.o ABSOLUTE
    _printf_s                                0x00000000   Number         0  stubs.o ABSOLUTE
    _printf_sizespec                         0x00000000   Number         0  stubs.o ABSOLUTE
    _printf_str                              0x00000000   Number         0  stubs.o ABSOLUTE
    _printf_truncate_signed                  0x00000000   Number         0  stubs.o ABSOLUTE
    _printf_truncate_unsigned                0x00000000   Number         0  stubs.o ABSOLUTE
    _printf_u                                0x00000000   Number         0  stubs.o ABSOLUTE
    _printf_wc                               0x00000000   Number         0  stubs.o ABSOLUTE
    _printf_wctomb                           0x00000000   Number         0  stubs.o ABSOLUTE
    _printf_widthprec                        0x00000000   Number         0  stubs.o ABSOLUTE
    _printf_x                                0x00000000   Number         0  stubs.o ABSOLUTE
    __arm_fini_                               - Undefined Weak Reference
    __cpp_initialize__aeabi_                  - Undefined Weak Reference
    __cxa_finalize                            - Undefined Weak Reference
    _clock_init                               - Undefined Weak Reference
    _microlib_exit                            - Undefined Weak Reference
    __Vectors_Size                           0x00000188   Number         0  startup_stm32f40_41xxx.o ABSOLUTE
    __Vectors                                0x08000000   Data           4  startup_stm32f40_41xxx.o(RESET)
    __Vectors_End                            0x08000188   Data           0  startup_stm32f40_41xxx.o(RESET)
    __main                                   0x08000189   Thumb Code     0  entry.o(.ARM.Collect$$$$00000000)
    _main_stk                                0x08000189   Thumb Code     0  entry2.o(.ARM.Collect$$$$00000001)
    _main_scatterload                        0x0800018d   Thumb Code     0  entry5.o(.ARM.Collect$$$$00000004)
    __main_after_scatterload                 0x08000191   Thumb Code     0  entry5.o(.ARM.Collect$$$$00000004)
    _main_clock                              0x08000191   Thumb Code     0  entry7b.o(.ARM.Collect$$$$00000008)
    _main_cpp_init                           0x08000191   Thumb Code     0  entry8b.o(.ARM.Collect$$$$0000000A)
    _main_init                               0x08000191   Thumb Code     0  entry9a.o(.ARM.Collect$$$$0000000B)
    __rt_lib_shutdown_fini                   0x08000199   Thumb Code     0  entry12b.o(.ARM.Collect$$$$0000000E)
    __rt_final_cpp                           0x0800019d   Thumb Code     0  entry10a.o(.ARM.Collect$$$$0000000F)
    __rt_final_exit                          0x0800019d   Thumb Code     0  entry11a.o(.ARM.Collect$$$$00000011)
    Reset_Handler                            0x080001a1   Thumb Code     8  startup_stm32f40_41xxx.o(.text)
    ADC_IRQHandler                           0x080001bb   Thumb Code     0  startup_stm32f40_41xxx.o(.text)
    CAN1_RX1_IRQHandler                      0x080001bb   Thumb Code     0  startup_stm32f40_41xxx.o(.text)
    CAN1_SCE_IRQHandler                      0x080001bb   Thumb Code     0  startup_stm32f40_41xxx.o(.text)
    CAN1_TX_IRQHandler                       0x080001bb   Thumb Code     0  startup_stm32f40_41xxx.o(.text)
    CAN2_RX1_IRQHandler                      0x080001bb   Thumb Code     0  startup_stm32f40_41xxx.o(.text)
    CAN2_SCE_IRQHandler                      0x080001bb   Thumb Code     0  startup_stm32f40_41xxx.o(.text)
    CAN2_TX_IRQHandler                       0x080001bb   Thumb Code     0  startup_stm32f40_41xxx.o(.text)
    CRYP_IRQHandler                          0x080001bb   Thumb Code     0  startup_stm32f40_41xxx.o(.text)
    DCMI_IRQHandler                          0x080001bb   Thumb Code     0  startup_stm32f40_41xxx.o(.text)
    DMA1_Stream0_IRQHandler                  0x080001bb   Thumb Code     0  startup_stm32f40_41xxx.o(.text)
    DMA1_Stream1_IRQHandler                  0x080001bb   Thumb Code     0  startup_stm32f40_41xxx.o(.text)
    DMA1_Stream2_IRQHandler                  0x080001bb   Thumb Code     0  startup_stm32f40_41xxx.o(.text)
    DMA1_Stream3_IRQHandler                  0x080001bb   Thumb Code     0  startup_stm32f40_41xxx.o(.text)
    DMA1_Stream4_IRQHandler                  0x080001bb   Thumb Code     0  startup_stm32f40_41xxx.o(.text)
    DMA1_Stream5_IRQHandler                  0x080001bb   Thumb Code     0  startup_stm32f40_41xxx.o(.text)
    DMA1_Stream6_IRQHandler                  0x080001bb   Thumb Code     0  startup_stm32f40_41xxx.o(.text)
    DMA1_Stream7_IRQHandler                  0x080001bb   Thumb Code     0  startup_stm32f40_41xxx.o(.text)
    DMA2_Stream0_IRQHandler                  0x080001bb   Thumb Code     0  startup_stm32f40_41xxx.o(.text)
    DMA2_Stream1_IRQHandler                  0x080001bb   Thumb Code     0  startup_stm32f40_41xxx.o(.text)
    DMA2_Stream2_IRQHandler                  0x080001bb   Thumb Code     0  startup_stm32f40_41xxx.o(.text)
    DMA2_Stream3_IRQHandler                  0x080001bb   Thumb Code     0  startup_stm32f40_41xxx.o(.text)
    DMA2_Stream4_IRQHandler                  0x080001bb   Thumb Code     0  startup_stm32f40_41xxx.o(.text)
    DMA2_Stream5_IRQHandler                  0x080001bb   Thumb Code     0  startup_stm32f40_41xxx.o(.text)
    DMA2_Stream6_IRQHandler                  0x080001bb   Thumb Code     0  startup_stm32f40_41xxx.o(.text)
    DMA2_Stream7_IRQHandler                  0x080001bb   Thumb Code     0  startup_stm32f40_41xxx.o(.text)
    ETH_IRQHandler                           0x080001bb   Thumb Code     0  startup_stm32f40_41xxx.o(.text)
    ETH_WKUP_IRQHandler                      0x080001bb   Thumb Code     0  startup_stm32f40_41xxx.o(.text)
    EXTI0_IRQHandler                         0x080001bb   Thumb Code     0  startup_stm32f40_41xxx.o(.text)
    EXTI15_10_IRQHandler                     0x080001bb   Thumb Code     0  startup_stm32f40_41xxx.o(.text)
    EXTI1_IRQHandler                         0x080001bb   Thumb Code     0  startup_stm32f40_41xxx.o(.text)
    EXTI2_IRQHandler                         0x080001bb   Thumb Code     0  startup_stm32f40_41xxx.o(.text)
    EXTI3_IRQHandler                         0x080001bb   Thumb Code     0  startup_stm32f40_41xxx.o(.text)
    EXTI4_IRQHandler                         0x080001bb   Thumb Code     0  startup_stm32f40_41xxx.o(.text)
    EXTI9_5_IRQHandler                       0x080001bb   Thumb Code     0  startup_stm32f40_41xxx.o(.text)
    FLASH_IRQHandler                         0x080001bb   Thumb Code     0  startup_stm32f40_41xxx.o(.text)
    FPU_IRQHandler                           0x080001bb   Thumb Code     0  startup_stm32f40_41xxx.o(.text)
    FSMC_IRQHandler                          0x080001bb   Thumb Code     0  startup_stm32f40_41xxx.o(.text)
    HASH_RNG_IRQHandler                      0x080001bb   Thumb Code     0  startup_stm32f40_41xxx.o(.text)
    I2C1_ER_IRQHandler                       0x080001bb   Thumb Code     0  startup_stm32f40_41xxx.o(.text)
    I2C1_EV_IRQHandler                       0x080001bb   Thumb Code     0  startup_stm32f40_41xxx.o(.text)
    I2C2_ER_IRQHandler                       0x080001bb   Thumb Code     0  startup_stm32f40_41xxx.o(.text)
    I2C2_EV_IRQHandler                       0x080001bb   Thumb Code     0  startup_stm32f40_41xxx.o(.text)
    I2C3_ER_IRQHandler                       0x080001bb   Thumb Code     0  startup_stm32f40_41xxx.o(.text)
    I2C3_EV_IRQHandler                       0x080001bb   Thumb Code     0  startup_stm32f40_41xxx.o(.text)
    OTG_FS_IRQHandler                        0x080001bb   Thumb Code     0  startup_stm32f40_41xxx.o(.text)
    OTG_FS_WKUP_IRQHandler                   0x080001bb   Thumb Code     0  startup_stm32f40_41xxx.o(.text)
    OTG_HS_EP1_IN_IRQHandler                 0x080001bb   Thumb Code     0  startup_stm32f40_41xxx.o(.text)
    OTG_HS_EP1_OUT_IRQHandler                0x080001bb   Thumb Code     0  startup_stm32f40_41xxx.o(.text)
    OTG_HS_IRQHandler                        0x080001bb   Thumb Code     0  startup_stm32f40_41xxx.o(.text)
    OTG_HS_WKUP_IRQHandler                   0x080001bb   Thumb Code     0  startup_stm32f40_41xxx.o(.text)
    PVD_IRQHandler                           0x080001bb   Thumb Code     0  startup_stm32f40_41xxx.o(.text)
    RCC_IRQHandler                           0x080001bb   Thumb Code     0  startup_stm32f40_41xxx.o(.text)
    RTC_Alarm_IRQHandler                     0x080001bb   Thumb Code     0  startup_stm32f40_41xxx.o(.text)
    RTC_WKUP_IRQHandler                      0x080001bb   Thumb Code     0  startup_stm32f40_41xxx.o(.text)
    SDIO_IRQHandler                          0x080001bb   Thumb Code     0  startup_stm32f40_41xxx.o(.text)
    SPI1_IRQHandler                          0x080001bb   Thumb Code     0  startup_stm32f40_41xxx.o(.text)
    SPI2_IRQHandler                          0x080001bb   Thumb Code     0  startup_stm32f40_41xxx.o(.text)
    SPI3_IRQHandler                          0x080001bb   Thumb Code     0  startup_stm32f40_41xxx.o(.text)
    TAMP_STAMP_IRQHandler                    0x080001bb   Thumb Code     0  startup_stm32f40_41xxx.o(.text)
    TIM1_BRK_TIM9_IRQHandler                 0x080001bb   Thumb Code     0  startup_stm32f40_41xxx.o(.text)
    TIM1_CC_IRQHandler                       0x080001bb   Thumb Code     0  startup_stm32f40_41xxx.o(.text)
    TIM1_UP_TIM10_IRQHandler                 0x080001bb   Thumb Code     0  startup_stm32f40_41xxx.o(.text)
    TIM2_IRQHandler                          0x080001bb   Thumb Code     0  startup_stm32f40_41xxx.o(.text)
    TIM3_IRQHandler                          0x080001bb   Thumb Code     0  startup_stm32f40_41xxx.o(.text)
    TIM4_IRQHandler                          0x080001bb   Thumb Code     0  startup_stm32f40_41xxx.o(.text)
    TIM5_IRQHandler                          0x080001bb   Thumb Code     0  startup_stm32f40_41xxx.o(.text)
    TIM6_DAC_IRQHandler                      0x080001bb   Thumb Code     0  startup_stm32f40_41xxx.o(.text)
    TIM7_IRQHandler                          0x080001bb   Thumb Code     0  startup_stm32f40_41xxx.o(.text)
    TIM8_BRK_TIM12_IRQHandler                0x080001bb   Thumb Code     0  startup_stm32f40_41xxx.o(.text)
    TIM8_CC_IRQHandler                       0x080001bb   Thumb Code     0  startup_stm32f40_41xxx.o(.text)
    TIM8_TRG_COM_TIM14_IRQHandler            0x080001bb   Thumb Code     0  startup_stm32f40_41xxx.o(.text)
    TIM8_UP_TIM13_IRQHandler                 0x080001bb   Thumb Code     0  startup_stm32f40_41xxx.o(.text)
    WWDG_IRQHandler                          0x080001bb   Thumb Code     0  startup_stm32f40_41xxx.o(.text)
    rt_hw_interrupt_disable                  0x080001c5   Thumb Code     8  context_rvds.o(.text)
    rt_hw_interrupt_enable                   0x080001cd   Thumb Code     6  context_rvds.o(.text)
    rt_hw_context_switch                     0x080001d3   Thumb Code    32  context_rvds.o(.text)
    rt_hw_context_switch_interrupt           0x080001d3   Thumb Code     0  context_rvds.o(.text)
    PendSV_Handler                           0x080001f3   Thumb Code   108  context_rvds.o(.text)
    rt_hw_context_switch_to                  0x0800025f   Thumb Code    70  context_rvds.o(.text)
    rt_hw_interrupt_thread_switch            0x080002a5   Thumb Code     2  context_rvds.o(.text)
    HardFault_Handler                        0x080002a7   Thumb Code    20  context_rvds.o(.text)
    __aeabi_memcpy                           0x080002d5   Thumb Code    36  memcpya.o(.text)
    __aeabi_memcpy4                          0x080002d5   Thumb Code     0  memcpya.o(.text)
    __aeabi_memcpy8                          0x080002d5   Thumb Code     0  memcpya.o(.text)
    __aeabi_memset                           0x080002f9   Thumb Code    14  memseta.o(.text)
    __aeabi_memset4                          0x080002f9   Thumb Code     0  memseta.o(.text)
    __aeabi_memset8                          0x080002f9   Thumb Code     0  memseta.o(.text)
    __aeabi_memclr                           0x08000307   Thumb Code     4  memseta.o(.text)
    __aeabi_memclr4                          0x08000307   Thumb Code     0  memseta.o(.text)
    __aeabi_memclr8                          0x08000307   Thumb Code     0  memseta.o(.text)
    _memset$wrapper                          0x0800030b   Thumb Code    18  memseta.o(.text)
    __aeabi_dadd                             0x0800031d   Thumb Code   322  dadd.o(.text)
    __aeabi_dsub                             0x0800045f   Thumb Code     6  dadd.o(.text)
    __aeabi_drsub                            0x08000465   Thumb Code     6  dadd.o(.text)
    __aeabi_dmul                             0x0800046b   Thumb Code   228  dmul.o(.text)
    __aeabi_ddiv                             0x0800054f   Thumb Code   222  ddiv.o(.text)
    __aeabi_uidiv                            0x0800062d   Thumb Code     0  uidiv.o(.text)
    __aeabi_uidivmod                         0x0800062d   Thumb Code    44  uidiv.o(.text)
    __aeabi_uldivmod                         0x08000659   Thumb Code    98  uldiv.o(.text)
    __aeabi_llsl                             0x080006bb   Thumb Code    30  llshl.o(.text)
    _ll_shift_l                              0x080006bb   Thumb Code     0  llshl.o(.text)
    __aeabi_llsr                             0x080006d9   Thumb Code    32  llushr.o(.text)
    _ll_ushift_r                             0x080006d9   Thumb Code     0  llushr.o(.text)
    __aeabi_lasr                             0x080006f9   Thumb Code    36  llsshr.o(.text)
    _ll_sshift_r                             0x080006f9   Thumb Code     0  llsshr.o(.text)
    __I$use$fp                               0x0800071d   Thumb Code     0  iusefp.o(.text)
    _double_round                            0x0800071d   Thumb Code    30  depilogue.o(.text)
    _double_epilogue                         0x0800073b   Thumb Code   156  depilogue.o(.text)
    __aeabi_d2ulz                            0x080007d7   Thumb Code    48  dfixul.o(.text)
    __aeabi_cdrcmple                         0x08000809   Thumb Code    48  cdrcmple.o(.text)
    __scatterload                            0x08000839   Thumb Code    28  init.o(.text)
    __scatterload_rt2                        0x08000839   Thumb Code     0  init.o(.text)
    __I$use$semihosting$fputc                0x0800085d   Thumb Code     0  iusesemip.o(.text)
    __decompress                             0x0800085d   Thumb Code     0  __dczerorl2.o(.text)
    __decompress1                            0x0800085d   Thumb Code    86  __dczerorl2.o(.text)
    __semihosting_library_function           0x0800085d   Thumb Code     0  semi.o(.text)
    main                                     0x080008b3   Thumb Code    14  components.o(i.$Sub$$main)
    ADC_Cmd                                  0x080008c1   Thumb Code    24  stm32f4xx_adc.o(i.ADC_Cmd)
    ADC_CommonInit                           0x080008d9   Thumb Code    30  stm32f4xx_adc.o(i.ADC_CommonInit)
    ADC_DMACmd                               0x08000901   Thumb Code    24  stm32f4xx_adc.o(i.ADC_DMACmd)
    ADC_DMARequestAfterLastTransferCmd       0x08000919   Thumb Code    24  stm32f4xx_adc.o(i.ADC_DMARequestAfterLastTransferCmd)
    ADC_Init                                 0x08000931   Thumb Code    66  stm32f4xx_adc.o(i.ADC_Init)
    ADC_RegularChannelConfig                 0x0800097d   Thumb Code   116  stm32f4xx_adc.o(i.ADC_RegularChannelConfig)
    ADC_SoftwareStartConv                    0x080009f1   Thumb Code    10  stm32f4xx_adc.o(i.ADC_SoftwareStartConv)
    A_CAN1_RX0_IRQHandler                    0x080009fd   Thumb Code    52  can_agmo.o(i.A_CAN1_RX0_IRQHandler)
    A_SBUS_USART6_IRQHandler                 0x08000a39   Thumb Code    96  sbus_agmo.o(i.A_SBUS_USART6_IRQHandler)
    BSP_USART6_Config                        0x08000aa5   Thumb Code   158  sbus_uart.o(i.BSP_USART6_Config)
    BusFault_Handler                         0x08000b51   Thumb Code     2  stm32f4xx_it.o(i.BusFault_Handler)
    CAN1_RX0_IRQHandler                      0x08000b55   Thumb Code     6  stm32f4xx_it.o(i.CAN1_RX0_IRQHandler)
    CAN2_RX0_IRQHandler                      0x08000b61   Thumb Code    70  stm32f4xx_it.o(i.CAN2_RX0_IRQHandler)
    CAN_ClearITPendingBit                    0x08000bcd   Thumb Code   132  stm32f4xx_can.o(i.CAN_ClearITPendingBit)
    CAN_DeInit                               0x08000c55   Thumb Code    52  stm32f4xx_can.o(i.CAN_DeInit)
    CAN_FilterInit                           0x08000c8d   Thumb Code   202  stm32f4xx_can.o(i.CAN_FilterInit)
    CAN_GetITStatus                          0x08000d61   Thumb Code   200  stm32f4xx_can.o(i.CAN_GetITStatus)
    CAN_ITConfig                             0x08000e2d   Thumb Code    20  stm32f4xx_can.o(i.CAN_ITConfig)
    CAN_Init                                 0x08000e41   Thumb Code   260  stm32f4xx_can.o(i.CAN_Init)
    CAN_Receive                              0x08000f45   Thumb Code   130  stm32f4xx_can.o(i.CAN_Receive)
    CAN_StructInit                           0x08000fc7   Thumb Code    32  stm32f4xx_can.o(i.CAN_StructInit)
    CAN_Transmit                             0x08000fe7   Thumb Code   182  stm32f4xx_can.o(i.CAN_Transmit)
    CAN_TransmitStatus                       0x0800109d   Thumb Code   116  stm32f4xx_can.o(i.CAN_TransmitStatus)
    DAC_Cmd                                  0x08001131   Thumb Code    26  stm32f4xx_dac.o(i.DAC_Cmd)
    DAC_DMACmd                               0x080011e1   Thumb Code    26  stm32f4xx_dac.o(i.DAC_DMACmd)
    DAC_Init                                 0x08001269   Thumb Code    36  stm32f4xx_dac.o(i.DAC_Init)
    DAC_Mode_Init                            0x08001291   Thumb Code    42  dac.o(i.DAC_Mode_Init)
    DMA_Cmd                                  0x080012ff   Thumb Code    24  stm32f4xx_dma.o(i.DMA_Cmd)
    DMA_Init                                 0x08001319   Thumb Code    80  stm32f4xx_dma.o(i.DMA_Init)
    DebugMon_Handler                         0x0800136d   Thumb Code     2  stm32f4xx_it.o(i.DebugMon_Handler)
    Delay_Init                               0x08001371   Thumb Code    70  delay.o(i.Delay_Init)
    Delay_Us                                 0x080013c1   Thumb Code    62  delay.o(i.Delay_Us)
    EC800_USART_SendByte                     0x08001405   Thumb Code    26  ec800_usart.o(i.EC800_USART_SendByte)
    GPIO_Init                                0x08001425   Thumb Code   124  stm32f4xx_gpio.o(i.GPIO_Init)
    GPIO_PinAFConfig                         0x080014a1   Thumb Code    32  stm32f4xx_gpio.o(i.GPIO_PinAFConfig)
    GPIO_ReadInputDataBit                    0x080014c1   Thumb Code    14  stm32f4xx_gpio.o(i.GPIO_ReadInputDataBit)
    GPIO_SetBits                             0x080014cf   Thumb Code     4  stm32f4xx_gpio.o(i.GPIO_SetBits)
    GPIO_WriteBit                            0x080014d3   Thumb Code    12  stm32f4xx_gpio.o(i.GPIO_WriteBit)
    InitStartUpEC800                         0x080014e1   Thumb Code    46  ec800_usart.o(i.InitStartUpEC800)
    InitTH                                   0x08001515   Thumb Code    44  th.o(i.InitTH)
    Init_AD                                  0x08001571   Thumb Code   282  ad.o(i.Init_AD)
    Init_CAN1                                0x0800169d   Thumb Code    18  can.o(i.Init_CAN1)
    Init_CAN1_Filter_AGMO                    0x080016b1   Thumb Code   274  can.o(i.Init_CAN1_Filter_AGMO)
    Init_CAN1_GPIO_AGMO                      0x080017c9   Thumb Code   154  can.o(i.Init_CAN1_GPIO_AGMO)
    Init_CAN1_RecvIT                         0x0800186d   Thumb Code    40  can.o(i.Init_CAN1_RecvIT)
    Init_EC800_USART                         0x08001895   Thumb Code   162  ec800_usart.o(i.Init_EC800_USART)
    Init_EC800_USART_NVIC                    0x08001945   Thumb Code    38  ec800_usart.o(i.Init_EC800_USART_NVIC)
    Init_IO_IN                               0x0800196d   Thumb Code    74  io_10_in.o(i.Init_IO_IN)
    Init_LED                                 0x080019c5   Thumb Code    60  led.o(i.Init_LED)
    Init_MPU6050                             0x08001a05   Thumb Code   116  mpu6050.o(i.Init_MPU6050)
    Init_Modbus_Timer_NVIC                   0x08001b55   Thumb Code    38  pwm.o(i.Init_Modbus_Timer_NVIC)
    Init_MyIIC                               0x08001b7d   Thumb Code    92  myiic.o(i.Init_MyIIC)
    Init_PWM                                 0x08001be1   Thumb Code    86  pwm.o(i.Init_PWM)
    Init_RS232_1                             0x08001c3d   Thumb Code   144  232_1_modbus.o(i.Init_RS232_1)
    Init_RS232_1_NVIC                        0x08001cd5   Thumb Code    38  232_1_modbus.o(i.Init_RS232_1_NVIC)
    Init_RS232_2                             0x08001cfd   Thumb Code   138  232_2.o(i.Init_RS232_2)
    Init_RS232_2_NVIC                        0x08001d91   Thumb Code    38  232_2.o(i.Init_RS232_2_NVIC)
    MPU6050_WriteByteData                    0x08001db9   Thumb Code    90  mpu6050.o(i.MPU6050_WriteByteData)
    MemManage_Handler                        0x08001eb5   Thumb Code     2  stm32f4xx_it.o(i.MemManage_Handler)
    MyIIC_End                                0x08001eb7   Thumb Code    24  myiic.o(i.MyIIC_End)
    MyIIC_Recv_ACK                           0x08001ecf   Thumb Code    30  myiic.o(i.MyIIC_Recv_ACK)
    MyIIC_Recv_SDA                           0x08001eed   Thumb Code    24  myiic.o(i.MyIIC_Recv_SDA)
    MyIIC_SendByteData                       0x08001f09   Thumb Code    40  myiic.o(i.MyIIC_SendByteData)
    MyIIC_Start                              0x08001f31   Thumb Code    30  myiic.o(i.MyIIC_Start)
    MyIIC_Write_SCL                          0x08001f51   Thumb Code    24  myiic.o(i.MyIIC_Write_SCL)
    MyIIC_Write_SDA                          0x08001f6d   Thumb Code    24  myiic.o(i.MyIIC_Write_SDA)
    NMI_Handler                              0x08001f89   Thumb Code     2  stm32f4xx_it.o(i.NMI_Handler)
    NVIC_Init                                0x08001f8d   Thumb Code    98  misc.o(i.NVIC_Init)
    NVIC_PriorityGroupConfig                 0x08001ff5   Thumb Code    10  misc.o(i.NVIC_PriorityGroupConfig)
    RCC_AHB1PeriphClockCmd                   0x08002031   Thumb Code    22  stm32f4xx_rcc.o(i.RCC_AHB1PeriphClockCmd)
    RCC_APB1PeriphClockCmd                   0x0800204d   Thumb Code    22  stm32f4xx_rcc.o(i.RCC_APB1PeriphClockCmd)
    RCC_APB1PeriphResetCmd                   0x08002069   Thumb Code    22  stm32f4xx_rcc.o(i.RCC_APB1PeriphResetCmd)
    RCC_APB2PeriphClockCmd                   0x08002085   Thumb Code    22  stm32f4xx_rcc.o(i.RCC_APB2PeriphClockCmd)
    RCC_GetClocksFreq                        0x080020a1   Thumb Code   148  stm32f4xx_rcc.o(i.RCC_GetClocksFreq)
    RS232_2_SendByte                         0x08002141   Thumb Code    26  232_2.o(i.RS232_2_SendByte)
    SPI_Cmd                                  0x08002161   Thumb Code    24  stm32f4xx_spi.o(i.SPI_Cmd)
    SPI_Configuration                        0x08002179   Thumb Code    80  spi.o(i.SPI_Configuration)
    SPI_Init                                 0x08002261   Thumb Code    56  stm32f4xx_spi.o(i.SPI_Init)
    SVC_Handler                              0x08002299   Thumb Code     2  stm32f4xx_it.o(i.SVC_Handler)
    SysTick_Handler                          0x08002355   Thumb Code    18  board.o(i.SysTick_Handler)
    SystemInit                               0x08002369   Thumb Code    74  system_stm32f4xx.o(i.SystemInit)
    TH_WriteByteData                         0x080023c5   Thumb Code    84  th.o(i.TH_WriteByteData)
    TIM1_TRG_COM_TIM11_IRQHandler            0x08002491   Thumb Code    56  pwm.o(i.TIM1_TRG_COM_TIM11_IRQHandler)
    TIM_ClearFlag                            0x080024d5   Thumb Code     6  stm32f4xx_tim.o(i.TIM_ClearFlag)
    TIM_ClearITPendingBit                    0x080024db   Thumb Code     6  stm32f4xx_tim.o(i.TIM_ClearITPendingBit)
    TIM_Cmd                                  0x080024e1   Thumb Code    24  stm32f4xx_tim.o(i.TIM_Cmd)
    TIM_GetITStatus                          0x080024f9   Thumb Code    24  stm32f4xx_tim.o(i.TIM_GetITStatus)
    TIM_ITConfig                             0x08002511   Thumb Code    20  stm32f4xx_tim.o(i.TIM_ITConfig)
    TIM_InternalClockConfig                  0x08002525   Thumb Code    10  stm32f4xx_tim.o(i.TIM_InternalClockConfig)
    TIM_SelectOutputTrigger                  0x0800252f   Thumb Code    16  stm32f4xx_tim.o(i.TIM_SelectOutputTrigger)
    TIM_TimeBaseInit                         0x08002541   Thumb Code    96  stm32f4xx_tim.o(i.TIM_TimeBaseInit)
    UART4_IRQHandler                         0x080025bd   Thumb Code    50  485_4.o(i.UART4_IRQHandler)
    UART5_IRQHandler                         0x080025fd   Thumb Code    54  ec800_usart.o(i.UART5_IRQHandler)
    USART1_IRQHandler                        0x0800263d   Thumb Code    84  232_1_modbus.o(i.USART1_IRQHandler)
    USART2_IRQHandler                        0x080026a1   Thumb Code    56  232_2.o(i.USART2_IRQHandler)
    USART3_IRQHandler                        0x080026e5   Thumb Code    50  485_3.o(i.USART3_IRQHandler)
    USART6_IRQHandler                        0x08002725   Thumb Code     4  stm32f4xx_it.o(i.USART6_IRQHandler)
    USART_ClearITPendingBit                  0x08002729   Thumb Code    16  stm32f4xx_usart.o(i.USART_ClearITPendingBit)
    USART_Cmd                                0x08002739   Thumb Code    24  stm32f4xx_usart.o(i.USART_Cmd)
    USART_GetFlagStatus                      0x08002751   Thumb Code    14  stm32f4xx_usart.o(i.USART_GetFlagStatus)
    USART_GetITStatus                        0x0800275f   Thumb Code    64  stm32f4xx_usart.o(i.USART_GetITStatus)
    USART_ITConfig                           0x0800279f   Thumb Code    54  stm32f4xx_usart.o(i.USART_ITConfig)
    USART_Init                               0x080027d5   Thumb Code   180  stm32f4xx_usart.o(i.USART_Init)
    USART_ReceiveData                        0x08002891   Thumb Code     8  stm32f4xx_usart.o(i.USART_ReceiveData)
    USART_SendData                           0x08002899   Thumb Code     8  stm32f4xx_usart.o(i.USART_SendData)
    UsageFault_Handler                       0x080028a1   Thumb Code     2  stm32f4xx_it.o(i.UsageFault_Handler)
    __0printf                                0x080028a5   Thumb Code    22  printfa.o(i.__0printf)
    __1printf                                0x080028a5   Thumb Code     0  printfa.o(i.__0printf)
    __2printf                                0x080028a5   Thumb Code     0  printfa.o(i.__0printf)
    __c89printf                              0x080028a5   Thumb Code     0  printfa.o(i.__0printf)
    printf                                   0x080028a5   Thumb Code     0  printfa.o(i.__0printf)
    __0vsnprintf                             0x080028c5   Thumb Code    46  printfa.o(i.__0vsnprintf)
    __1vsnprintf                             0x080028c5   Thumb Code     0  printfa.o(i.__0vsnprintf)
    __2vsnprintf                             0x080028c5   Thumb Code     0  printfa.o(i.__0vsnprintf)
    __c89vsnprintf                           0x080028c5   Thumb Code     0  printfa.o(i.__0vsnprintf)
    vsnprintf                                0x080028c5   Thumb Code     0  printfa.o(i.__0vsnprintf)
    __rt_ffs                                 0x080028f9   Thumb Code    66  kservice.o(i.__rt_ffs)
    __scatterload_copy                       0x08002941   Thumb Code    14  handlers.o(i.__scatterload_copy)
    __scatterload_null                       0x0800294f   Thumb Code     2  handlers.o(i.__scatterload_null)
    __scatterload_zeroinit                   0x08002951   Thumb Code    14  handlers.o(i.__scatterload_zeroinit)
    can_mq_init                              0x080032dd   Thumb Code    86  can_agmo.o(i.can_mq_init)
    can_rx_mq_get                            0x0800334d   Thumb Code    18  can_agmo.o(i.can_rx_mq_get)
    can_send_ext                             0x08003365   Thumb Code   116  can_agmo.o(i.can_send_ext)
    fputc                                    0x08003681   Thumb Code    18  fputc.o(i.fputc)
    gateway_can_rx_push_isr_from_rxmsg       0x0800395d   Thumb Code    70  can_agmo.o(i.gateway_can_rx_push_isr_from_rxmsg)
    get_decode_25b_data                      0x080039ad   Thumb Code    26  sbus_agmo.o(i.get_decode_25b_data)
    get_decode_ch_data                       0x080039cd   Thumb Code    16  sbus_agmo.o(i.get_decode_ch_data)
    $Super$$main                             0x080039fd   Thumb Code    26  main.o(i.main)
    main_thread_entry                        0x08003a39   Thumb Code    14  components.o(i.main_thread_entry)
    platform_init                            0x08003aed   Thumb Code     4  spi.o(i.platform_init)
    rt_application_init                      0x08003b45   Thumb Code    32  components.o(i.rt_application_init)
    rt_components_board_init                 0x08003b71   Thumb Code    20  components.o(i.rt_components_board_init)
    rt_components_init                       0x08003b8d   Thumb Code    20  components.o(i.rt_components_init)
    rt_console_set_device                    0x08003ba9   Thumb Code    36  kservice.o(i.rt_console_set_device)
    rt_device_close                          0x08003bd1   Thumb Code    48  device.o(i.rt_device_close)
    rt_device_find                           0x08003c01   Thumb Code    80  device.o(i.rt_device_find)
    rt_device_open                           0x08003c51   Thumb Code   112  device.o(i.rt_device_open)
    rt_device_write                          0x08003cf9   Thumb Code    44  device.o(i.rt_device_write)
    rt_enter_critical                        0x08003d25   Thumb Code    22  scheduler.o(i.rt_enter_critical)
    rt_exit_critical                         0x08003d41   Thumb Code    44  scheduler.o(i.rt_exit_critical)
    rt_free                                  0x08003d71   Thumb Code   112  mem.o(i.rt_free)
    rt_heap_begin_get                        0x08003e35   Thumb Code     4  board.o(i.rt_heap_begin_get)
    rt_heap_end_get                          0x08003e3d   Thumb Code     4  board.o(i.rt_heap_end_get)
    rt_hw_board_init                         0x08003e45   Thumb Code   140  board.o(i.rt_hw_board_init)
    rt_hw_console_output                     0x08003ee1   Thumb Code    72  board.o(i.rt_hw_console_output)
    rt_hw_hard_fault_exception               0x08003f2d   Thumb Code   100  cpuport.o(i.rt_hw_hard_fault_exception)
    rt_hw_stack_init                         0x08004031   Thumb Code    58  cpuport.o(i.rt_hw_stack_init)
    rt_interrupt_enter                       0x08004071   Thumb Code    22  irq.o(i.rt_interrupt_enter)
    rt_interrupt_get_nest                    0x0800408d   Thumb Code     6  irq.o(i.rt_interrupt_get_nest)
    rt_interrupt_leave                       0x08004099   Thumb Code    22  irq.o(i.rt_interrupt_leave)
    rt_kprintf                               0x08004121   Thumb Code    66  kservice.o(i.rt_kprintf)
    rt_malloc                                0x080041e5   Thumb Code   252  mem.o(i.rt_malloc)
    rt_memcpy                                0x080042e9   Thumb Code    78  kservice.o(i.rt_memcpy)
    rt_memset                                0x08004337   Thumb Code    70  kservice.o(i.rt_memset)
    rt_mq_init                               0x0800437d   Thumb Code   100  ipc.o(i.rt_mq_init)
    rt_mq_recv                               0x080043e1   Thumb Code   240  ipc.o(i.rt_mq_recv)
    rt_mq_send                               0x080044d1   Thumb Code   134  ipc.o(i.rt_mq_send)
    rt_mq_urgent                             0x08004557   Thumb Code   128  ipc.o(i.rt_mq_urgent)
    rt_mutex_create                          0x080045d7   Thumb Code    42  ipc.o(i.rt_mutex_create)
    rt_mutex_release                         0x08004601   Thumb Code   146  ipc.o(i.rt_mutex_release)
    rt_mutex_take                            0x08004693   Thumb Code   184  ipc.o(i.rt_mutex_take)
    rt_object_allocate                       0x0800474b   Thumb Code    74  object.o(i.rt_object_allocate)
    rt_object_delete                         0x08004795   Thumb Code    34  object.o(i.rt_object_delete)
    rt_object_detach                         0x080047b7   Thumb Code    28  object.o(i.rt_object_detach)
    rt_object_get_information                0x080047d5   Thumb Code    30  object.o(i.rt_object_get_information)
    rt_object_init                           0x080047f9   Thumb Code    60  object.o(i.rt_object_init)
    rt_object_is_systemobject                0x08004835   Thumb Code    14  object.o(i.rt_object_is_systemobject)
    rt_schedule                              0x08004845   Thumb Code   102  scheduler.o(i.rt_schedule)
    rt_schedule_insert_thread                0x080048b9   Thumb Code    68  scheduler.o(i.rt_schedule_insert_thread)
    rt_schedule_remove_thread                0x08004905   Thumb Code    74  scheduler.o(i.rt_schedule_remove_thread)
    rt_sem_init                              0x08004959   Thumb Code    38  ipc.o(i.rt_sem_init)
    rt_sem_release                           0x0800497f   Thumb Code    64  ipc.o(i.rt_sem_release)
    rt_sem_take                              0x080049bf   Thumb Code   110  ipc.o(i.rt_sem_take)
    rt_set_errno                             0x08004a2d   Thumb Code    30  kservice.o(i.rt_set_errno)
    rt_strncmp                               0x08004a51   Thumb Code    32  kservice.o(i.rt_strncmp)
    rt_strncpy                               0x08004a71   Thumb Code    38  kservice.o(i.rt_strncpy)
    rt_system_heap_init                      0x08004a99   Thumb Code   100  mem.o(i.rt_system_heap_init)
    rt_system_scheduler_init                 0x08004b49   Thumb Code    44  scheduler.o(i.rt_system_scheduler_init)
    rt_system_scheduler_start                0x08004b7d   Thumb Code    32  scheduler.o(i.rt_system_scheduler_start)
    rt_system_timer_init                     0x08004ba5   Thumb Code    20  timer.o(i.rt_system_timer_init)
    rt_system_timer_thread_init              0x08004bbd   Thumb Code     2  timer.o(i.rt_system_timer_thread_init)
    rt_thread_control                        0x08004bbf   Thumb Code   106  thread.o(i.rt_thread_control)
    rt_thread_create                         0x08004c29   Thumb Code    76  thread.o(i.rt_thread_create)
    rt_thread_delay                          0x08004c75   Thumb Code     4  thread.o(i.rt_thread_delay)
    rt_thread_delete                         0x08004c79   Thumb Code    58  thread.o(i.rt_thread_delete)
    rt_thread_exit                           0x08004cb9   Thumb Code    78  thread.o(i.rt_thread_exit)
    rt_thread_idle_excute                    0x08004d19   Thumb Code   118  idle.o(i.rt_thread_idle_excute)
    rt_thread_idle_init                      0x08004d95   Thumb Code    46  idle.o(i.rt_thread_idle_init)
    rt_thread_init                           0x08004dd5   Thumb Code    56  thread.o(i.rt_thread_init)
    rt_thread_resume                         0x08004e0d   Thumb Code    60  thread.o(i.rt_thread_resume)
    rt_thread_self                           0x08004e49   Thumb Code     6  thread.o(i.rt_thread_self)
    rt_thread_sleep                          0x08004e55   Thumb Code    60  thread.o(i.rt_thread_sleep)
    rt_thread_startup                        0x08004e95   Thumb Code    38  thread.o(i.rt_thread_startup)
    rt_thread_suspend                        0x08004ebb   Thumb Code    66  thread.o(i.rt_thread_suspend)
    rt_thread_timeout                        0x08004efd   Thumb Code    32  thread.o(i.rt_thread_timeout)
    rt_thread_yield                          0x08004f1d   Thumb Code    88  thread.o(i.rt_thread_yield)
    rt_tick_get                              0x08004f7d   Thumb Code     6  clock.o(i.rt_tick_get)
    rt_tick_increase                         0x08004f89   Thumb Code    38  clock.o(i.rt_tick_increase)
    rt_timer_check                           0x08004fb5   Thumb Code   102  timer.o(i.rt_timer_check)
    rt_timer_control                         0x08005021   Thumb Code    52  timer.o(i.rt_timer_control)
    rt_timer_detach                          0x08005055   Thumb Code    32  timer.o(i.rt_timer_detach)
    rt_timer_init                            0x08005075   Thumb Code    42  timer.o(i.rt_timer_init)
    rt_timer_start                           0x080050a1   Thumb Code   208  timer.o(i.rt_timer_start)
    rt_timer_stop                            0x08005175   Thumb Code    46  timer.o(i.rt_timer_stop)
    rtthread_startup                         0x080051b3   Thumb Code    38  components.o(i.rtthread_startup)
    sbus_mq_init                             0x0800535d   Thumb Code    36  sbus_agmo.o(i.sbus_mq_init)
    vcu_gateway_init                         0x080054c1   Thumb Code   194  vcu_gateway.o(i.vcu_gateway_init)
    Sine12bit                                0x080055f0   Data          64  dac.o(.constdata)
    __lowest_bit_bitmap                      0x08005630   Data         256  kservice.o(.constdata)
    __rt_init_rti_start                      0x08005754   Data           4  components.o(.rti_fn.0)
    __rt_init_rti_board_start                0x08005758   Data           4  components.o(.rti_fn.0.end)
    __rt_init_rti_board_end                  0x0800575c   Data           4  components.o(.rti_fn.1.end)
    __rt_init_rti_end                        0x08005760   Data           4  components.o(.rti_fn.6.end)
    Region$$Table$$Base                      0x08005764   Number         0  anon$$obj.o(Region$$Table)
    Region$$Table$$Limit                     0x08005784   Number         0  anon$$obj.o(Region$$Table)
    SystemCoreClock                          0x20000000   Data           4  system_stm32f4xx.o(.data)
    AHBPrescTable                            0x20000004   Data          16  system_stm32f4xx.o(.data)
    CAN_Flag                                 0x20000024   Data           1  can.o(.data)
    flag                                     0x20000025   Data           1  485_4.o(.data)
    RS485_3_flag                             0x20000026   Data           1  485_3.o(.data)
    RS232_2_flag                             0x20000027   Data           1  232_2.o(.data)
    aRxBuffer                                0x20000028   Data           1  232_1_modbus.o(.data)
    USART_RX_STA                             0x2000002a   Data           2  232_1_modbus.o(.data)
    EC800_USART_flag                         0x2000002c   Data           1  ec800_usart.o(.data)
    EC800_USART_RecData                      0x2000002d   Data           1  ec800_usart.o(.data)
    g_can_tx_mq                              0x20000038   Data           4  can_agmo.o(.data)
    g_can_rx_mq                              0x20000040   Data           4  can_agmo.o(.data)
    RecData                                  0x2000004a   Data           2  main.o(.data)
    per_us                                   0x20000054   Data           1  delay.o(.data)
    per_ms                                   0x20000058   Data           4  delay.o(.data)
    modbus_time                              0x2000005c   Data           4  pwm.o(.data)
    rt_interrupt_nest                        0x20000064   Data           1  irq.o(.data)
    rt_current_priority                      0x200000f8   Data           1  scheduler.o(.data)
    rt_current_thread                        0x200000fc   Data           4  scheduler.o(.data)
    rt_thread_ready_priority_group           0x20000100   Data           4  scheduler.o(.data)
    rt_thread_defunct                        0x20000104   Data           8  scheduler.o(.data)
    rt_interrupt_from_thread                 0x2000011c   Data           4  cpuport.o(.data)
    rt_interrupt_to_thread                   0x20000120   Data           4  cpuport.o(.data)
    rt_thread_switch_interrupt_flag          0x20000124   Data           4  cpuport.o(.data)
    __stdout                                 0x20000128   Data           4  stdout.o(.data)
    AD_Value                                 0x2000012c   Data          10  ad.o(.bss)
    RxMessage                                0x20000138   Data          20  can.o(.bss)
    USART_RX_BUF                             0x2000014c   Data         200  232_1_modbus.o(.bss)
    g_latest                                 0x200024bc   Data         124  vcu_gateway.o(.bss)
    DualSine12bit                            0x20002538   Data         128  dac.o(.bss)
    rt_thread_priority_table                 0x200027d0   Data         256  scheduler.o(.bss)
    __initial_sp                             0x20002cd0   Data           0  startup_stm32f40_41xxx.o(STACK)



==============================================================================

Memory Map of the image

  Image Entry point : 0x08000189

  Load Region LR_IROM1 (Base: 0x08000000, Size: 0x000058b0, Max: 0x00080000, ABSOLUTE, COMPRESSED[0x000057d8])

    Execution Region ER_IROM1 (Exec base: 0x08000000, Load base: 0x08000000, Size: 0x00005784, Max: 0x00080000, ABSOLUTE)

    Exec Addr    Load Addr    Size         Type   Attr      Idx    E Section Name        Object

    0x08000000   0x08000000   0x00000188   Data   RO            3    RESET               startup_stm32f40_41xxx.o
    0x08000188   0x08000188   0x00000000   Code   RO         9099  * .ARM.Collect$$$$00000000  mc_w.l(entry.o)
    0x08000188   0x08000188   0x00000004   Code   RO         9422    .ARM.Collect$$$$00000001  mc_w.l(entry2.o)
    0x0800018c   0x0800018c   0x00000004   Code   RO         9425    .ARM.Collect$$$$00000004  mc_w.l(entry5.o)
    0x08000190   0x08000190   0x00000000   Code   RO         9427    .ARM.Collect$$$$00000008  mc_w.l(entry7b.o)
    0x08000190   0x08000190   0x00000000   Code   RO         9429    .ARM.Collect$$$$0000000A  mc_w.l(entry8b.o)
    0x08000190   0x08000190   0x00000008   Code   RO         9430    .ARM.Collect$$$$0000000B  mc_w.l(entry9a.o)
    0x08000198   0x08000198   0x00000004   Code   RO         9437    .ARM.Collect$$$$0000000E  mc_w.l(entry12b.o)
    0x0800019c   0x0800019c   0x00000000   Code   RO         9432    .ARM.Collect$$$$0000000F  mc_w.l(entry10a.o)
    0x0800019c   0x0800019c   0x00000000   Code   RO         9434    .ARM.Collect$$$$00000011  mc_w.l(entry11a.o)
    0x0800019c   0x0800019c   0x00000004   Code   RO         9423    .ARM.Collect$$$$00002712  mc_w.l(entry2.o)
    0x080001a0   0x080001a0   0x00000024   Code   RO            4    .text               startup_stm32f40_41xxx.o
    0x080001c4   0x080001c4   0x00000110   Code   RO         9033    .text               context_rvds.o
    0x080002d4   0x080002d4   0x00000024   Code   RO         9105    .text               mc_w.l(memcpya.o)
    0x080002f8   0x080002f8   0x00000024   Code   RO         9107    .text               mc_w.l(memseta.o)
    0x0800031c   0x0800031c   0x0000014e   Code   RO         9380    .text               mf_w.l(dadd.o)
    0x0800046a   0x0800046a   0x000000e4   Code   RO         9382    .text               mf_w.l(dmul.o)
    0x0800054e   0x0800054e   0x000000de   Code   RO         9384    .text               mf_w.l(ddiv.o)
    0x0800062c   0x0800062c   0x0000002c   Code   RO         9440    .text               mc_w.l(uidiv.o)
    0x08000658   0x08000658   0x00000062   Code   RO         9442    .text               mc_w.l(uldiv.o)
    0x080006ba   0x080006ba   0x0000001e   Code   RO         9444    .text               mc_w.l(llshl.o)
    0x080006d8   0x080006d8   0x00000020   Code   RO         9446    .text               mc_w.l(llushr.o)
    0x080006f8   0x080006f8   0x00000024   Code   RO         9448    .text               mc_w.l(llsshr.o)
    0x0800071c   0x0800071c   0x00000000   Code   RO         9457    .text               mc_w.l(iusefp.o)
    0x0800071c   0x0800071c   0x000000ba   Code   RO         9460    .text               mf_w.l(depilogue.o)
    0x080007d6   0x080007d6   0x00000030   Code   RO         9464    .text               mf_w.l(dfixul.o)
    0x08000806   0x08000806   0x00000002   PAD
    0x08000808   0x08000808   0x00000030   Code   RO         9468    .text               mf_w.l(cdrcmple.o)
    0x08000838   0x08000838   0x00000024   Code   RO         9470    .text               mc_w.l(init.o)
    0x0800085c   0x0800085c   0x00000000   Code   RO         9472    .text               mc_w.l(semi.o)
    0x0800085c   0x0800085c   0x00000000   Code   RO         9473    .text               mc_w.l(iusesemip.o)
    0x0800085c   0x0800085c   0x00000056   Code   RO         9482    .text               mc_w.l(__dczerorl2.o)
    0x080008b2   0x080008b2   0x0000000e   Code   RO         7977    i.$Sub$$main        components.o
    0x080008c0   0x080008c0   0x00000018   Code   RO          223    i.ADC_Cmd           stm32f4xx_adc.o
    0x080008d8   0x080008d8   0x00000028   Code   RO          224    i.ADC_CommonInit    stm32f4xx_adc.o
    0x08000900   0x08000900   0x00000018   Code   RO          227    i.ADC_DMACmd        stm32f4xx_adc.o
    0x08000918   0x08000918   0x00000018   Code   RO          228    i.ADC_DMARequestAfterLastTransferCmd  stm32f4xx_adc.o
    0x08000930   0x08000930   0x0000004c   Code   RO          243    i.ADC_Init          stm32f4xx_adc.o
    0x0800097c   0x0800097c   0x00000074   Code   RO          248    i.ADC_RegularChannelConfig  stm32f4xx_adc.o
    0x080009f0   0x080009f0   0x0000000a   Code   RO          250    i.ADC_SoftwareStartConv  stm32f4xx_adc.o
    0x080009fa   0x080009fa   0x00000002   PAD
    0x080009fc   0x080009fc   0x0000003c   Code   RO         6577    i.A_CAN1_RX0_IRQHandler  can_agmo.o
    0x08000a38   0x08000a38   0x0000006c   Code   RO         6637    i.A_SBUS_USART6_IRQHandler  sbus_agmo.o
    0x08000aa4   0x08000aa4   0x000000ac   Code   RO         6307    i.BSP_USART6_Config  sbus_uart.o
    0x08000b50   0x08000b50   0x00000002   Code   RO         6728    i.BusFault_Handler  stm32f4xx_it.o
    0x08000b52   0x08000b52   0x00000002   PAD
    0x08000b54   0x08000b54   0x0000000c   Code   RO         6729    i.CAN1_RX0_IRQHandler  stm32f4xx_it.o
    0x08000b60   0x08000b60   0x0000006c   Code   RO         6730    i.CAN2_RX0_IRQHandler  stm32f4xx_it.o
    0x08000bcc   0x08000bcc   0x00000088   Code   RO          467    i.CAN_ClearITPendingBit  stm32f4xx_can.o
    0x08000c54   0x08000c54   0x00000038   Code   RO          469    i.CAN_DeInit        stm32f4xx_can.o
    0x08000c8c   0x08000c8c   0x000000d4   Code   RO          471    i.CAN_FilterInit    stm32f4xx_can.o
    0x08000d60   0x08000d60   0x000000cc   Code   RO          473    i.CAN_GetITStatus   stm32f4xx_can.o
    0x08000e2c   0x08000e2c   0x00000014   Code   RO          477    i.CAN_ITConfig      stm32f4xx_can.o
    0x08000e40   0x08000e40   0x00000104   Code   RO          478    i.CAN_Init          stm32f4xx_can.o
    0x08000f44   0x08000f44   0x00000082   Code   RO          481    i.CAN_Receive       stm32f4xx_can.o
    0x08000fc6   0x08000fc6   0x00000020   Code   RO          484    i.CAN_StructInit    stm32f4xx_can.o
    0x08000fe6   0x08000fe6   0x000000b6   Code   RO          486    i.CAN_Transmit      stm32f4xx_can.o
    0x0800109c   0x0800109c   0x00000088   Code   RO          487    i.CAN_TransmitStatus  stm32f4xx_can.o
    0x08001124   0x08001124   0x0000000c   Code   RO          489    i.CheckITStatus     stm32f4xx_can.o
    0x08001130   0x08001130   0x00000020   Code   RO          913    i.DAC_Cmd           stm32f4xx_dac.o
    0x08001150   0x08001150   0x00000090   Code   RO         6970    i.DAC_Config        dac.o
    0x080011e0   0x080011e0   0x00000020   Code   RO          914    i.DAC_DMACmd        stm32f4xx_dac.o
    0x08001200   0x08001200   0x00000068   Code   RO         6971    i.DAC_DMA_Config    dac.o
    0x08001268   0x08001268   0x00000028   Code   RO          921    i.DAC_Init          stm32f4xx_dac.o
    0x08001290   0x08001290   0x00000034   Code   RO         6972    i.DAC_Mode_Init     dac.o
    0x080012c4   0x080012c4   0x0000003a   Code   RO         6973    i.DAC_TIM_Config    dac.o
    0x080012fe   0x080012fe   0x00000018   Code   RO         1186    i.DMA_Cmd           stm32f4xx_dma.o
    0x08001316   0x08001316   0x00000002   PAD
    0x08001318   0x08001318   0x00000054   Code   RO         1198    i.DMA_Init          stm32f4xx_dma.o
    0x0800136c   0x0800136c   0x00000002   Code   RO         6731    i.DebugMon_Handler  stm32f4xx_it.o
    0x0800136e   0x0800136e   0x00000002   PAD
    0x08001370   0x08001370   0x00000050   Code   RO         7012    i.Delay_Init        delay.o
    0x080013c0   0x080013c0   0x00000044   Code   RO         7014    i.Delay_Us          delay.o
    0x08001404   0x08001404   0x00000020   Code   RO         6398    i.EC800_USART_SendByte  ec800_usart.o
    0x08001424   0x08001424   0x0000007c   Code   RO         1932    i.GPIO_Init         stm32f4xx_gpio.o
    0x080014a0   0x080014a0   0x00000020   Code   RO         1933    i.GPIO_PinAFConfig  stm32f4xx_gpio.o
    0x080014c0   0x080014c0   0x0000000e   Code   RO         1936    i.GPIO_ReadInputDataBit  stm32f4xx_gpio.o
    0x080014ce   0x080014ce   0x00000004   Code   RO         1940    i.GPIO_SetBits      stm32f4xx_gpio.o
    0x080014d2   0x080014d2   0x0000000c   Code   RO         1944    i.GPIO_WriteBit     stm32f4xx_gpio.o
    0x080014de   0x080014de   0x00000002   PAD
    0x080014e0   0x080014e0   0x00000034   Code   RO         6402    i.InitStartUpEC800  ec800_usart.o
    0x08001514   0x08001514   0x0000005c   Code   RO         6104    i.InitTH            th.o
    0x08001570   0x08001570   0x0000012c   Code   RO         4982    i.Init_AD           ad.o
    0x0800169c   0x0800169c   0x00000012   Code   RO         5239    i.Init_CAN1         can.o
    0x080016ae   0x080016ae   0x00000002   PAD
    0x080016b0   0x080016b0   0x00000118   Code   RO         5241    i.Init_CAN1_Filter_AGMO  can.o
    0x080017c8   0x080017c8   0x000000a4   Code   RO         5243    i.Init_CAN1_GPIO_AGMO  can.o
    0x0800186c   0x0800186c   0x00000028   Code   RO         5244    i.Init_CAN1_RecvIT  can.o
    0x08001894   0x08001894   0x000000b0   Code   RO         6403    i.Init_EC800_USART  ec800_usart.o
    0x08001944   0x08001944   0x00000026   Code   RO         6404    i.Init_EC800_USART_NVIC  ec800_usart.o
    0x0800196a   0x0800196a   0x00000002   PAD
    0x0800196c   0x0800196c   0x00000058   Code   RO         6493    i.Init_IO_IN        io_10_in.o
    0x080019c4   0x080019c4   0x00000040   Code   RO         5196    i.Init_LED          led.o
    0x08001a04   0x08001a04   0x00000150   Code   RO         5439    i.Init_MPU6050      mpu6050.o
    0x08001b54   0x08001b54   0x00000026   Code   RO         7074    i.Init_Modbus_Timer_NVIC  pwm.o
    0x08001b7a   0x08001b7a   0x00000002   PAD
    0x08001b7c   0x08001b7c   0x00000064   Code   RO         5521    i.Init_MyIIC        myiic.o
    0x08001be0   0x08001be0   0x0000005c   Code   RO         7075    i.Init_PWM          pwm.o
    0x08001c3c   0x08001c3c   0x00000098   Code   RO         5952    i.Init_RS232_1      232_1_modbus.o
    0x08001cd4   0x08001cd4   0x00000026   Code   RO         5953    i.Init_RS232_1_NVIC  232_1_modbus.o
    0x08001cfa   0x08001cfa   0x00000002   PAD
    0x08001cfc   0x08001cfc   0x00000094   Code   RO         5893    i.Init_RS232_2      232_2.o
    0x08001d90   0x08001d90   0x00000026   Code   RO         5894    i.Init_RS232_2_NVIC  232_2.o
    0x08001db6   0x08001db6   0x00000002   PAD
    0x08001db8   0x08001db8   0x000000fc   Code   RO         5443    i.MPU6050_WriteByteData  mpu6050.o
    0x08001eb4   0x08001eb4   0x00000002   Code   RO         6732    i.MemManage_Handler  stm32f4xx_it.o
    0x08001eb6   0x08001eb6   0x00000018   Code   RO         5522    i.MyIIC_End         myiic.o
    0x08001ece   0x08001ece   0x0000001e   Code   RO         5524    i.MyIIC_Recv_ACK    myiic.o
    0x08001eec   0x08001eec   0x0000001c   Code   RO         5525    i.MyIIC_Recv_SDA    myiic.o
    0x08001f08   0x08001f08   0x00000028   Code   RO         5526    i.MyIIC_SendByteData  myiic.o
    0x08001f30   0x08001f30   0x0000001e   Code   RO         5528    i.MyIIC_Start       myiic.o
    0x08001f4e   0x08001f4e   0x00000002   PAD
    0x08001f50   0x08001f50   0x0000001c   Code   RO         5529    i.MyIIC_Write_SCL   myiic.o
    0x08001f6c   0x08001f6c   0x0000001c   Code   RO         5530    i.MyIIC_Write_SDA   myiic.o
    0x08001f88   0x08001f88   0x00000002   Code   RO         6733    i.NMI_Handler       stm32f4xx_it.o
    0x08001f8a   0x08001f8a   0x00000002   PAD
    0x08001f8c   0x08001f8c   0x00000068   Code   RO          150    i.NVIC_Init         misc.o
    0x08001ff4   0x08001ff4   0x00000014   Code   RO          151    i.NVIC_PriorityGroupConfig  misc.o
    0x08002008   0x08002008   0x00000026   Code   RO         6313    i.NVIC_USART6_Configuration  sbus_uart.o
    0x0800202e   0x0800202e   0x00000002   PAD
    0x08002030   0x08002030   0x0000001c   Code   RO         2811    i.RCC_AHB1PeriphClockCmd  stm32f4xx_rcc.o
    0x0800204c   0x0800204c   0x0000001c   Code   RO         2820    i.RCC_APB1PeriphClockCmd  stm32f4xx_rcc.o
    0x08002068   0x08002068   0x0000001c   Code   RO         2822    i.RCC_APB1PeriphResetCmd  stm32f4xx_rcc.o
    0x08002084   0x08002084   0x0000001c   Code   RO         2823    i.RCC_APB2PeriphClockCmd  stm32f4xx_rcc.o
    0x080020a0   0x080020a0   0x000000a0   Code   RO         2832    i.RCC_GetClocksFreq  stm32f4xx_rcc.o
    0x08002140   0x08002140   0x00000020   Code   RO         5896    i.RS232_2_SendByte  232_2.o
    0x08002160   0x08002160   0x00000018   Code   RO         3940    i.SPI_Cmd           stm32f4xx_spi.o
    0x08002178   0x08002178   0x00000054   Code   RO         7555    i.SPI_Configuration  spi.o
    0x080021cc   0x080021cc   0x00000094   Code   RO         7558    i.SPI_GPIO_Configuration  spi.o
    0x08002260   0x08002260   0x00000038   Code   RO         3953    i.SPI_Init          stm32f4xx_spi.o
    0x08002298   0x08002298   0x00000002   Code   RO         6734    i.SVC_Handler       stm32f4xx_it.o
    0x0800229a   0x0800229a   0x00000002   PAD
    0x0800229c   0x0800229c   0x000000b8   Code   RO           12    i.SetSysClock       system_stm32f4xx.o
    0x08002354   0x08002354   0x00000012   Code   RO         6800    i.SysTick_Handler   board.o
    0x08002366   0x08002366   0x00000002   PAD
    0x08002368   0x08002368   0x0000005c   Code   RO           14    i.SystemInit        system_stm32f4xx.o
    0x080023c4   0x080023c4   0x000000cc   Code   RO         6109    i.TH_WriteByteData  th.o
    0x08002490   0x08002490   0x00000044   Code   RO         7076    i.TIM1_TRG_COM_TIM11_IRQHandler  pwm.o
    0x080024d4   0x080024d4   0x00000006   Code   RO         4170    i.TIM_ClearFlag     stm32f4xx_tim.o
    0x080024da   0x080024da   0x00000006   Code   RO         4171    i.TIM_ClearITPendingBit  stm32f4xx_tim.o
    0x080024e0   0x080024e0   0x00000018   Code   RO         4176    i.TIM_Cmd           stm32f4xx_tim.o
    0x080024f8   0x080024f8   0x00000018   Code   RO         4197    i.TIM_GetITStatus   stm32f4xx_tim.o
    0x08002510   0x08002510   0x00000014   Code   RO         4201    i.TIM_ITConfig      stm32f4xx_tim.o
    0x08002524   0x08002524   0x0000000a   Code   RO         4203    i.TIM_InternalClockConfig  stm32f4xx_tim.o
    0x0800252e   0x0800252e   0x00000010   Code   RO         4234    i.TIM_SelectOutputTrigger  stm32f4xx_tim.o
    0x0800253e   0x0800253e   0x00000002   PAD
    0x08002540   0x08002540   0x0000007c   Code   RO         4248    i.TIM_TimeBaseInit  stm32f4xx_tim.o
    0x080025bc   0x080025bc   0x00000040   Code   RO         5759    i.UART4_IRQHandler  485_4.o
    0x080025fc   0x080025fc   0x00000040   Code   RO         6406    i.UART5_IRQHandler  ec800_usart.o
    0x0800263c   0x0800263c   0x00000064   Code   RO         5958    i.USART1_IRQHandler  232_1_modbus.o
    0x080026a0   0x080026a0   0x00000044   Code   RO         5899    i.USART2_IRQHandler  232_2.o
    0x080026e4   0x080026e4   0x00000040   Code   RO         5830    i.USART3_IRQHandler  485_3.o
    0x08002724   0x08002724   0x00000004   Code   RO         6735    i.USART6_IRQHandler  stm32f4xx_it.o
    0x08002728   0x08002728   0x00000010   Code   RO         4726    i.USART_ClearITPendingBit  stm32f4xx_usart.o
    0x08002738   0x08002738   0x00000018   Code   RO         4729    i.USART_Cmd         stm32f4xx_usart.o
    0x08002750   0x08002750   0x0000000e   Code   RO         4732    i.USART_GetFlagStatus  stm32f4xx_usart.o
    0x0800275e   0x0800275e   0x00000040   Code   RO         4733    i.USART_GetITStatus  stm32f4xx_usart.o
    0x0800279e   0x0800279e   0x00000036   Code   RO         4735    i.USART_ITConfig    stm32f4xx_usart.o
    0x080027d4   0x080027d4   0x000000bc   Code   RO         4736    i.USART_Init        stm32f4xx_usart.o
    0x08002890   0x08002890   0x00000008   Code   RO         4743    i.USART_ReceiveData  stm32f4xx_usart.o
    0x08002898   0x08002898   0x00000008   Code   RO         4746    i.USART_SendData    stm32f4xx_usart.o
    0x080028a0   0x080028a0   0x00000002   Code   RO         6736    i.UsageFault_Handler  stm32f4xx_it.o
    0x080028a2   0x080028a2   0x00000002   PAD
    0x080028a4   0x080028a4   0x00000020   Code   RO         9352    i.__0printf         mc_w.l(printfa.o)
    0x080028c4   0x080028c4   0x00000034   Code   RO         9357    i.__0vsnprintf      mc_w.l(printfa.o)
    0x080028f8   0x080028f8   0x00000048   Code   RO         8428    i.__rt_ffs          kservice.o
    0x08002940   0x08002940   0x0000000e   Code   RO         9476    i.__scatterload_copy  mc_w.l(handlers.o)
    0x0800294e   0x0800294e   0x00000002   Code   RO         9477    i.__scatterload_null  mc_w.l(handlers.o)
    0x08002950   0x08002950   0x0000000e   Code   RO         9478    i.__scatterload_zeroinit  mc_w.l(handlers.o)
    0x0800295e   0x0800295e   0x00000002   PAD
    0x08002960   0x08002960   0x00000184   Code   RO         9359    i._fp_digits        mc_w.l(printfa.o)
    0x08002ae4   0x08002ae4   0x00000014   Code   RO         8141    i._has_defunct_thread  idle.o
    0x08002af8   0x08002af8   0x000006b4   Code   RO         9360    i._printf_core      mc_w.l(printfa.o)
    0x080031ac   0x080031ac   0x00000024   Code   RO         9361    i._printf_post_padding  mc_w.l(printfa.o)
    0x080031d0   0x080031d0   0x0000002e   Code   RO         9362    i._printf_pre_padding  mc_w.l(printfa.o)
    0x080031fe   0x080031fe   0x00000002   PAD
    0x08003200   0x08003200   0x00000078   Code   RO         8816    i._rt_thread_init   thread.o
    0x08003278   0x08003278   0x00000026   Code   RO         8931    i._rt_timer_init    timer.o
    0x0800329e   0x0800329e   0x00000022   Code   RO         8932    i._rt_timer_remove  timer.o
    0x080032c0   0x080032c0   0x00000016   Code   RO         9363    i._snputc           mc_w.l(printfa.o)
    0x080032d6   0x080032d6   0x00000004   Code   RO         6859    i.can_hw_send_ext   vcu_gateway.o
    0x080032da   0x080032da   0x00000002   PAD
    0x080032dc   0x080032dc   0x00000070   Code   RO         6578    i.can_mq_init       can_agmo.o
    0x0800334c   0x0800334c   0x00000018   Code   RO         6579    i.can_rx_mq_get     can_agmo.o
    0x08003364   0x08003364   0x000000a0   Code   RO         6580    i.can_send_ext      can_agmo.o
    0x08003404   0x08003404   0x0000016c   Code   RO         6860    i.can_thread_entry  vcu_gateway.o
    0x08003570   0x08003570   0x00000010   Code   RO         6861    i.clamp_i32         vcu_gateway.o
    0x08003580   0x08003580   0x00000054   Code   RO         6862    i.decode_motor_status  vcu_gateway.o
    0x080035d4   0x080035d4   0x00000054   Code   RO         6863    i.decode_upper_cmd  vcu_gateway.o
    0x08003628   0x08003628   0x00000058   Code   RO         6864    i.decode_upper_rpm_cmd  vcu_gateway.o
    0x08003680   0x08003680   0x00000012   Code   RO         9438    i.fputc             mc_w.l(fputc.o)
    0x08003692   0x08003692   0x00000002   PAD
    0x08003694   0x08003694   0x000002c8   Code   RO         6865    i.fsm_thread_entry  vcu_gateway.o
    0x0800395c   0x0800395c   0x00000050   Code   RO         6582    i.gateway_can_rx_push_isr_from_rxmsg  can_agmo.o
    0x080039ac   0x080039ac   0x00000020   Code   RO         6638    i.get_decode_25b_data  sbus_agmo.o
    0x080039cc   0x080039cc   0x00000010   Code   RO         6639    i.get_decode_ch_data  sbus_agmo.o
    0x080039dc   0x080039dc   0x00000020   Code   RO         6866    i.is_fresh_tick     vcu_gateway.o
    0x080039fc   0x080039fc   0x0000003c   Code   RO         6689    i.main              main.o
    0x08003a38   0x08003a38   0x0000000e   Code   RO         7978    i.main_thread_entry  components.o
    0x08003a46   0x08003a46   0x00000032   Code   RO         6867    i.make_diff_drive_rpm  vcu_gateway.o
    0x08003a78   0x08003a78   0x00000030   Code   RO         6868    i.pack_motor_cmd    vcu_gateway.o
    0x08003aa8   0x08003aa8   0x00000014   Code   RO         6869    i.pack_upper_status  vcu_gateway.o
    0x08003abc   0x08003abc   0x00000030   Code   RO         6870    i.pack_upper_status_rpm  vcu_gateway.o
    0x08003aec   0x08003aec   0x00000004   Code   RO         7563    i.platform_init     spi.o
    0x08003af0   0x08003af0   0x00000054   Code   RO         8617    i.plug_holes        mem.o
    0x08003b44   0x08003b44   0x0000002c   Code   RO         7979    i.rt_application_init  components.o
    0x08003b70   0x08003b70   0x0000001c   Code   RO         7980    i.rt_components_board_init  components.o
    0x08003b8c   0x08003b8c   0x0000001c   Code   RO         7981    i.rt_components_init  components.o
    0x08003ba8   0x08003ba8   0x00000028   Code   RO         8432    i.rt_console_set_device  kservice.o
    0x08003bd0   0x08003bd0   0x00000030   Code   RO         8051    i.rt_device_close   device.o
    0x08003c00   0x08003c00   0x00000050   Code   RO         8055    i.rt_device_find    device.o
    0x08003c50   0x08003c50   0x000000a8   Code   RO         8058    i.rt_device_open    device.o
    0x08003cf8   0x08003cf8   0x0000002c   Code   RO         8064    i.rt_device_write   device.o
    0x08003d24   0x08003d24   0x0000001c   Code   RO         8749    i.rt_enter_critical  scheduler.o
    0x08003d40   0x08003d40   0x00000030   Code   RO         8750    i.rt_exit_critical  scheduler.o
    0x08003d70   0x08003d70   0x000000c4   Code   RO         8619    i.rt_free           mem.o
    0x08003e34   0x08003e34   0x00000008   Code   RO         6801    i.rt_heap_begin_get  board.o
    0x08003e3c   0x08003e3c   0x00000008   Code   RO         6802    i.rt_heap_end_get   board.o
    0x08003e44   0x08003e44   0x0000009c   Code   RO         6803    i.rt_hw_board_init  board.o
    0x08003ee0   0x08003ee0   0x0000004c   Code   RO         6804    i.rt_hw_console_output  board.o
    0x08003f2c   0x08003f2c   0x00000104   Code   RO         9039    i.rt_hw_hard_fault_exception  cpuport.o
    0x08004030   0x08004030   0x00000040   Code   RO         9040    i.rt_hw_stack_init  cpuport.o
    0x08004070   0x08004070   0x0000001c   Code   RO         8401    i.rt_interrupt_enter  irq.o
    0x0800408c   0x0800408c   0x0000000c   Code   RO         8402    i.rt_interrupt_get_nest  irq.o
    0x08004098   0x08004098   0x0000001c   Code   RO         8403    i.rt_interrupt_leave  irq.o
    0x080040b4   0x080040b4   0x0000000e   Code   RO         8181    i.rt_ipc_list_resume  ipc.o
    0x080040c2   0x080040c2   0x0000005c   Code   RO         8183    i.rt_ipc_list_suspend  ipc.o
    0x0800411e   0x0800411e   0x00000002   PAD
    0x08004120   0x08004120   0x0000004c   Code   RO         8436    i.rt_kprintf        kservice.o
    0x0800416c   0x0800416c   0x0000000e   Code   RO         8679    i.rt_list_insert_after  object.o
    0x0800417a   0x0800417a   0x0000000e   Code   RO         8817    i.rt_list_insert_after  thread.o
    0x08004188   0x08004188   0x0000000e   Code   RO         8933    i.rt_list_insert_after  timer.o
    0x08004196   0x08004196   0x0000000e   Code   RO         8184    i.rt_list_insert_before  ipc.o
    0x080041a4   0x080041a4   0x0000000e   Code   RO         8185    i.rt_list_isempty   ipc.o
    0x080041b2   0x080041b2   0x0000000e   Code   RO         8934    i.rt_list_isempty   timer.o
    0x080041c0   0x080041c0   0x00000012   Code   RO         8680    i.rt_list_remove    object.o
    0x080041d2   0x080041d2   0x00000012   Code   RO         8818    i.rt_list_remove    thread.o
    0x080041e4   0x080041e4   0x00000104   Code   RO         8620    i.rt_malloc         mem.o
    0x080042e8   0x080042e8   0x0000004e   Code   RO         8440    i.rt_memcpy         kservice.o
    0x08004336   0x08004336   0x00000046   Code   RO         8442    i.rt_memset         kservice.o
    0x0800437c   0x0800437c   0x00000064   Code   RO         8198    i.rt_mq_init        ipc.o
    0x080043e0   0x080043e0   0x000000f0   Code   RO         8199    i.rt_mq_recv        ipc.o
    0x080044d0   0x080044d0   0x00000086   Code   RO         8200    i.rt_mq_send        ipc.o
    0x08004556   0x08004556   0x00000080   Code   RO         8201    i.rt_mq_urgent      ipc.o
    0x080045d6   0x080045d6   0x0000002a   Code   RO         8203    i.rt_mutex_create   ipc.o
    0x08004600   0x08004600   0x00000092   Code   RO         8207    i.rt_mutex_release  ipc.o
    0x08004692   0x08004692   0x000000b8   Code   RO         8208    i.rt_mutex_take     ipc.o
    0x0800474a   0x0800474a   0x0000004a   Code   RO         8681    i.rt_object_allocate  object.o
    0x08004794   0x08004794   0x00000022   Code   RO         8682    i.rt_object_delete  object.o
    0x080047b6   0x080047b6   0x0000001c   Code   RO         8683    i.rt_object_detach  object.o
    0x080047d2   0x080047d2   0x00000002   PAD
    0x080047d4   0x080047d4   0x00000024   Code   RO         8685    i.rt_object_get_information  object.o
    0x080047f8   0x080047f8   0x0000003c   Code   RO         8686    i.rt_object_init    object.o
    0x08004834   0x08004834   0x0000000e   Code   RO         8687    i.rt_object_is_systemobject  object.o
    0x08004842   0x08004842   0x00000002   PAD
    0x08004844   0x08004844   0x00000074   Code   RO         8751    i.rt_schedule       scheduler.o
    0x080048b8   0x080048b8   0x0000004c   Code   RO         8752    i.rt_schedule_insert_thread  scheduler.o
    0x08004904   0x08004904   0x00000054   Code   RO         8753    i.rt_schedule_remove_thread  scheduler.o
    0x08004958   0x08004958   0x00000026   Code   RO         8213    i.rt_sem_init       ipc.o
    0x0800497e   0x0800497e   0x00000040   Code   RO         8214    i.rt_sem_release    ipc.o
    0x080049be   0x080049be   0x0000006e   Code   RO         8215    i.rt_sem_take       ipc.o
    0x08004a2c   0x08004a2c   0x00000024   Code   RO         8443    i.rt_set_errno      kservice.o
    0x08004a50   0x08004a50   0x00000020   Code   RO         8451    i.rt_strncmp        kservice.o
    0x08004a70   0x08004a70   0x00000026   Code   RO         8452    i.rt_strncpy        kservice.o
    0x08004a96   0x08004a96   0x00000002   PAD
    0x08004a98   0x08004a98   0x000000b0   Code   RO         8623    i.rt_system_heap_init  mem.o
    0x08004b48   0x08004b48   0x00000034   Code   RO         8754    i.rt_system_scheduler_init  scheduler.o
    0x08004b7c   0x08004b7c   0x00000028   Code   RO         8755    i.rt_system_scheduler_start  scheduler.o
    0x08004ba4   0x08004ba4   0x00000018   Code   RO         8935    i.rt_system_timer_init  timer.o
    0x08004bbc   0x08004bbc   0x00000002   Code   RO         8936    i.rt_system_timer_thread_init  timer.o
    0x08004bbe   0x08004bbe   0x0000006a   Code   RO         8819    i.rt_thread_control  thread.o
    0x08004c28   0x08004c28   0x0000004c   Code   RO         8820    i.rt_thread_create  thread.o
    0x08004c74   0x08004c74   0x00000004   Code   RO         8821    i.rt_thread_delay   thread.o
    0x08004c78   0x08004c78   0x00000040   Code   RO         8822    i.rt_thread_delete  thread.o
    0x08004cb8   0x08004cb8   0x00000058   Code   RO         8824    i.rt_thread_exit    thread.o
    0x08004d10   0x08004d10   0x00000006   Code   RO         8142    i.rt_thread_idle_entry  idle.o
    0x08004d16   0x08004d16   0x00000002   PAD
    0x08004d18   0x08004d18   0x0000007c   Code   RO         8143    i.rt_thread_idle_excute  idle.o
    0x08004d94   0x08004d94   0x00000040   Code   RO         8145    i.rt_thread_idle_init  idle.o
    0x08004dd4   0x08004dd4   0x00000038   Code   RO         8826    i.rt_thread_init    thread.o
    0x08004e0c   0x08004e0c   0x0000003c   Code   RO         8827    i.rt_thread_resume  thread.o
    0x08004e48   0x08004e48   0x0000000c   Code   RO         8828    i.rt_thread_self    thread.o
    0x08004e54   0x08004e54   0x00000040   Code   RO         8829    i.rt_thread_sleep   thread.o
    0x08004e94   0x08004e94   0x00000026   Code   RO         8830    i.rt_thread_startup  thread.o
    0x08004eba   0x08004eba   0x00000042   Code   RO         8831    i.rt_thread_suspend  thread.o
    0x08004efc   0x08004efc   0x00000020   Code   RO         8832    i.rt_thread_timeout  thread.o
    0x08004f1c   0x08004f1c   0x00000060   Code   RO         8833    i.rt_thread_yield   thread.o
    0x08004f7c   0x08004f7c   0x0000000c   Code   RO         7939    i.rt_tick_get       clock.o
    0x08004f88   0x08004f88   0x0000002c   Code   RO         7940    i.rt_tick_increase  clock.o
    0x08004fb4   0x08004fb4   0x0000006c   Code   RO         8937    i.rt_timer_check    timer.o
    0x08005020   0x08005020   0x00000034   Code   RO         8938    i.rt_timer_control  timer.o
    0x08005054   0x08005054   0x00000020   Code   RO         8941    i.rt_timer_detach   timer.o
    0x08005074   0x08005074   0x0000002a   Code   RO         8942    i.rt_timer_init     timer.o
    0x0800509e   0x0800509e   0x00000002   PAD
    0x080050a0   0x080050a0   0x000000d4   Code   RO         8945    i.rt_timer_start    timer.o
    0x08005174   0x08005174   0x0000002e   Code   RO         8946    i.rt_timer_stop     timer.o
    0x080051a2   0x080051a2   0x00000004   Code   RO         7982    i.rti_board_end     components.o
    0x080051a6   0x080051a6   0x00000004   Code   RO         7983    i.rti_board_start   components.o
    0x080051aa   0x080051aa   0x00000004   Code   RO         7984    i.rti_end           components.o
    0x080051ae   0x080051ae   0x00000004   Code   RO         7985    i.rti_start         components.o
    0x080051b2   0x080051b2   0x00000026   Code   RO         7986    i.rtthread_startup  components.o
    0x080051d8   0x080051d8   0x00000012   Code   RO         6871    i.sbus_convert_to_control  vcu_gateway.o
    0x080051ea   0x080051ea   0x00000028   Code   RO         6872    i.sbus_decode_25b_to_channels  vcu_gateway.o
    0x08005212   0x08005212   0x00000144   Code   RO         6640    i.sbus_decode_frame  sbus_agmo.o
    0x08005356   0x08005356   0x00000004   Code   RO         6873    i.sbus_get_frame_25b  vcu_gateway.o
    0x0800535a   0x0800535a   0x00000002   PAD
    0x0800535c   0x0800535c   0x00000030   Code   RO         6641    i.sbus_mq_init      sbus_agmo.o
    0x0800538c   0x0800538c   0x000000e8   Code   RO         6874    i.sbus_thread_entry  vcu_gateway.o
    0x08005474   0x08005474   0x0000004c   Code   RO         6875    i.sbus_to_cmd       vcu_gateway.o
    0x080054c0   0x080054c0   0x00000130   Code   RO         6876    i.vcu_gateway_init  vcu_gateway.o
    0x080055f0   0x080055f0   0x00000040   Data   RO         6975    .constdata          dac.o
    0x08005630   0x08005630   0x00000122   Data   RO         8459    .constdata          kservice.o
    0x08005752   0x08005752   0x00000002   PAD
    0x08005754   0x08005754   0x00000004   Data   RO         7987    .rti_fn.0           components.o
    0x08005758   0x08005758   0x00000004   Data   RO         7988    .rti_fn.0.end       components.o
    0x0800575c   0x0800575c   0x00000004   Data   RO         7989    .rti_fn.1.end       components.o
    0x08005760   0x08005760   0x00000004   Data   RO         7990    .rti_fn.6.end       components.o
    0x08005764   0x08005764   0x00000020   Data   RO         9474    Region$$Table       anon$$obj.o


    Execution Region RW_IRAM2 (Exec base: 0x10000000, Load base: 0x080057d8, Size: 0x00000000, Max: 0x00010000, ABSOLUTE)

    **** No section assigned to this execution region ****


    Execution Region RW_IRAM1 (Exec base: 0x20000000, Load base: 0x08005784, Size: 0x00002cd0, Max: 0x00020000, ABSOLUTE, COMPRESSED[0x00000054])

    Exec Addr    Load Addr    Size         Type   Attr      Idx    E Section Name        Object

    0x20000000   COMPRESSED   0x00000014   Data   RW           15    .data               system_stm32f4xx.o
    0x20000014   COMPRESSED   0x00000010   Data   RW         2864    .data               stm32f4xx_rcc.o
    0x20000024   COMPRESSED   0x00000001   Data   RW         5270    .data               can.o
    0x20000025   COMPRESSED   0x00000001   Data   RW         5760    .data               485_4.o
    0x20000026   COMPRESSED   0x00000001   Data   RW         5831    .data               485_3.o
    0x20000027   COMPRESSED   0x00000001   Data   RW         5900    .data               232_2.o
    0x20000028   COMPRESSED   0x00000004   Data   RW         5960    .data               232_1_modbus.o
    0x2000002c   COMPRESSED   0x00000008   Data   RW         6408    .data               ec800_usart.o
    0x20000034   COMPRESSED   0x00000014   Data   RW         6584    .data               can_agmo.o
    0x20000048   COMPRESSED   0x00000002   Data   RW         6643    .data               sbus_agmo.o
    0x2000004a   COMPRESSED   0x00000002   Data   RW         6691    .data               main.o
    0x2000004c   COMPRESSED   0x00000008   Data   RW         6879    .data               vcu_gateway.o
    0x20000054   COMPRESSED   0x00000008   Data   RW         7019    .data               delay.o
    0x2000005c   COMPRESSED   0x00000004   Data   RW         7077    .data               pwm.o
    0x20000060   COMPRESSED   0x00000004   Data   RW         7942    .data               clock.o
    0x20000064   COMPRESSED   0x00000001   Data   RW         8404    .data               irq.o
    0x20000065   COMPRESSED   0x00000003   PAD
    0x20000068   COMPRESSED   0x00000008   Data   RW         8460    .data               kservice.o
    0x20000070   COMPRESSED   0x00000018   Data   RW         8625    .data               mem.o
    0x20000088   COMPRESSED   0x00000070   Data   RW         8689    .data               object.o
    0x200000f8   COMPRESSED   0x00000014   Data   RW         8757    .data               scheduler.o
    0x2000010c   COMPRESSED   0x0000000c   Data   RW         8947    .data               timer.o
    0x20000118   COMPRESSED   0x00000004   Data   RW         9041    .data               cpuport.o
    0x2000011c   COMPRESSED   0x00000004   Data   RW         9042    .data               cpuport.o
    0x20000120   COMPRESSED   0x00000004   Data   RW         9043    .data               cpuport.o
    0x20000124   COMPRESSED   0x00000004   Data   RW         9044    .data               cpuport.o
    0x20000128   COMPRESSED   0x00000004   Data   RW         9104    .data               mc_w.l(stdout.o)
    0x2000012c        -       0x0000000a   Zero   RW         4985    .bss                ad.o
    0x20000136   COMPRESSED   0x00000002   PAD
    0x20000138        -       0x00000014   Zero   RW         5263    .bss                can.o
    0x2000014c        -       0x000000c8   Zero   RW         5959    .bss                232_1_modbus.o
    0x20000214        -       0x00000190   Zero   RW         6583    .bss                can_agmo.o
    0x200003a4        -       0x00000115   Zero   RW         6642    .bss                sbus_agmo.o
    0x200004b9   COMPRESSED   0x00000003   PAD
    0x200004bc        -       0x00002000   Zero   RW         6806    .bss                board.o
    0x200024bc        -       0x0000007c   Zero   RW         6877    .bss                vcu_gateway.o
    0x20002538        -       0x00000080   Zero   RW         6974    .bss                dac.o
    0x200025b8        -       0x00000178   Zero   RW         8146    .bss                idle.o
    0x20002730        -       0x00000080   Zero   RW         8458    .bss                kservice.o
    0x200027b0        -       0x00000020   Zero   RW         8624    .bss                mem.o
    0x200027d0        -       0x00000100   Zero   RW         8756    .bss                scheduler.o
    0x200028d0        -       0x00000400   Zero   RW            1    STACK               startup_stm32f40_41xxx.o


==============================================================================

Image component sizes


      Code (inc. data)   RO Data    RW Data    ZI Data      Debug   Object Name

       290         24          0          4        200       2852   232_1_modbus.o
       286         28          0          1          0       2805   232_2.o
        64         14          0          1          0        899   485_3.o
        64         14          0          1          0        882   485_4.o
       300         18          0          0         10      11917   ad.o
       266         28          0          0       8192      30297   board.o
       502         16          0          1         20       6662   can.o
       436         94          0         20        400       5392   can_agmo.o
        56         12          0          4          0       1453   clock.o
       182         28         16          0          0       6852   components.o
       272         26          0          0          0        896   context_rvds.o
       324        166          0         16          0       3962   cpuport.o
       358         30         64          0        128       3114   dac.o
       148         16          0          8          0       1856   delay.o
       340         56          0          0          0       3846   device.o
       362         36          0          8          0       3595   ec800_usart.o
       214         28          0          0        376       5610   idle.o
        88         14          0          0          0        609   io_10_in.o
      1320          0          0          0          0      15100   ipc.o
        68         18          0          1          0       2466   irq.o
       442         26        290          8        128       9795   kservice.o
        64          4          0          0          0        587   led.o
        60         34          0          2          0       2184   main.o
       716        172          0         24         32       4548   mem.o
       124         16          0          0          0     253255   misc.o
       588        382          0          0          0       1463   mpu6050.o
       308         20          0          0          0       4802   myiic.o
       278          6          0        112          0       8692   object.o
       198         18          0          4          0       2138   pwm.o
       528         30          0          2        277       7005   sbus_agmo.o
       210         14          0          0          0       1312   sbus_uart.o
       444         58          0         20        256       8710   scheduler.o
       236          8          0          0          0       1784   spi.o
        36          8        392          0       1024        932   startup_stm32f40_41xxx.o
       314         20          0          0          0      21843   stm32f4xx_adc.o
      1380         42          0          0          0      17881   stm32f4xx_can.o
       104         16          0          0          0       7478   stm32f4xx_dac.o
       108          4          0          0          0      15193   stm32f4xx_dma.o
       186          0          0          0          0      10946   stm32f4xx_gpio.o
       136         44          0          0          0       4819   stm32f4xx_it.o
       272         36          0         16          0      21136   stm32f4xx_rcc.o
        80          0          0          0          0      10165   stm32f4xx_spi.o
       230         28          0          0          0      25766   stm32f4xx_tim.o
       376          8          0          0          0      12951   stm32f4xx_usart.o
       276         34          0         20          0      80417   system_stm32f4xx.o
       296        168          0          0          0       1368   th.o
       914         44          0          0          0      14430   thread.o
       618         14          0         12          0      11676   timer.o
      2224        186          0          8        124      17468   vcu_gateway.o

    ----------------------------------------------------------------------
     17736       2106        796        296      11172     691809   Object Totals
         0          0         32          0          0          0   (incl. Generated)
        50          0          2          3          5          0   (incl. Padding)

    ----------------------------------------------------------------------

      Code (inc. data)   RO Data    RW Data    ZI Data      Debug   Library Member Name

        86          0          0          0          0          0   __dczerorl2.o
         0          0          0          0          0          0   entry.o
         0          0          0          0          0          0   entry10a.o
         0          0          0          0          0          0   entry11a.o
         4          0          0          0          0          0   entry12b.o
         8          4          0          0          0          0   entry2.o
         4          0          0          0          0          0   entry5.o
         0          0          0          0          0          0   entry7b.o
         0          0          0          0          0          0   entry8b.o
         8          4          0          0          0          0   entry9a.o
        18          0          0          0          0         80   fputc.o
        30          0          0          0          0          0   handlers.o
        36          8          0          0          0         68   init.o
         0          0          0          0          0          0   iusefp.o
         0          0          0          0          0          0   iusesemip.o
        30          0          0          0          0         68   llshl.o
        36          0          0          0          0         68   llsshr.o
        32          0          0          0          0         68   llushr.o
        36          0          0          0          0         68   memcpya.o
        36          0          0          0          0        108   memseta.o
      2292         96          0          0          0        612   printfa.o
         0          0          0          0          0          0   semi.o
         0          0          0          4          0          0   stdout.o
        44          0          0          0          0         80   uidiv.o
        98          0          0          0          0         92   uldiv.o
        48          0          0          0          0         68   cdrcmple.o
       334          0          0          0          0        148   dadd.o
       222          0          0          0          0        100   ddiv.o
       186          0          0          0          0        176   depilogue.o
        48          0          0          0          0         68   dfixul.o
       228          0          0          0          0         96   dmul.o

    ----------------------------------------------------------------------
      3872        112          0          4          0       1968   Library Totals
         8          0          0          0          0          0   (incl. Padding)

    ----------------------------------------------------------------------

      Code (inc. data)   RO Data    RW Data    ZI Data      Debug   Library Name

      2798        112          0          4          0       1312   mc_w.l
      1066          0          0          0          0        656   mf_w.l

    ----------------------------------------------------------------------
      3872        112          0          4          0       1968   Library Totals

    ----------------------------------------------------------------------

==============================================================================


      Code (inc. data)   RO Data    RW Data    ZI Data      Debug   

     21608       2218        796        300      11172     669621   Grand Totals
     21608       2218        796         84      11172     669621   ELF Image Totals (compressed)
     21608       2218        796         84          0          0   ROM Totals

==============================================================================

    Total RO  Size (Code + RO Data)                22404 (  21.88kB)
    Total RW  Size (RW Data + ZI Data)             11472 (  11.20kB)
    Total ROM Size (Code + RO Data + RW Data)      22488 (  21.96kB)

==============================================================================

